Archive member included to satisfy reference by file (symbol)

C:/ST/STM32CubeIDE_1.15.1/STM32CubeIDE/plugins/com.st.stm32cube.ide.mcu.externaltools.gnu-tools-for-stm32.12.3.rel1.win32_1.0.100.202403111256/tools/bin/../lib/gcc/arm-none-eabi/12.3.1/../../../../arm-none-eabi/lib/thumb/v7e-m+fp/hard\libc_nano.a(libc_a-exit.o)
                              C:/ST/STM32CubeIDE_1.15.1/STM32CubeIDE/plugins/com.st.stm32cube.ide.mcu.externaltools.gnu-tools-for-stm32.12.3.rel1.win32_1.0.100.202403111256/tools/bin/../lib/gcc/arm-none-eabi/12.3.1/../../../../arm-none-eabi/lib/thumb/v7e-m+fp/hard/crt0.o (exit)
C:/ST/STM32CubeIDE_1.15.1/STM32CubeIDE/plugins/com.st.stm32cube.ide.mcu.externaltools.gnu-tools-for-stm32.12.3.rel1.win32_1.0.100.202403111256/tools/bin/../lib/gcc/arm-none-eabi/12.3.1/../../../../arm-none-eabi/lib/thumb/v7e-m+fp/hard\libc_nano.a(libc_a-malloc.o)
                              ./Middlewares/ST/STM32_USB_Device_Library/Class/CustomHID/Src/usbd_customhid.o (malloc)
C:/ST/STM32CubeIDE_1.15.1/STM32CubeIDE/plugins/com.st.stm32cube.ide.mcu.externaltools.gnu-tools-for-stm32.12.3.rel1.win32_1.0.100.202403111256/tools/bin/../lib/gcc/arm-none-eabi/12.3.1/../../../../arm-none-eabi/lib/thumb/v7e-m+fp/hard\libc_nano.a(libc_a-mallocr.o)
                              C:/ST/STM32CubeIDE_1.15.1/STM32CubeIDE/plugins/com.st.stm32cube.ide.mcu.externaltools.gnu-tools-for-stm32.12.3.rel1.win32_1.0.100.202403111256/tools/bin/../lib/gcc/arm-none-eabi/12.3.1/../../../../arm-none-eabi/lib/thumb/v7e-m+fp/hard\libc_nano.a(libc_a-malloc.o) (_malloc_r)
C:/ST/STM32CubeIDE_1.15.1/STM32CubeIDE/plugins/com.st.stm32cube.ide.mcu.externaltools.gnu-tools-for-stm32.12.3.rel1.win32_1.0.100.202403111256/tools/bin/../lib/gcc/arm-none-eabi/12.3.1/../../../../arm-none-eabi/lib/thumb/v7e-m+fp/hard\libc_nano.a(libc_a-mlock.o)
                              C:/ST/STM32CubeIDE_1.15.1/STM32CubeIDE/plugins/com.st.stm32cube.ide.mcu.externaltools.gnu-tools-for-stm32.12.3.rel1.win32_1.0.100.202403111256/tools/bin/../lib/gcc/arm-none-eabi/12.3.1/../../../../arm-none-eabi/lib/thumb/v7e-m+fp/hard\libc_nano.a(libc_a-mallocr.o) (__malloc_lock)
C:/ST/STM32CubeIDE_1.15.1/STM32CubeIDE/plugins/com.st.stm32cube.ide.mcu.externaltools.gnu-tools-for-stm32.12.3.rel1.win32_1.0.100.202403111256/tools/bin/../lib/gcc/arm-none-eabi/12.3.1/../../../../arm-none-eabi/lib/thumb/v7e-m+fp/hard\libc_nano.a(libc_a-findfp.o)
                              C:/ST/STM32CubeIDE_1.15.1/STM32CubeIDE/plugins/com.st.stm32cube.ide.mcu.externaltools.gnu-tools-for-stm32.12.3.rel1.win32_1.0.100.202403111256/tools/bin/../lib/gcc/arm-none-eabi/12.3.1/../../../../arm-none-eabi/lib/thumb/v7e-m+fp/hard\libc_nano.a(libc_a-exit.o) (__stdio_exit_handler)
C:/ST/STM32CubeIDE_1.15.1/STM32CubeIDE/plugins/com.st.stm32cube.ide.mcu.externaltools.gnu-tools-for-stm32.12.3.rel1.win32_1.0.100.202403111256/tools/bin/../lib/gcc/arm-none-eabi/12.3.1/../../../../arm-none-eabi/lib/thumb/v7e-m+fp/hard\libc_nano.a(libc_a-fwalk.o)
                              C:/ST/STM32CubeIDE_1.15.1/STM32CubeIDE/plugins/com.st.stm32cube.ide.mcu.externaltools.gnu-tools-for-stm32.12.3.rel1.win32_1.0.100.202403111256/tools/bin/../lib/gcc/arm-none-eabi/12.3.1/../../../../arm-none-eabi/lib/thumb/v7e-m+fp/hard\libc_nano.a(libc_a-findfp.o) (_fwalk_sglue)
C:/ST/STM32CubeIDE_1.15.1/STM32CubeIDE/plugins/com.st.stm32cube.ide.mcu.externaltools.gnu-tools-for-stm32.12.3.rel1.win32_1.0.100.202403111256/tools/bin/../lib/gcc/arm-none-eabi/12.3.1/../../../../arm-none-eabi/lib/thumb/v7e-m+fp/hard\libc_nano.a(libc_a-stdio.o)
                              C:/ST/STM32CubeIDE_1.15.1/STM32CubeIDE/plugins/com.st.stm32cube.ide.mcu.externaltools.gnu-tools-for-stm32.12.3.rel1.win32_1.0.100.202403111256/tools/bin/../lib/gcc/arm-none-eabi/12.3.1/../../../../arm-none-eabi/lib/thumb/v7e-m+fp/hard\libc_nano.a(libc_a-findfp.o) (__sread)
C:/ST/STM32CubeIDE_1.15.1/STM32CubeIDE/plugins/com.st.stm32cube.ide.mcu.externaltools.gnu-tools-for-stm32.12.3.rel1.win32_1.0.100.202403111256/tools/bin/../lib/gcc/arm-none-eabi/12.3.1/../../../../arm-none-eabi/lib/thumb/v7e-m+fp/hard\libc_nano.a(libc_a-memset.o)
                              C:/ST/STM32CubeIDE_1.15.1/STM32CubeIDE/plugins/com.st.stm32cube.ide.mcu.externaltools.gnu-tools-for-stm32.12.3.rel1.win32_1.0.100.202403111256/tools/bin/../lib/gcc/arm-none-eabi/12.3.1/../../../../arm-none-eabi/lib/thumb/v7e-m+fp/hard/crt0.o (memset)
C:/ST/STM32CubeIDE_1.15.1/STM32CubeIDE/plugins/com.st.stm32cube.ide.mcu.externaltools.gnu-tools-for-stm32.12.3.rel1.win32_1.0.100.202403111256/tools/bin/../lib/gcc/arm-none-eabi/12.3.1/../../../../arm-none-eabi/lib/thumb/v7e-m+fp/hard\libc_nano.a(libc_a-closer.o)
                              C:/ST/STM32CubeIDE_1.15.1/STM32CubeIDE/plugins/com.st.stm32cube.ide.mcu.externaltools.gnu-tools-for-stm32.12.3.rel1.win32_1.0.100.202403111256/tools/bin/../lib/gcc/arm-none-eabi/12.3.1/../../../../arm-none-eabi/lib/thumb/v7e-m+fp/hard\libc_nano.a(libc_a-stdio.o) (_close_r)
[...]
Memory Configuration

Name             Origin             Length             Attributes
RAM              0x20000000         0x00050000         xrw
FLASH            0x08000000         0x00100000         xr
*default*        0x00000000         0xffffffff

Linker script and memory map

LOAD C:/ST/STM32CubeIDE_1.15.1/STM32CubeIDE/plugins/com.st.stm32cube.ide.mcu.externaltools.gnu-tools-for-stm32.12.3.rel1.win32_1.0.100.202403111256/tools/bin/../lib/gcc/arm-none-eabi/12.3.1/thumb/v7e-m+fp/hard/crti.o
LOAD C:/ST/STM32CubeIDE_1.15.1/STM32CubeIDE/plugins/com.st.stm32cube.ide.mcu.externaltools.gnu-tools-for-stm32.12.3.rel1.win32_1.0.100.202403111256/tools/bin/../lib/gcc/arm-none-eabi/12.3.1/thumb/v7e-m+fp/hard/crtbegin.o
LOAD C:/ST/STM32CubeIDE_1.15.1/STM32CubeIDE/plugins/com.st.stm32cube.ide.mcu.externaltools.gnu-tools-for-stm32.12.3.rel1.win32_1.0.100.202403111256/tools/bin/../lib/gcc/arm-none-eabi/12.3.1/../../../../arm-none-eabi/lib/thumb/v7e-m+fp/hard/crt0.o
LOAD ./Core/Src/DAP.o
LOAD ./Core/Src/DAP_vendor.o
LOAD ./Core/Src/JTAG_DP.o
LOAD ./Core/Src/SWO.o
LOAD ./Core/Src/SW_DP.o
LOAD ./Core/Src/UART.o
LOAD ./Core/Src/arm.o
LOAD ./Core/Src/dpacc.o
LOAD ./Core/Src/jtag.o
LOAD ./Core/Src/main.o
LOAD ./Core/Src/stm32f7xx_hal_msp.o
LOAD ./Core/Src/stm32f7xx_it.o
LOAD ./Core/Src/syscalls.o
LOAD ./Core/Src/sysmem.o
LOAD ./Core/Src/system_stm32f7xx.o
LOAD ./Core/Startup/startup_stm32f746zgtx.o
LOAD ./Drivers/STM32F7xx_HAL_Driver/Src/stm32f7xx_hal.o
LOAD ./Drivers/STM32F7xx_HAL_Driver/Src/stm32f7xx_hal_cortex.o
LOAD ./Drivers/STM32F7xx_HAL_Driver/Src/stm32f7xx_hal_dma.o
LOAD ./Drivers/STM32F7xx_HAL_Driver/Src/stm32f7xx_hal_dma_ex.o
LOAD ./Drivers/STM32F7xx_HAL_Driver/Src/stm32f7xx_hal_eth.o
LOAD ./Drivers/STM32F7xx_HAL_Driver/Src/stm32f7xx_hal_exti.o
LOAD ./Drivers/STM32F7xx_HAL_Driver/Src/stm32f7xx_hal_flash.o
LOAD ./Drivers/STM32F7xx_HAL_Driver/Src/stm32f7xx_hal_flash_ex.o
LOAD ./Drivers/STM32F7xx_HAL_Driver/Src/stm32f7xx_hal_gpio.o
LOAD ./Drivers/STM32F7xx_HAL_Driver/Src/stm32f7xx_hal_i2c.o
LOAD ./Drivers/STM32F7xx_HAL_Driver/Src/stm32f7xx_hal_i2c_ex.o
LOAD ./Drivers/STM32F7xx_HAL_Driver/Src/stm32f7xx_hal_pcd.o
LOAD ./Drivers/STM32F7xx_HAL_Driver/Src/stm32f7xx_hal_pcd_ex.o
LOAD ./Drivers/STM32F7xx_HAL_Driver/Src/stm32f7xx_hal_pwr.o
LOAD ./Drivers/STM32F7xx_HAL_Driver/Src/stm32f7xx_hal_pwr_ex.o
LOAD ./Drivers/STM32F7xx_HAL_Driver/Src/stm32f7xx_hal_rcc.o
LOAD ./Drivers/STM32F7xx_HAL_Driver/Src/stm32f7xx_hal_rcc_ex.o
LOAD ./Drivers/STM32F7xx_HAL_Driver/Src/stm32f7xx_hal_spi.o
LOAD ./Drivers/STM32F7xx_HAL_Driver/Src/stm32f7xx_hal_spi_ex.o
LOAD ./Drivers/STM32F7xx_HAL_Driver/Src/stm32f7xx_hal_tim.o
LOAD ./Drivers/STM32F7xx_HAL_Driver/Src/stm32f7xx_hal_tim_ex.o
LOAD ./Drivers/STM32F7xx_HAL_Driver/Src/stm32f7xx_hal_uart.o
LOAD ./Drivers/STM32F7xx_HAL_Driver/Src/stm32f7xx_hal_uart_ex.o
LOAD ./Drivers/STM32F7xx_HAL_Driver/Src/stm32f7xx_ll_usb.o
LOAD ./Middlewares/ST/STM32_USB_Device_Library/Class/CustomHID/Src/usbd_customhid.o
LOAD ./Middlewares/ST/STM32_USB_Device_Library/Core/Src/usbd_core.o
LOAD ./Middlewares/ST/STM32_USB_Device_Library/Core/Src/usbd_ctlreq.o
LOAD ./Middlewares/ST/STM32_USB_Device_Library/Core/Src/usbd_ioreq.o
LOAD ./USB_DEVICE/App/usb_device.o
LOAD ./USB_DEVICE/App/usbd_custom_hid_if.o
LOAD ./USB_DEVICE/App/usbd_desc.o
LOAD ./USB_DEVICE/Target/usbd_conf.o
START GROUP
LOAD C:/ST/STM32CubeIDE_1.15.1/STM32CubeIDE/plugins/com.st.stm32cube.ide.mcu.externaltools.gnu-tools-for-stm32.12.3.rel1.win32_1.0.100.202403111256/tools/bin/../lib/gcc/arm-none-eabi/12.3.1/../../../../arm-none-eabi/lib/thumb/v7e-m+fp/hard\libc_nano.a
LOAD C:/ST/STM32CubeIDE_1.15.1/STM32CubeIDE/plugins/com.st.stm32cube.ide.mcu.externaltools.gnu-tools-for-stm32.12.3.rel1.win32_1.0.100.202403111256/tools/bin/../lib/gcc/arm-none-eabi/12.3.1/../../../../arm-none-eabi/lib/thumb/v7e-m+fp/hard\libm.a
END GROUP
START GROUP
LOAD C:/ST/STM32CubeIDE_1.15.1/STM32CubeIDE/plugins/com.st.stm32cube.ide.mcu.externaltools.gnu-tools-for-stm32.12.3.rel1.win32_1.0.100.202403111256/tools/bin/../lib/gcc/arm-none-eabi/12.3.1/thumb/v7e-m+fp/hard\libgcc.a
LOAD C:/ST/STM32CubeIDE_1.15.1/STM32CubeIDE/plugins/com.st.stm32cube.ide.mcu.externaltools.gnu-tools-for-stm32.12.3.rel1.win32_1.0.100.202403111256/tools/bin/../lib/gcc/arm-none-eabi/12.3.1/../../../../arm-none-eabi/lib/thumb/v7e-m+fp/hard\libc_nano.a
END GROUP
START GROUP
LOAD C:/ST/STM32CubeIDE_1.15.1/STM32CubeIDE/plugins/com.st.stm32cube.ide.mcu.externaltools.gnu-tools-for-stm32.12.3.rel1.win32_1.0.100.202403111256/tools/bin/../lib/gcc/arm-none-eabi/12.3.1/thumb/v7e-m+fp/hard\libgcc.a
LOAD C:/ST/STM32CubeIDE_1.15.1/STM32CubeIDE/plugins/com.st.stm32cube.ide.mcu.externaltools.gnu-tools-for-stm32.12.3.rel1.win32_1.0.100.202403111256/tools/bin/../lib/gcc/arm-none-eabi/12.3.1/../../../../arm-none-eabi/lib/thumb/v7e-m+fp/hard\libc_nano.a
LOAD C:/ST/STM32CubeIDE_1.15.1/STM32CubeIDE/plugins/com.st.stm32cube.ide.mcu.externaltools.gnu-tools-for-stm32.12.3.rel1.win32_1.0.100.202403111256/tools/bin/../lib/gcc/arm-none-eabi/12.3.1/../../../../arm-none-eabi/lib/thumb/v7e-m+fp/hard\libnosys.a
END GROUP
START GROUP
LOAD C:/ST/STM32CubeIDE_1.15.1/STM32CubeIDE/plugins/com.st.stm32cube.ide.mcu.externaltools.gnu-tools-for-stm32.12.3.rel1.win32_1.0.100.202403111256/tools/bin/../lib/gcc/arm-none-eabi/12.3.1/thumb/v7e-m+fp/hard\libgcc.a
LOAD C:/ST/STM32CubeIDE_1.15.1/STM32CubeIDE/plugins/com.st.stm32cube.ide.mcu.externaltools.gnu-tools-for-stm32.12.3.rel1.win32_1.0.100.202403111256/tools/bin/../lib/gcc/arm-none-eabi/12.3.1/../../../../arm-none-eabi/lib/thumb/v7e-m+fp/hard\libc_nano.a
LOAD C:/ST/STM32CubeIDE_1.15.1/STM32CubeIDE/plugins/com.st.stm32cube.ide.mcu.externaltools.gnu-tools-for-stm32.12.3.rel1.win32_1.0.100.202403111256/tools/bin/../lib/gcc/arm-none-eabi/12.3.1/../../../../arm-none-eabi/lib/thumb/v7e-m+fp/hard\libnosys.a
END GROUP
LOAD C:/ST/STM32CubeIDE_1.15.1/STM32CubeIDE/plugins/com.st.stm32cube.ide.mcu.externaltools.gnu-tools-for-stm32.12.3.rel1.win32_1.0.100.202403111256/tools/bin/../lib/gcc/arm-none-eabi/12.3.1/thumb/v7e-m+fp/hard/crtend.o
LOAD C:/ST/STM32CubeIDE_1.15.1/STM32CubeIDE/plugins/com.st.stm32cube.ide.mcu.externaltools.gnu-tools-for-stm32.12.3.rel1.win32_1.0.100.202403111256/tools/bin/../lib/gcc/arm-none-eabi/12.3.1/thumb/v7e-m+fp/hard/crtn.o
                0x20050000                        _estack = (ORIGIN (RAM) + LENGTH (RAM))
                0x00000200                        _Min_Heap_Size = 0x200
                0x00000400                        _Min_Stack_Size = 0x400

.isr_vector     0x20000000      0x1c8
                0x20000000                        . = ALIGN (0x4)
 *(.isr_vector)
 .isr_vector    0x20000000      0x1c8 ./Core/Startup/startup_stm32f746zgtx.o
                0x20000000                g_pfnVectors
                0x200001c8                        . = ALIGN (0x4)

.text           0x200001c8     0xd530
                0x200001c8                        . = ALIGN (0x4)
 *(.text)
 .text          0x200001c8       0x40 C:/ST/STM32CubeIDE_1.15.1/STM32CubeIDE/plugins/com.st.stm32cube.ide.mcu.externaltools.gnu-tools-for-stm32.12.3.rel1.win32_1.0.100.202403111256/tools/bin/../lib/gcc/arm-none-eabi/12.3.1/thumb/v7e-m+fp/hard/crtbegin.o
 .text          0x20000208       0x30 C:/ST/STM32CubeIDE_1.15.1/STM32CubeIDE/plugins/com.st.stm32cube.ide.mcu.externaltools.gnu-tools-for-stm32.12.3.rel1.win32_1.0.100.202403111256/tools/bin/../lib/gcc/arm-none-eabi/12.3.1/thumb/v7e-m+fp/hard\libgcc.a(_aeabi_uldivmod.o)
                0x20000208                __aeabi_uldivmod
 .text          0x20000238      0x2bc C:/ST/STM32CubeIDE_1.15.1/STM32CubeIDE/plugins/com.st.stm32cube.ide.mcu.externaltools.gnu-tools-for-stm32.12.3.rel1.win32_1.0.100.202403111256/tools/bin/../lib/gcc/arm-none-eabi/12.3.1/thumb/v7e-m+fp/hard\libgcc.a(_udivmoddi4.o)
                0x20000238                __udivmoddi4
 .text          0x200004f4        0x4 C:/ST/STM32CubeIDE_1.15.1/STM32CubeIDE/plugins/com.st.stm32cube.ide.mcu.externaltools.gnu-tools-for-stm32.12.3.rel1.win32_1.0.100.202403111256/tools/bin/../lib/gcc/arm-none-eabi/12.3.1/thumb/v7e-m+fp/hard\libgcc.a(_dvmd_tls.o)
                0x200004f4                __aeabi_idiv0
                0x200004f4                __aeabi_ldiv0
 *(.text*)
 .text.DAP_GetVendorString
                0x200004f8       0x16 ./Core/Src/DAP.o
 .text.DAP_GetProductString
                0x2000050e       0x16 ./Core/Src/DAP.o
 .text.DAP_GetSerNumString
                0x20000524       0x16 ./Core/Src/DAP.o
 .text.DAP_GetTargetDeviceVendorString
                0x2000053a       0x16 ./Core/Src/DAP.o
 .text.DAP_GetTargetDeviceNameString
                0x20000550       0x16 ./Core/Src/DAP.o
 .text.DAP_GetTargetBoardVendorString
                0x20000566       0x16 ./Core/Src/DAP.o
 .text.DAP_GetTargetBoardNameString
                0x2000057c       0x16 ./Core/Src/DAP.o
 .text.DAP_GetProductFirmwareVersionString
                0x20000592       0x16 ./Core/Src/DAP.o
 .text.PORT_OFF
                0x200005a8        0xe ./Core/Src/DAP.o
 .text.PIN_SWCLK_TCK_IN
                0x200005b6       0x10 ./Core/Src/DAP.o
 .text.PIN_SWCLK_TCK_SET
                0x200005c6        0xe ./Core/Src/DAP.o
 .text.PIN_SWCLK_TCK_CLR
                0x200005d4        0xe ./Core/Src/DAP.o
 .text.PIN_SWDIO_TMS_IN
                0x200005e2       0x10 ./Core/Src/DAP.o
 .text.PIN_SWDIO_TMS_SET
                0x200005f2        0xe ./Core/Src/DAP.o
 .text.PIN_SWDIO_TMS_CLR
                0x20000600        0xe ./Core/Src/DAP.o
 .text.PIN_SWDIO_OUT_ENABLE
                0x2000060e        0xe ./Core/Src/DAP.o
 .text.PIN_SWDIO_OUT_DISABLE
                0x2000061c        0xe ./Core/Src/DAP.o
 .text.PIN_TDI_IN
                0x2000062a       0x10 ./Core/Src/DAP.o
 .text.PIN_TDI_OUT
                0x2000063a       0x14 ./Core/Src/DAP.o
 .text.PIN_TDO_IN
                0x2000064e       0x10 ./Core/Src/DAP.o
 .text.PIN_nTRST_IN
                0x2000065e       0x10 ./Core/Src/DAP.o
 .text.PIN_nTRST_OUT
                0x2000066e       0x14 ./Core/Src/DAP.o
 *fill*         0x20000682        0x2 
 .text.PIN_nRESET_IN
                0x20000684       0x18 ./Core/Src/DAP.o
 .text.PIN_nRESET_OUT
                0x2000069c       0x30 ./Core/Src/DAP.o
 .text.LED_CONNECTED_OUT
                0x200006cc       0x34 ./Core/Src/DAP.o
 .text.LED_RUNNING_OUT
                0x20000700       0x30 ./Core/Src/DAP.o
 .text.TIMESTAMP_GET
                0x20000730       0x18 ./Core/Src/DAP.o
 .text.RESET_TARGET
                0x20000748       0x10 ./Core/Src/DAP.o
 .text.Set_Clock_Delay
                0x20000758       0x74 ./Core/Src/DAP.o
 .text.DAP_Info
                0x200007cc      0x180 ./Core/Src/DAP.o
 .text.Delayms  0x2000094c       0x30 ./Core/Src/DAP.o
                0x2000094c                Delayms
 .text.DAP_Delay
                0x2000097c       0x50 ./Core/Src/DAP.o
 .text.DAP_HostStatus
                0x200009cc       0x5c ./Core/Src/DAP.o
 .text.DAP_Connect
                0x20000a28      0x150 ./Core/Src/DAP.o
 .text.DAP_Disconnect
                0x20000b78       0x28 ./Core/Src/DAP.o
 .text.DAP_ResetTarget
                0x20000ba0       0x24 ./Core/Src/DAP.o
 .text.DAP_SWJ_Pins
                0x20000bc4      0x1c8 ./Core/Src/DAP.o
 .text.DAP_SWJ_Clock
                0x20000d8c       0x5c ./Core/Src/DAP.o
 .text.DAP_SWJ_Sequence
                0x20000de8       0x48 ./Core/Src/DAP.o
 .text.DAP_SWD_Configure
                0x20000e30       0x4c ./Core/Src/DAP.o
 .text.DAP_SWD_Sequence
                0x20000e7c       0xc2 ./Core/Src/DAP.o
 .text.DAP_JTAG_Sequence
                0x20000f3e       0x44 ./Core/Src/DAP.o
 *fill*         0x20000f82        0x2 
 .text.DAP_JTAG_Configure
                0x20000f84       0xc0 ./Core/Src/DAP.o
 .text.DAP_JTAG_IDCode
                0x20001044       0x8c ./Core/Src/DAP.o
 .text.DAP_TransferConfigure
                0x200010d0       0x64 ./Core/Src/DAP.o
 .text.DAP_SWD_Transfer
                0x20001134      0x630 ./Core/Src/DAP.o
 .text.DAP_JTAG_Transfer
                0x20001764      0x5fc ./Core/Src/DAP.o
 .text.DAP_Dummy_Transfer
                0x20001d60       0x7e ./Core/Src/DAP.o
 *fill*         0x20001dde        0x2 
 .text.DAP_Transfer
                0x20001de0       0x4c ./Core/Src/DAP.o
 .text.DAP_SWD_TransferBlock
                0x20001e2c      0x218 ./Core/Src/DAP.o
 .text.DAP_JTAG_TransferBlock
                0x20002044      0x24c ./Core/Src/DAP.o
 .text.DAP_TransferBlock
                0x20002290       0x90 ./Core/Src/DAP.o
 .text.DAP_SWD_WriteAbort
                0x20002320       0x4e ./Core/Src/DAP.o
 *fill*         0x2000236e        0x2 
 .text.DAP_JTAG_WriteAbort
                0x20002370       0x70 ./Core/Src/DAP.o
 .text.DAP_WriteAbort
                0x200023e0       0x50 ./Core/Src/DAP.o
 .text.DAP_ProcessCommand
                0x20002430      0x1c8 ./Core/Src/DAP.o
                0x20002430                DAP_ProcessCommand
 .text.DAP_ProcessVendorCommand
                0x200025f8       0xc0 ./Core/Src/DAP_vendor.o
                0x200025f8                DAP_ProcessVendorCommand
 .text.PIN_SWCLK_TCK_SET
                0x200026b8        0xe ./Core/Src/JTAG_DP.o
 .text.PIN_SWCLK_TCK_CLR
                0x200026c6        0xe ./Core/Src/JTAG_DP.o
 .text.PIN_SWDIO_TMS_SET
                0x200026d4        0xe ./Core/Src/JTAG_DP.o
 .text.PIN_SWDIO_TMS_CLR
                0x200026e2        0xe ./Core/Src/JTAG_DP.o
 .text.PIN_TDI_OUT
                0x200026f0       0x14 ./Core/Src/JTAG_DP.o
 .text.PIN_TDO_IN
                0x20002704       0x10 ./Core/Src/JTAG_DP.o
 .text.TIMESTAMP_GET
                0x20002714       0x18 ./Core/Src/JTAG_DP.o
 .text.copy_bits_lsb
                0x2000272c       0xb8 ./Core/Src/JTAG_DP.o
                0x2000272c                copy_bits_lsb
 .text.extract_nbits_lsb
                0x200027e4       0x7c ./Core/Src/JTAG_DP.o
                0x200027e4                extract_nbits_lsb
 .text.write_nbits_lsb
                0x20002860       0xc0 ./Core/Src/JTAG_DP.o
                0x20002860                write_nbits_lsb
 .text.fill_tms_buffer
                0x20002920       0x60 ./Core/Src/JTAG_DP.o
                0x20002920                fill_tms_buffer
 .text.fill_tdi_buffer
                0x20002980       0x5c ./Core/Src/JTAG_DP.o
                0x20002980                fill_tdi_buffer
 .text.calculate_xfer_sizes
                0x200029dc       0xd6 ./Core/Src/JTAG_DP.o
                0x200029dc                calculate_xfer_sizes
 *fill*         0x20002ab2        0x2 
 .text.apply_jtag_xfer
                0x20002ab4      0x218 ./Core/Src/JTAG_DP.o
                0x20002ab4                apply_jtag_xfer
 .text.JTAG_Sequence
                0x20002ccc      0x228 ./Core/Src/JTAG_DP.o
                0x20002ccc                JTAG_Sequence
 .text.JTAG_IR_Fast
                0x20002ef4      0x148 ./Core/Src/JTAG_DP.o
 .text.JTAG_TransferFast
                0x2000303c      0x2a4 ./Core/Src/JTAG_DP.o
 .text.JTAG_IR_Slow
                0x200032e0      0x29c ./Core/Src/JTAG_DP.o
 .text.JTAG_TransferSlow
                0x2000357c      0x5c0 ./Core/Src/JTAG_DP.o
 .text.JTAG_ReadIDCode
                0x20003b3c      0x1b4 ./Core/Src/JTAG_DP.o
                0x20003b3c                JTAG_ReadIDCode
 .text.JTAG_WriteAbort
                0x20003cf0      0x2d0 ./Core/Src/JTAG_DP.o
                0x20003cf0                JTAG_WriteAbort
 .text.JTAG_IR  0x20003fc0       0x2c ./Core/Src/JTAG_DP.o
                0x20003fc0                JTAG_IR
 .text.JTAG_Transfer
                0x20003fec       0x34 ./Core/Src/JTAG_DP.o
                0x20003fec                JTAG_Transfer
 .text.PIN_SWCLK_TCK_SET
                0x20004020        0xe ./Core/Src/SW_DP.o
 .text.PIN_SWCLK_TCK_CLR
                0x2000402e        0xe ./Core/Src/SW_DP.o
 .text.PIN_SWDIO_IN
                0x2000403c       0x10 ./Core/Src/SW_DP.o
 .text.PIN_SWDIO_OUT
                0x2000404c       0x14 ./Core/Src/SW_DP.o
 .text.TIMESTAMP_GET
                0x20004060       0x18 ./Core/Src/SW_DP.o
 .text.SWJ_Sequence
                0x20004078      0x1ec ./Core/Src/SW_DP.o
                0x20004078                SWJ_Sequence
 .text.SWD_Sequence
                0x20004264      0x118 ./Core/Src/SW_DP.o
                0x20004264                SWD_Sequence
 .text.generate_even_parity
                0x2000437c       0x3c ./Core/Src/SW_DP.o
                0x2000437c                generate_even_parity
 .text.check_even_parity
                0x200043b8       0x4a ./Core/Src/SW_DP.o
                0x200043b8                check_even_parity
 *fill*         0x20004402        0x2 
 .text.SWD_Transfer_LL
                0x20004404      0x3f8 ./Core/Src/SW_DP.o
                0x20004404                SWD_Transfer_LL
 .text.SWD_Transfer
                0x200047fc       0x34 ./Core/Src/SW_DP.o
                0x200047fc                SWD_Transfer
 .text.JTAG_GPIO_Write
                0x20004830       0x24 ./Core/Src/jtag.o
                0x20004830                JTAG_GPIO_Write
 .text.JTAG_Delay_ns
                0x20004854       0x16 ./Core/Src/jtag.o
                0x20004854                JTAG_Delay_ns
 *fill*         0x2000486a        0x2 
 .text.JTAG_Reset
                0x2000486c       0x30 ./Core/Src/jtag.o
                0x2000486c                JTAG_Reset
 .text.main     0x2000489c      0x110 ./Core/Src/main.o
                0x2000489c                main
 .text.SystemClock_Config
                0x200049ac       0xdc ./Core/Src/main.o
                0x200049ac                SystemClock_Config
 .text.MX_ETH_Init
                0x20004a88       0x9c ./Core/Src/main.o
 .text.MX_SPI1_Init
                0x20004b24       0x7c ./Core/Src/main.o
 .text.MX_SPI4_Init
                0x20004ba0       0x74 ./Core/Src/main.o
 .text.MX_USART3_UART_Init
                0x20004c14       0x60 ./Core/Src/main.o
 .text.MX_GPIO_Init
                0x20004c74      0x210 ./Core/Src/main.o
 .text.Switch_SPI
                0x20004e84       0x60 ./Core/Src/main.o
                0x20004e84                Switch_SPI
 .text.WaitForComplete
                0x20004ee4       0x24 ./Core/Src/main.o
 .text.xFer     0x20004f08       0x70 ./Core/Src/main.o
 .text.SPI_TMS_Transfer
                0x20004f78       0x64 ./Core/Src/main.o
                0x20004f78                SPI_TMS_Transfer
 .text.SPI_TMSRead
                0x20004fdc       0x44 ./Core/Src/main.o
                0x20004fdc                SPI_TMSRead
 .text.SPI_SwitchPhaseToListen
                0x20005020       0x54 ./Core/Src/main.o
                0x20005020                SPI_SwitchPhaseToListen
 .text.SPI_SwitchPhaseToWrite
                0x20005074       0x54 ./Core/Src/main.o
                0x20005074                SPI_SwitchPhaseToWrite
 .text.SPI_Transfer
                0x200050c8       0x58 ./Core/Src/main.o
                0x200050c8                SPI_Transfer
 .text.Error_Handler
                0x20005120        0xc ./Core/Src/main.o
                0x20005120                Error_Handler
 .text.HAL_MspInit
                0x2000512c       0x48 ./Core/Src/stm32f7xx_hal_msp.o
                0x2000512c                HAL_MspInit
 .text.HAL_ETH_MspInit
                0x20005174      0x170 ./Core/Src/stm32f7xx_hal_msp.o
                0x20005174                HAL_ETH_MspInit
 .text.HAL_SPI_MspInit
                0x200052e4      0x128 ./Core/Src/stm32f7xx_hal_msp.o
                0x200052e4                HAL_SPI_MspInit
 .text.HAL_UART_MspInit
                0x2000540c       0xc0 ./Core/Src/stm32f7xx_hal_msp.o
                0x2000540c                HAL_UART_MspInit
 .text.NMI_Handler
                0x200054cc        0x8 ./Core/Src/stm32f7xx_it.o
                0x200054cc                NMI_Handler
 .text.HardFault_Handler
                0x200054d4        0x8 ./Core/Src/stm32f7xx_it.o
                0x200054d4                HardFault_Handler
 .text.MemManage_Handler
                0x200054dc        0x8 ./Core/Src/stm32f7xx_it.o
                0x200054dc                MemManage_Handler
 .text.BusFault_Handler
                0x200054e4        0x8 ./Core/Src/stm32f7xx_it.o
                0x200054e4                BusFault_Handler
 .text.UsageFault_Handler
                0x200054ec        0x8 ./Core/Src/stm32f7xx_it.o
                0x200054ec                UsageFault_Handler
 .text.SVC_Handler
                0x200054f4        0xe ./Core/Src/stm32f7xx_it.o
                0x200054f4                SVC_Handler
 .text.DebugMon_Handler
                0x20005502        0xe ./Core/Src/stm32f7xx_it.o
                0x20005502                DebugMon_Handler
 .text.PendSV_Handler
                0x20005510        0xe ./Core/Src/stm32f7xx_it.o
                0x20005510                PendSV_Handler
 .text.SysTick_Handler
                0x2000551e        0xc ./Core/Src/stm32f7xx_it.o
                0x2000551e                SysTick_Handler
 *fill*         0x2000552a        0x2 
 .text.OTG_FS_IRQHandler
                0x2000552c       0x20 ./Core/Src/stm32f7xx_it.o
                0x2000552c                OTG_FS_IRQHandler
 .text._sbrk    0x2000554c       0x6c ./Core/Src/sysmem.o
                0x2000554c                _sbrk
 .text.SystemInit
                0x200055b8       0x24 ./Core/Src/system_stm32f7xx.o
                0x200055b8                SystemInit
 .text.Reset_Handler
                0x200055dc       0x50 ./Core/Startup/startup_stm32f746zgtx.o
                0x200055dc                Reset_Handler
 .text.Default_Handler
                0x2000562c        0x2 ./Core/Startup/startup_stm32f746zgtx.o
                0x2000562c                RTC_Alarm_IRQHandler
                0x2000562c                EXTI2_IRQHandler
                0x2000562c                TIM8_CC_IRQHandler
                0x2000562c                UART8_IRQHandler
                0x2000562c                SPI4_IRQHandler
                0x2000562c                TIM1_CC_IRQHandler
                0x2000562c                DMA2_Stream5_IRQHandler
                0x2000562c                DMA1_Stream5_IRQHandler
                0x2000562c                PVD_IRQHandler
                0x2000562c                TAMP_STAMP_IRQHandler
                0x2000562c                CAN2_RX1_IRQHandler
                0x2000562c                EXTI3_IRQHandler
                0x2000562c                TIM8_TRG_COM_TIM14_IRQHandler
                0x2000562c                TIM1_UP_TIM10_IRQHandler
                0x2000562c                TIM8_UP_TIM13_IRQHandler
                0x2000562c                I2C3_ER_IRQHandler
                0x2000562c                EXTI0_IRQHandler
                0x2000562c                I2C2_EV_IRQHandler
                0x2000562c                DMA1_Stream2_IRQHandler
                0x2000562c                CAN1_RX0_IRQHandler
                0x2000562c                FPU_IRQHandler
                0x2000562c                OTG_HS_WKUP_IRQHandler
                0x2000562c                LTDC_ER_IRQHandler
                0x2000562c                CAN2_SCE_IRQHandler
                0x2000562c                DMA2_Stream2_IRQHandler
                0x2000562c                SPI1_IRQHandler
                0x2000562c                TIM6_DAC_IRQHandler
                0x2000562c                TIM1_BRK_TIM9_IRQHandler
                0x2000562c                DCMI_IRQHandler
                0x2000562c                CAN2_RX0_IRQHandler
                0x2000562c                DMA2_Stream3_IRQHandler
                0x2000562c                SAI2_IRQHandler
                0x2000562c                USART6_IRQHandler
                0x2000562c                USART3_IRQHandler
                0x2000562c                CAN1_RX1_IRQHandler
                0x2000562c                UART5_IRQHandler
                0x2000562c                DMA2_Stream0_IRQHandler
                0x2000562c                TIM4_IRQHandler
                0x2000562c                QUADSPI_IRQHandler
                0x2000562c                I2C1_EV_IRQHandler
                0x2000562c                DMA1_Stream6_IRQHandler
                0x2000562c                DMA1_Stream1_IRQHandler
                0x2000562c                UART4_IRQHandler
                0x2000562c                TIM3_IRQHandler
                0x2000562c                RCC_IRQHandler
                0x2000562c                TIM8_BRK_TIM12_IRQHandler
                0x2000562c                Default_Handler
                0x2000562c                CEC_IRQHandler
                0x2000562c                EXTI15_10_IRQHandler
                0x2000562c                ADC_IRQHandler
                0x2000562c                DMA1_Stream7_IRQHandler
                0x2000562c                SPI5_IRQHandler
                0x2000562c                TIM7_IRQHandler
                0x2000562c                SDMMC1_IRQHandler
                0x2000562c                CAN2_TX_IRQHandler
                0x2000562c                TIM5_IRQHandler
                0x2000562c                DMA2_Stream7_IRQHandler
                0x2000562c                I2C3_EV_IRQHandler
                0x2000562c                EXTI9_5_IRQHandler
                0x2000562c                RTC_WKUP_IRQHandler
                0x2000562c                LTDC_IRQHandler
                0x2000562c                ETH_WKUP_IRQHandler
                0x2000562c                SPDIF_RX_IRQHandler
                0x2000562c                SPI2_IRQHandler
                0x2000562c                OTG_HS_EP1_IN_IRQHandler
                0x2000562c                DMA1_Stream0_IRQHandler
                0x2000562c                CAN1_TX_IRQHandler
                0x2000562c                EXTI4_IRQHandler
                0x2000562c                RNG_IRQHandler
                0x2000562c                ETH_IRQHandler
                0x2000562c                OTG_HS_EP1_OUT_IRQHandler
                0x2000562c                WWDG_IRQHandler
                0x2000562c                SPI6_IRQHandler
                0x2000562c                I2C4_EV_IRQHandler
                0x2000562c                TIM2_IRQHandler
                0x2000562c                OTG_FS_WKUP_IRQHandler
                0x2000562c                TIM1_TRG_COM_TIM11_IRQHandler
                0x2000562c                OTG_HS_IRQHandler
                0x2000562c                DMA2D_IRQHandler
                0x2000562c                EXTI1_IRQHandler
                0x2000562c                UART7_IRQHandler
                0x2000562c                USART2_IRQHandler
                0x2000562c                I2C2_ER_IRQHandler
                0x2000562c                DMA2_Stream1_IRQHandler
                0x2000562c                CAN1_SCE_IRQHandler
                0x2000562c                FLASH_IRQHandler
                0x2000562c                DMA2_Stream4_IRQHandler
                0x2000562c                USART1_IRQHandler
                0x2000562c                SPI3_IRQHandler
                0x2000562c                DMA1_Stream4_IRQHandler
                0x2000562c                I2C1_ER_IRQHandler
                0x2000562c                FMC_IRQHandler
                0x2000562c                LPTIM1_IRQHandler
                0x2000562c                I2C4_ER_IRQHandler
                0x2000562c                DMA2_Stream6_IRQHandler
                0x2000562c                SAI1_IRQHandler
                0x2000562c                DMA1_Stream3_IRQHandler
 .text.HAL_Init
                0x2000562e       0x1a ./Drivers/STM32F7xx_HAL_Driver/Src/stm32f7xx_hal.o
                0x2000562e                HAL_Init
 .text.HAL_InitTick
                0x20005648       0x60 ./Drivers/STM32F7xx_HAL_Driver/Src/stm32f7xx_hal.o
                0x20005648                HAL_InitTick
 .text.HAL_IncTick
                0x200056a8       0x28 ./Drivers/STM32F7xx_HAL_Driver/Src/stm32f7xx_hal.o
                0x200056a8                HAL_IncTick
 .text.HAL_GetTick
                0x200056d0       0x18 ./Drivers/STM32F7xx_HAL_Driver/Src/stm32f7xx_hal.o
                0x200056d0                HAL_GetTick
 .text.HAL_Delay
                0x200056e8       0x48 ./Drivers/STM32F7xx_HAL_Driver/Src/stm32f7xx_hal.o
                0x200056e8                HAL_Delay
 .text.__NVIC_SetPriorityGrouping
                0x20005730       0x48 ./Drivers/STM32F7xx_HAL_Driver/Src/stm32f7xx_hal_cortex.o
 .text.__NVIC_GetPriorityGrouping
                0x20005778       0x1c ./Drivers/STM32F7xx_HAL_Driver/Src/stm32f7xx_hal_cortex.o
 .text.__NVIC_EnableIRQ
                0x20005794       0x3c ./Drivers/STM32F7xx_HAL_Driver/Src/stm32f7xx_hal_cortex.o
 .text.__NVIC_SetPriority
                0x200057d0       0x54 ./Drivers/STM32F7xx_HAL_Driver/Src/stm32f7xx_hal_cortex.o
 .text.NVIC_EncodePriority
                0x20005824       0x66 ./Drivers/STM32F7xx_HAL_Driver/Src/stm32f7xx_hal_cortex.o
 *fill*         0x2000588a        0x2 
 .text.SysTick_Config
                0x2000588c       0x44 ./Drivers/STM32F7xx_HAL_Driver/Src/stm32f7xx_hal_cortex.o
 .text.HAL_NVIC_SetPriorityGrouping
                0x200058d0       0x16 ./Drivers/STM32F7xx_HAL_Driver/Src/stm32f7xx_hal_cortex.o
                0x200058d0                HAL_NVIC_SetPriorityGrouping
 .text.HAL_NVIC_SetPriority
                0x200058e6       0x38 ./Drivers/STM32F7xx_HAL_Driver/Src/stm32f7xx_hal_cortex.o
                0x200058e6                HAL_NVIC_SetPriority
 .text.HAL_NVIC_EnableIRQ
                0x2000591e       0x1c ./Drivers/STM32F7xx_HAL_Driver/Src/stm32f7xx_hal_cortex.o
                0x2000591e                HAL_NVIC_EnableIRQ
 .text.HAL_SYSTICK_Config
                0x2000593a       0x18 ./Drivers/STM32F7xx_HAL_Driver/Src/stm32f7xx_hal_cortex.o
                0x2000593a                HAL_SYSTICK_Config
 *fill*         0x20005952        0x2 
 .text.HAL_ETH_Init
                0x20005954      0x134 ./Drivers/STM32F7xx_HAL_Driver/Src/stm32f7xx_hal_eth.o
                0x20005954                HAL_ETH_Init
 .text.ETH_SetMACConfig
                0x20005a88      0x168 ./Drivers/STM32F7xx_HAL_Driver/Src/stm32f7xx_hal_eth.o
 .text.ETH_SetDMAConfig
                0x20005bf0      0x114 ./Drivers/STM32F7xx_HAL_Driver/Src/stm32f7xx_hal_eth.o
 .text.ETH_MACDMAConfig
                0x20005d04       0xea ./Drivers/STM32F7xx_HAL_Driver/Src/stm32f7xx_hal_eth.o
 *fill*         0x20005dee        0x2 
 .text.ETH_MACAddressConfig
                0x20005df0       0x70 ./Drivers/STM32F7xx_HAL_Driver/Src/stm32f7xx_hal_eth.o
 .text.ETH_DMATxDescListInit
                0x20005e60       0xb2 ./Drivers/STM32F7xx_HAL_Driver/Src/stm32f7xx_hal_eth.o
 .text.ETH_DMARxDescListInit
                0x20005f12       0xde ./Drivers/STM32F7xx_HAL_Driver/Src/stm32f7xx_hal_eth.o
 .text.HAL_GPIO_Init
                0x20005ff0      0x358 ./Drivers/STM32F7xx_HAL_Driver/Src/stm32f7xx_hal_gpio.o
                0x20005ff0                HAL_GPIO_Init
 .text.HAL_GPIO_ReadPin
                0x20006348       0x30 ./Drivers/STM32F7xx_HAL_Driver/Src/stm32f7xx_hal_gpio.o
                0x20006348                HAL_GPIO_ReadPin
 .text.HAL_GPIO_WritePin
                0x20006378       0x32 ./Drivers/STM32F7xx_HAL_Driver/Src/stm32f7xx_hal_gpio.o
                0x20006378                HAL_GPIO_WritePin
 .text.HAL_PCD_Init
                0x200063aa      0x22c ./Drivers/STM32F7xx_HAL_Driver/Src/stm32f7xx_hal_pcd.o
                0x200063aa                HAL_PCD_Init
 .text.HAL_PCD_Start
                0x200065d6       0x44 ./Drivers/STM32F7xx_HAL_Driver/Src/stm32f7xx_hal_pcd.o
                0x200065d6                HAL_PCD_Start
 .text.HAL_PCD_IRQHandler
                0x2000661a      0x99c ./Drivers/STM32F7xx_HAL_Driver/Src/stm32f7xx_hal_pcd.o
                0x2000661a                HAL_PCD_IRQHandler
 .text.HAL_PCD_SetAddress
                0x20006fb6       0x48 ./Drivers/STM32F7xx_HAL_Driver/Src/stm32f7xx_hal_pcd.o
                0x20006fb6                HAL_PCD_SetAddress
 .text.HAL_PCD_EP_Open
                0x20006ffe       0xd4 ./Drivers/STM32F7xx_HAL_Driver/Src/stm32f7xx_hal_pcd.o
                0x20006ffe                HAL_PCD_EP_Open
 .text.HAL_PCD_EP_Close
                0x200070d2       0x94 ./Drivers/STM32F7xx_HAL_Driver/Src/stm32f7xx_hal_pcd.o
                0x200070d2                HAL_PCD_EP_Close
 .text.HAL_PCD_EP_Receive
                0x20007166       0x76 ./Drivers/STM32F7xx_HAL_Driver/Src/stm32f7xx_hal_pcd.o
                0x20007166                HAL_PCD_EP_Receive
 .text.HAL_PCD_EP_GetRxCount
                0x200071dc       0x30 ./Drivers/STM32F7xx_HAL_Driver/Src/stm32f7xx_hal_pcd.o
                0x200071dc                HAL_PCD_EP_GetRxCount
 .text.HAL_PCD_EP_Transmit
                0x2000720c       0x74 ./Drivers/STM32F7xx_HAL_Driver/Src/stm32f7xx_hal_pcd.o
                0x2000720c                HAL_PCD_EP_Transmit
 .text.HAL_PCD_EP_SetStall
                0x20007280       0xc6 ./Drivers/STM32F7xx_HAL_Driver/Src/stm32f7xx_hal_pcd.o
                0x20007280                HAL_PCD_EP_SetStall
 .text.HAL_PCD_EP_ClrStall
                0x20007346       0xac ./Drivers/STM32F7xx_HAL_Driver/Src/stm32f7xx_hal_pcd.o
                0x20007346                HAL_PCD_EP_ClrStall
 .text.HAL_PCD_EP_Abort
                0x200073f2       0x62 ./Drivers/STM32F7xx_HAL_Driver/Src/stm32f7xx_hal_pcd.o
                0x200073f2                HAL_PCD_EP_Abort
 .text.PCD_WriteEmptyTxFifo
                0x20007454      0x118 ./Drivers/STM32F7xx_HAL_Driver/Src/stm32f7xx_hal_pcd.o
 .text.PCD_EP_OutXfrComplete_int
                0x2000756c      0x1d0 ./Drivers/STM32F7xx_HAL_Driver/Src/stm32f7xx_hal_pcd.o
 .text.PCD_EP_OutSetupPacket_int
                0x2000773c       0x8c ./Drivers/STM32F7xx_HAL_Driver/Src/stm32f7xx_hal_pcd.o
 .text.HAL_PCDEx_SetTxFiFo
                0x200077c8       0x8e ./Drivers/STM32F7xx_HAL_Driver/Src/stm32f7xx_hal_pcd_ex.o
                0x200077c8                HAL_PCDEx_SetTxFiFo
 .text.HAL_PCDEx_SetRxFiFo
                0x20007856       0x22 ./Drivers/STM32F7xx_HAL_Driver/Src/stm32f7xx_hal_pcd_ex.o
                0x20007856                HAL_PCDEx_SetRxFiFo
 .text.HAL_PCDEx_ActivateLPM
                0x20007878       0x48 ./Drivers/STM32F7xx_HAL_Driver/Src/stm32f7xx_hal_pcd_ex.o
                0x20007878                HAL_PCDEx_ActivateLPM
 .text.HAL_PWR_EnableBkUpAccess
                0x200078c0       0x20 ./Drivers/STM32F7xx_HAL_Driver/Src/stm32f7xx_hal_pwr.o
                0x200078c0                HAL_PWR_EnableBkUpAccess
 .text.HAL_PWREx_EnableOverDrive
                0x200078e0       0xa0 ./Drivers/STM32F7xx_HAL_Driver/Src/stm32f7xx_hal_pwr_ex.o
                0x200078e0                HAL_PWREx_EnableOverDrive
 .text.HAL_RCC_OscConfig
                0x20007980      0x548 ./Drivers/STM32F7xx_HAL_Driver/Src/stm32f7xx_hal_rcc.o
                0x20007980                HAL_RCC_OscConfig
 .text.HAL_RCC_ClockConfig
                0x20007ec8      0x1d8 ./Drivers/STM32F7xx_HAL_Driver/Src/stm32f7xx_hal_rcc.o
                0x20007ec8                HAL_RCC_ClockConfig
 .text.HAL_RCC_GetSysClockFreq
                0x200080a0      0x20c ./Drivers/STM32F7xx_HAL_Driver/Src/stm32f7xx_hal_rcc.o
                0x200080a0                HAL_RCC_GetSysClockFreq
 .text.HAL_RCC_GetHCLKFreq
                0x200082ac       0x18 ./Drivers/STM32F7xx_HAL_Driver/Src/stm32f7xx_hal_rcc.o
                0x200082ac                HAL_RCC_GetHCLKFreq
 .text.HAL_RCC_GetPCLK1Freq
                0x200082c4       0x28 ./Drivers/STM32F7xx_HAL_Driver/Src/stm32f7xx_hal_rcc.o
                0x200082c4                HAL_RCC_GetPCLK1Freq
 .text.HAL_RCC_GetPCLK2Freq
                0x200082ec       0x28 ./Drivers/STM32F7xx_HAL_Driver/Src/stm32f7xx_hal_rcc.o
                0x200082ec                HAL_RCC_GetPCLK2Freq
 .text.HAL_RCCEx_PeriphCLKConfig
                0x20008314      0x7e0 ./Drivers/STM32F7xx_HAL_Driver/Src/stm32f7xx_hal_rcc_ex.o
                0x20008314                HAL_RCCEx_PeriphCLKConfig
 .text.HAL_SPI_Init
                0x20008af4      0x156 ./Drivers/STM32F7xx_HAL_Driver/Src/stm32f7xx_hal_spi.o
                0x20008af4                HAL_SPI_Init
 .text.HAL_UART_Init
                0x20008c4a       0x9c ./Drivers/STM32F7xx_HAL_Driver/Src/stm32f7xx_hal_uart.o
                0x20008c4a                HAL_UART_Init
 *fill*         0x20008ce6        0x2 
 .text.UART_SetConfig
                0x20008ce8      0x4c8 ./Drivers/STM32F7xx_HAL_Driver/Src/stm32f7xx_hal_uart.o
                0x20008ce8                UART_SetConfig
 .text.UART_AdvFeatureConfig
                0x200091b0      0x144 ./Drivers/STM32F7xx_HAL_Driver/Src/stm32f7xx_hal_uart.o
                0x200091b0                UART_AdvFeatureConfig
 .text.UART_CheckIdleState
                0x200092f4       0xae ./Drivers/STM32F7xx_HAL_Driver/Src/stm32f7xx_hal_uart.o
                0x200092f4                UART_CheckIdleState
 .text.UART_WaitOnFlagUntilTimeout
                0x200093a2       0xda ./Drivers/STM32F7xx_HAL_Driver/Src/stm32f7xx_hal_uart.o
                0x200093a2                UART_WaitOnFlagUntilTimeout
 .text.UART_EndRxTransfer
                0x2000947c       0xc8 ./Drivers/STM32F7xx_HAL_Driver/Src/stm32f7xx_hal_uart.o
 .text.USB_CoreInit
                0x20009544       0xb4 ./Drivers/STM32F7xx_HAL_Driver/Src/stm32f7xx_ll_usb.o
                0x20009544                USB_CoreInit
 .text.USB_SetTurnaroundTime
                0x200095f8      0x144 ./Drivers/STM32F7xx_HAL_Driver/Src/stm32f7xx_ll_usb.o
                0x200095f8                USB_SetTurnaroundTime
 .text.USB_EnableGlobalInt
                0x2000973c       0x22 ./Drivers/STM32F7xx_HAL_Driver/Src/stm32f7xx_ll_usb.o
                0x2000973c                USB_EnableGlobalInt
 .text.USB_DisableGlobalInt
                0x2000975e       0x22 ./Drivers/STM32F7xx_HAL_Driver/Src/stm32f7xx_ll_usb.o
                0x2000975e                USB_DisableGlobalInt
 .text.USB_SetCurrentMode
                0x20009780       0x98 ./Drivers/STM32F7xx_HAL_Driver/Src/stm32f7xx_ll_usb.o
                0x20009780                USB_SetCurrentMode
 .text.USB_DevInit
                0x20009818      0x2bc ./Drivers/STM32F7xx_HAL_Driver/Src/stm32f7xx_ll_usb.o
                0x20009818                USB_DevInit
 .text.USB_FlushTxFifo
                0x20009ad4       0x64 ./Drivers/STM32F7xx_HAL_Driver/Src/stm32f7xx_ll_usb.o
                0x20009ad4                USB_FlushTxFifo
 .text.USB_FlushRxFifo
                0x20009b38       0x5c ./Drivers/STM32F7xx_HAL_Driver/Src/stm32f7xx_ll_usb.o
                0x20009b38                USB_FlushRxFifo
 .text.USB_SetDevSpeed
                0x20009b94       0x32 ./Drivers/STM32F7xx_HAL_Driver/Src/stm32f7xx_ll_usb.o
                0x20009b94                USB_SetDevSpeed
 .text.USB_GetDevSpeed
                0x20009bc6       0x4a ./Drivers/STM32F7xx_HAL_Driver/Src/stm32f7xx_ll_usb.o
                0x20009bc6                USB_GetDevSpeed
 .text.USB_ActivateEndpoint
                0x20009c10      0x110 ./Drivers/STM32F7xx_HAL_Driver/Src/stm32f7xx_ll_usb.o
                0x20009c10                USB_ActivateEndpoint
 .text.USB_DeactivateEndpoint
                0x20009d20      0x1b8 ./Drivers/STM32F7xx_HAL_Driver/Src/stm32f7xx_ll_usb.o
                0x20009d20                USB_DeactivateEndpoint
 .text.USB_EPStartXfer
                0x20009ed8      0x548 ./Drivers/STM32F7xx_HAL_Driver/Src/stm32f7xx_ll_usb.o
                0x20009ed8                USB_EPStartXfer
 .text.USB_EPStopXfer
                0x2000a420      0x154 ./Drivers/STM32F7xx_HAL_Driver/Src/stm32f7xx_ll_usb.o
                0x2000a420                USB_EPStopXfer
 .text.USB_WritePacket
                0x2000a574       0x7c ./Drivers/STM32F7xx_HAL_Driver/Src/stm32f7xx_ll_usb.o
                0x2000a574                USB_WritePacket
 .text.USB_ReadPacket
                0x2000a5f0       0xb0 ./Drivers/STM32F7xx_HAL_Driver/Src/stm32f7xx_ll_usb.o
                0x2000a5f0                USB_ReadPacket
 .text.USB_EPSetStall
                0x2000a6a0       0xdc ./Drivers/STM32F7xx_HAL_Driver/Src/stm32f7xx_ll_usb.o
                0x2000a6a0                USB_EPSetStall
 .text.USB_EPClearStall
                0x2000a77c       0xcc ./Drivers/STM32F7xx_HAL_Driver/Src/stm32f7xx_ll_usb.o
                0x2000a77c                USB_EPClearStall
 .text.USB_SetDevAddress
                0x2000a848       0x4c ./Drivers/STM32F7xx_HAL_Driver/Src/stm32f7xx_ll_usb.o
                0x2000a848                USB_SetDevAddress
 .text.USB_DevConnect
                0x2000a894       0x42 ./Drivers/STM32F7xx_HAL_Driver/Src/stm32f7xx_ll_usb.o
                0x2000a894                USB_DevConnect
 .text.USB_DevDisconnect
                0x2000a8d6       0x42 ./Drivers/STM32F7xx_HAL_Driver/Src/stm32f7xx_ll_usb.o
                0x2000a8d6                USB_DevDisconnect
 .text.USB_ReadInterrupts
                0x2000a918       0x26 ./Drivers/STM32F7xx_HAL_Driver/Src/stm32f7xx_ll_usb.o
                0x2000a918                USB_ReadInterrupts
 .text.USB_ReadDevAllOutEpInterrupt
                0x2000a93e       0x34 ./Drivers/STM32F7xx_HAL_Driver/Src/stm32f7xx_ll_usb.o
                0x2000a93e                USB_ReadDevAllOutEpInterrupt
 .text.USB_ReadDevAllInEpInterrupt
                0x2000a972       0x34 ./Drivers/STM32F7xx_HAL_Driver/Src/stm32f7xx_ll_usb.o
                0x2000a972                USB_ReadDevAllInEpInterrupt
 .text.USB_ReadDevOutEPInterrupt
                0x2000a9a6       0x3c ./Drivers/STM32F7xx_HAL_Driver/Src/stm32f7xx_ll_usb.o
                0x2000a9a6                USB_ReadDevOutEPInterrupt
 .text.USB_ReadDevInEPInterrupt
                0x2000a9e2       0x5c ./Drivers/STM32F7xx_HAL_Driver/Src/stm32f7xx_ll_usb.o
                0x2000a9e2                USB_ReadDevInEPInterrupt
 .text.USB_GetMode
                0x2000aa3e       0x1c ./Drivers/STM32F7xx_HAL_Driver/Src/stm32f7xx_ll_usb.o
                0x2000aa3e                USB_GetMode
 *fill*         0x2000aa5a        0x2 
 .text.USB_ActivateSetup
                0x2000aa5c       0x48 ./Drivers/STM32F7xx_HAL_Driver/Src/stm32f7xx_ll_usb.o
                0x2000aa5c                USB_ActivateSetup
 .text.USB_EP0_OutStart
                0x2000aaa4       0xbc ./Drivers/STM32F7xx_HAL_Driver/Src/stm32f7xx_ll_usb.o
                0x2000aaa4                USB_EP0_OutStart
 .text.USB_CoreReset
                0x2000ab60       0x70 ./Drivers/STM32F7xx_HAL_Driver/Src/stm32f7xx_ll_usb.o
 .text.USBD_CUSTOM_HID_Init
                0x2000abd0      0x158 ./Middlewares/ST/STM32_USB_Device_Library/Class/CustomHID/Src/usbd_customhid.o
 .text.USBD_CUSTOM_HID_DeInit
                0x2000ad28       0xf4 ./Middlewares/ST/STM32_USB_Device_Library/Class/CustomHID/Src/usbd_customhid.o
 .text.USBD_CUSTOM_HID_Setup
                0x2000ae1c      0x254 ./Middlewares/ST/STM32_USB_Device_Library/Class/CustomHID/Src/usbd_customhid.o
 .text.USBD_CUSTOM_HID_SendReport
                0x2000b070       0x68 ./Middlewares/ST/STM32_USB_Device_Library/Class/CustomHID/Src/usbd_customhid.o
                0x2000b070                USBD_CUSTOM_HID_SendReport
 .text.USBD_CUSTOM_HID_GetFSCfgDesc
                0x2000b0d8       0x64 ./Middlewares/ST/STM32_USB_Device_Library/Class/CustomHID/Src/usbd_customhid.o
 .text.USBD_CUSTOM_HID_GetHSCfgDesc
                0x2000b13c       0x64 ./Middlewares/ST/STM32_USB_Device_Library/Class/CustomHID/Src/usbd_customhid.o
 .text.USBD_CUSTOM_HID_GetOtherSpeedCfgDesc
                0x2000b1a0       0x64 ./Middlewares/ST/STM32_USB_Device_Library/Class/CustomHID/Src/usbd_customhid.o
 .text.USBD_CUSTOM_HID_DataIn
                0x2000b204       0x2e ./Middlewares/ST/STM32_USB_Device_Library/Class/CustomHID/Src/usbd_customhid.o
 .text.USBD_CUSTOM_HID_DataOut
                0x2000b232       0x5a ./Middlewares/ST/STM32_USB_Device_Library/Class/CustomHID/Src/usbd_customhid.o
 .text.USBD_CUSTOM_HID_ReceivePacket
                0x2000b28c       0x74 ./Middlewares/ST/STM32_USB_Device_Library/Class/CustomHID/Src/usbd_customhid.o
                0x2000b28c                USBD_CUSTOM_HID_ReceivePacket
 .text.USBD_CUSTOM_HID_EP0_RxReady
                0x2000b300       0x58 ./Middlewares/ST/STM32_USB_Device_Library/Class/CustomHID/Src/usbd_customhid.o
 .text.USBD_CUSTOM_HID_GetDeviceQualifierDesc
                0x2000b358       0x20 ./Middlewares/ST/STM32_USB_Device_Library/Class/CustomHID/Src/usbd_customhid.o
 .text.USBD_CUSTOM_HID_RegisterInterface
                0x2000b378       0x34 ./Middlewares/ST/STM32_USB_Device_Library/Class/CustomHID/Src/usbd_customhid.o
                0x2000b378                USBD_CUSTOM_HID_RegisterInterface
 .text.USBD_Init
                0x2000b3ac       0x60 ./Middlewares/ST/STM32_USB_Device_Library/Core/Src/usbd_core.o
                0x2000b3ac                USBD_Init
 .text.USBD_RegisterClass
                0x2000b40c       0x6c ./Middlewares/ST/STM32_USB_Device_Library/Core/Src/usbd_core.o
                0x2000b40c                USBD_RegisterClass
 .text.USBD_Start
                0x2000b478       0x18 ./Middlewares/ST/STM32_USB_Device_Library/Core/Src/usbd_core.o
                0x2000b478                USBD_Start
 .text.USBD_RunTestMode
                0x2000b490       0x16 ./Middlewares/ST/STM32_USB_Device_Library/Core/Src/usbd_core.o
                0x2000b490                USBD_RunTestMode
 .text.USBD_SetClassConfig
                0x2000b4a6       0x38 ./Middlewares/ST/STM32_USB_Device_Library/Core/Src/usbd_core.o
                0x2000b4a6                USBD_SetClassConfig
 .text.USBD_ClrClassConfig
                0x2000b4de       0x34 ./Middlewares/ST/STM32_USB_Device_Library/Core/Src/usbd_core.o
                0x2000b4de                USBD_ClrClassConfig
 .text.USBD_LL_SetupStage
                0x2000b512       0xaa ./Middlewares/ST/STM32_USB_Device_Library/Core/Src/usbd_core.o
                0x2000b512                USBD_LL_SetupStage
 .text.USBD_LL_DataOutStage
                0x2000b5bc      0x178 ./Middlewares/ST/STM32_USB_Device_Library/Core/Src/usbd_core.o
                0x2000b5bc                USBD_LL_DataOutStage
 .text.USBD_LL_DataInStage
                0x2000b734      0x176 ./Middlewares/ST/STM32_USB_Device_Library/Core/Src/usbd_core.o
                0x2000b734                USBD_LL_DataInStage
 .text.USBD_LL_Reset
                0x2000b8aa       0xa6 ./Middlewares/ST/STM32_USB_Device_Library/Core/Src/usbd_core.o
                0x2000b8aa                USBD_LL_Reset
 .text.USBD_LL_SetSpeed
                0x2000b950       0x20 ./Middlewares/ST/STM32_USB_Device_Library/Core/Src/usbd_core.o
                0x2000b950                USBD_LL_SetSpeed
 .text.USBD_LL_Suspend
                0x2000b970       0x38 ./Middlewares/ST/STM32_USB_Device_Library/Core/Src/usbd_core.o
                0x2000b970                USBD_LL_Suspend
 .text.USBD_LL_Resume
                0x2000b9a8       0x30 ./Middlewares/ST/STM32_USB_Device_Library/Core/Src/usbd_core.o
                0x2000b9a8                USBD_LL_Resume
 .text.USBD_LL_SOF
                0x2000b9d8       0x40 ./Middlewares/ST/STM32_USB_Device_Library/Core/Src/usbd_core.o
                0x2000b9d8                USBD_LL_SOF
 .text.USBD_LL_IsoINIncomplete
                0x2000ba18       0x64 ./Middlewares/ST/STM32_USB_Device_Library/Core/Src/usbd_core.o
                0x2000ba18                USBD_LL_IsoINIncomplete
 .text.USBD_LL_IsoOUTIncomplete
                0x2000ba7c       0x64 ./Middlewares/ST/STM32_USB_Device_Library/Core/Src/usbd_core.o
                0x2000ba7c                USBD_LL_IsoOUTIncomplete
 .text.USBD_LL_DevConnected
                0x2000bae0       0x16 ./Middlewares/ST/STM32_USB_Device_Library/Core/Src/usbd_core.o
                0x2000bae0                USBD_LL_DevConnected
 .text.USBD_LL_DevDisconnected
                0x2000baf6       0x46 ./Middlewares/ST/STM32_USB_Device_Library/Core/Src/usbd_core.o
                0x2000baf6                USBD_LL_DevDisconnected
 .text.USBD_CoreFindIF
                0x2000bb3c       0x1a ./Middlewares/ST/STM32_USB_Device_Library/Core/Src/usbd_core.o
                0x2000bb3c                USBD_CoreFindIF
 .text.USBD_CoreFindEP
                0x2000bb56       0x1a ./Middlewares/ST/STM32_USB_Device_Library/Core/Src/usbd_core.o
                0x2000bb56                USBD_CoreFindEP
 .text.USBD_GetEpDesc
                0x2000bb70       0x70 ./Middlewares/ST/STM32_USB_Device_Library/Core/Src/usbd_core.o
                0x2000bb70                USBD_GetEpDesc
 .text.USBD_GetNextDesc
                0x2000bbe0       0x38 ./Middlewares/ST/STM32_USB_Device_Library/Core/Src/usbd_core.o
                0x2000bbe0                USBD_GetNextDesc
 .text.SWAPBYTE
                0x2000bc18       0x3c ./Middlewares/ST/STM32_USB_Device_Library/Core/Src/usbd_ctlreq.o
 .text.USBD_StdDevReq
                0x2000bc54       0xe4 ./Middlewares/ST/STM32_USB_Device_Library/Core/Src/usbd_ctlreq.o
                0x2000bc54                USBD_StdDevReq
 .text.USBD_StdItfReq
                0x2000bd38       0xd8 ./Middlewares/ST/STM32_USB_Device_Library/Core/Src/usbd_ctlreq.o
                0x2000bd38                USBD_StdItfReq
 .text.USBD_StdEPReq
                0x2000be10      0x33e ./Middlewares/ST/STM32_USB_Device_Library/Core/Src/usbd_ctlreq.o
                0x2000be10                USBD_StdEPReq
 *fill*         0x2000c14e        0x2 
 .text.USBD_GetDescriptor
                0x2000c150      0x328 ./Middlewares/ST/STM32_USB_Device_Library/Core/Src/usbd_ctlreq.o
 .text.USBD_SetAddress
                0x2000c478       0x88 ./Middlewares/ST/STM32_USB_Device_Library/Core/Src/usbd_ctlreq.o
 .text.USBD_SetConfig
                0x2000c500      0x154 ./Middlewares/ST/STM32_USB_Device_Library/Core/Src/usbd_ctlreq.o
 .text.USBD_GetConfig
                0x2000c654       0x6c ./Middlewares/ST/STM32_USB_Device_Library/Core/Src/usbd_ctlreq.o
 .text.USBD_GetStatus
                0x2000c6c0       0x68 ./Middlewares/ST/STM32_USB_Device_Library/Core/Src/usbd_ctlreq.o
 .text.USBD_SetFeature
                0x2000c728       0x52 ./Middlewares/ST/STM32_USB_Device_Library/Core/Src/usbd_ctlreq.o
 .text.USBD_ClrFeature
                0x2000c77a       0x44 ./Middlewares/ST/STM32_USB_Device_Library/Core/Src/usbd_ctlreq.o
 .text.USBD_ParseSetupRequest
                0x2000c7be       0x74 ./Middlewares/ST/STM32_USB_Device_Library/Core/Src/usbd_ctlreq.o
                0x2000c7be                USBD_ParseSetupRequest
 .text.USBD_CtlError
                0x2000c832       0x22 ./Middlewares/ST/STM32_USB_Device_Library/Core/Src/usbd_ctlreq.o
                0x2000c832                USBD_CtlError
 .text.USBD_GetString
                0x2000c854       0xa4 ./Middlewares/ST/STM32_USB_Device_Library/Core/Src/usbd_ctlreq.o
                0x2000c854                USBD_GetString
 .text.USBD_GetLen
                0x2000c8f8       0x34 ./Middlewares/ST/STM32_USB_Device_Library/Core/Src/usbd_ctlreq.o
 .text.USBD_CtlSendData
                0x2000c92c       0x3c ./Middlewares/ST/STM32_USB_Device_Library/Core/Src/usbd_ioreq.o
                0x2000c92c                USBD_CtlSendData
 .text.USBD_CtlContinueSendData
                0x2000c968       0x22 ./Middlewares/ST/STM32_USB_Device_Library/Core/Src/usbd_ioreq.o
                0x2000c968                USBD_CtlContinueSendData
 .text.USBD_CtlPrepareRx
                0x2000c98a       0x42 ./Middlewares/ST/STM32_USB_Device_Library/Core/Src/usbd_ioreq.o
                0x2000c98a                USBD_CtlPrepareRx
 .text.USBD_CtlContinueRx
                0x2000c9cc       0x22 ./Middlewares/ST/STM32_USB_Device_Library/Core/Src/usbd_ioreq.o
                0x2000c9cc                USBD_CtlContinueRx
 .text.USBD_CtlSendStatus
                0x2000c9ee       0x26 ./Middlewares/ST/STM32_USB_Device_Library/Core/Src/usbd_ioreq.o
                0x2000c9ee                USBD_CtlSendStatus
 .text.USBD_CtlReceiveStatus
                0x2000ca14       0x26 ./Middlewares/ST/STM32_USB_Device_Library/Core/Src/usbd_ioreq.o
                0x2000ca14                USBD_CtlReceiveStatus
 *fill*         0x2000ca3a        0x2 
 .text.MX_USB_DEVICE_Init
                0x2000ca3c       0x60 ./USB_DEVICE/App/usb_device.o
                0x2000ca3c                MX_USB_DEVICE_Init
 .text.CUSTOM_HID_Init_FS
                0x2000ca9c       0x10 ./USB_DEVICE/App/usbd_custom_hid_if.o
 .text.CUSTOM_HID_DeInit_FS
                0x2000caac       0x10 ./USB_DEVICE/App/usbd_custom_hid_if.o
 .text.CUSTOM_HID_OutEvent_FS
                0x2000cabc       0x30 ./USB_DEVICE/App/usbd_custom_hid_if.o
 .text.USBD_FS_DeviceDescriptor
                0x2000caec       0x24 ./USB_DEVICE/App/usbd_desc.o
                0x2000caec                USBD_FS_DeviceDescriptor
 .text.USBD_FS_LangIDStrDescriptor
                0x2000cb10       0x24 ./USB_DEVICE/App/usbd_desc.o
                0x2000cb10                USBD_FS_LangIDStrDescriptor
 .text.USBD_FS_ProductStrDescriptor
                0x2000cb34       0x3c ./USB_DEVICE/App/usbd_desc.o
                0x2000cb34                USBD_FS_ProductStrDescriptor
 .text.USBD_FS_ManufacturerStrDescriptor
                0x2000cb70       0x28 ./USB_DEVICE/App/usbd_desc.o
                0x2000cb70                USBD_FS_ManufacturerStrDescriptor
 .text.USBD_FS_SerialStrDescriptor
                0x2000cb98       0x24 ./USB_DEVICE/App/usbd_desc.o
                0x2000cb98                USBD_FS_SerialStrDescriptor
 .text.USBD_FS_ConfigStrDescriptor
                0x2000cbbc       0x3c ./USB_DEVICE/App/usbd_desc.o
                0x2000cbbc                USBD_FS_ConfigStrDescriptor
 .text.USBD_FS_InterfaceStrDescriptor
                0x2000cbf8       0x3c ./USB_DEVICE/App/usbd_desc.o
                0x2000cbf8                USBD_FS_InterfaceStrDescriptor
 .text.USBD_FS_USR_BOSDescriptor
                0x2000cc34       0x24 ./USB_DEVICE/App/usbd_desc.o
                0x2000cc34                USBD_FS_USR_BOSDescriptor
 .text.Get_SerialNum
                0x2000cc58       0x58 ./USB_DEVICE/App/usbd_desc.o
 .text.IntToUnicode
                0x2000ccb0       0x7e ./USB_DEVICE/App/usbd_desc.o
 *fill*         0x2000cd2e        0x2 
 .text.HAL_PCD_MspInit
                0x2000cd30      0x104 ./USB_DEVICE/Target/usbd_conf.o
                0x2000cd30                HAL_PCD_MspInit
 .text.HAL_PCD_SetupStageCallback
                0x2000ce34       0x24 ./USB_DEVICE/Target/usbd_conf.o
                0x2000ce34                HAL_PCD_SetupStageCallback
 .text.HAL_PCD_DataOutStageCallback
                0x2000ce58       0x36 ./USB_DEVICE/Target/usbd_conf.o
                0x2000ce58                HAL_PCD_DataOutStageCallback
 .text.HAL_PCD_DataInStageCallback
                0x2000ce8e       0x34 ./USB_DEVICE/Target/usbd_conf.o
                0x2000ce8e                HAL_PCD_DataInStageCallback
 .text.HAL_PCD_SOFCallback
                0x2000cec2       0x1c ./USB_DEVICE/Target/usbd_conf.o
                0x2000cec2                HAL_PCD_SOFCallback
 .text.HAL_PCD_ResetCallback
                0x2000cede       0x50 ./USB_DEVICE/Target/usbd_conf.o
                0x2000cede                HAL_PCD_ResetCallback
 *fill*         0x2000cf2e        0x2 
 .text.HAL_PCD_SuspendCallback
                0x2000cf30       0x4c ./USB_DEVICE/Target/usbd_conf.o
                0x2000cf30                HAL_PCD_SuspendCallback
 .text.HAL_PCD_ResumeCallback
                0x2000cf7c       0x1c ./USB_DEVICE/Target/usbd_conf.o
                0x2000cf7c                HAL_PCD_ResumeCallback
 .text.HAL_PCD_ISOOUTIncompleteCallback
                0x2000cf98       0x24 ./USB_DEVICE/Target/usbd_conf.o
                0x2000cf98                HAL_PCD_ISOOUTIncompleteCallback
 .text.HAL_PCD_ISOINIncompleteCallback
                0x2000cfbc       0x24 ./USB_DEVICE/Target/usbd_conf.o
                0x2000cfbc                HAL_PCD_ISOINIncompleteCallback
 .text.HAL_PCD_ConnectCallback
                0x2000cfe0       0x1c ./USB_DEVICE/Target/usbd_conf.o
                0x2000cfe0                HAL_PCD_ConnectCallback
 .text.HAL_PCD_DisconnectCallback
                0x2000cffc       0x1c ./USB_DEVICE/Target/usbd_conf.o
                0x2000cffc                HAL_PCD_DisconnectCallback
 .text.USBD_LL_Init
                0x2000d018       0x98 ./USB_DEVICE/Target/usbd_conf.o
                0x2000d018                USBD_LL_Init
 .text.USBD_LL_Start
                0x2000d0b0       0x36 ./USB_DEVICE/Target/usbd_conf.o
                0x2000d0b0                USBD_LL_Start
 .text.USBD_LL_OpenEP
                0x2000d0e6       0x4c ./USB_DEVICE/Target/usbd_conf.o
                0x2000d0e6                USBD_LL_OpenEP
 .text.USBD_LL_CloseEP
                0x2000d132       0x3e ./USB_DEVICE/Target/usbd_conf.o
                0x2000d132                USBD_LL_CloseEP
 .text.USBD_LL_StallEP
                0x2000d170       0x3e ./USB_DEVICE/Target/usbd_conf.o
                0x2000d170                USBD_LL_StallEP
 .text.USBD_LL_ClearStallEP
                0x2000d1ae       0x3e ./USB_DEVICE/Target/usbd_conf.o
                0x2000d1ae                USBD_LL_ClearStallEP
 .text.USBD_LL_IsStallEP
                0x2000d1ec       0x58 ./USB_DEVICE/Target/usbd_conf.o
                0x2000d1ec                USBD_LL_IsStallEP
 .text.USBD_LL_SetUSBAddress
                0x2000d244       0x3e ./USB_DEVICE/Target/usbd_conf.o
                0x2000d244                USBD_LL_SetUSBAddress
 .text.USBD_LL_Transmit
                0x2000d282       0x42 ./USB_DEVICE/Target/usbd_conf.o
                0x2000d282                USBD_LL_Transmit
 .text.USBD_LL_PrepareReceive
                0x2000d2c4       0x42 ./USB_DEVICE/Target/usbd_conf.o
                0x2000d2c4                USBD_LL_PrepareReceive
 .text.USBD_LL_GetRxDataSize
                0x2000d306       0x26 ./USB_DEVICE/Target/usbd_conf.o
                0x2000d306                USBD_LL_GetRxDataSize
 .text.HAL_PCDEx_LPM_Callback
                0x2000d32c       0x9c ./USB_DEVICE/Target/usbd_conf.o
                0x2000d32c                HAL_PCDEx_LPM_Callback
 .text.SystemClockConfig_Resume
                0x2000d3c8        0xc ./USB_DEVICE/Target/usbd_conf.o
 .text.USBD_Get_USB_Status
                0x2000d3d4       0x58 ./USB_DEVICE/Target/usbd_conf.o
                0x2000d3d4                USBD_Get_USB_Status
 .text.malloc   0x2000d42c       0x10 C:/ST/STM32CubeIDE_1.15.1/STM32CubeIDE/plugins/com.st.stm32cube.ide.mcu.externaltools.gnu-tools-for-stm32.12.3.rel1.win32_1.0.100.202403111256/tools/bin/../lib/gcc/arm-none-eabi/12.3.1/../../../../arm-none-eabi/lib/thumb/v7e-m+fp/hard\libc_nano.a(libc_a-malloc.o)
                0x2000d42c                malloc
 .text.free     0x2000d43c       0x10 C:/ST/STM32CubeIDE_1.15.1/STM32CubeIDE/plugins/com.st.stm32cube.ide.mcu.externaltools.gnu-tools-for-stm32.12.3.rel1.win32_1.0.100.202403111256/tools/bin/../lib/gcc/arm-none-eabi/12.3.1/../../../../arm-none-eabi/lib/thumb/v7e-m+fp/hard\libc_nano.a(libc_a-malloc.o)
                0x2000d43c                free
 .text.sbrk_aligned
                0x2000d44c       0x44 C:/ST/STM32CubeIDE_1.15.1/STM32CubeIDE/plugins/com.st.stm32cube.ide.mcu.externaltools.gnu-tools-for-stm32.12.3.rel1.win32_1.0.100.202403111256/tools/bin/../lib/gcc/arm-none-eabi/12.3.1/../../../../arm-none-eabi/lib/thumb/v7e-m+fp/hard\libc_nano.a(libc_a-mallocr.o)
 .text._malloc_r
                0x2000d490      0x100 C:/ST/STM32CubeIDE_1.15.1/STM32CubeIDE/plugins/com.st.stm32cube.ide.mcu.externaltools.gnu-tools-for-stm32.12.3.rel1.win32_1.0.100.202403111256/tools/bin/../lib/gcc/arm-none-eabi/12.3.1/../../../../arm-none-eabi/lib/thumb/v7e-m+fp/hard\libc_nano.a(libc_a-mallocr.o)
                0x2000d490                _malloc_r
 .text.__malloc_lock
                0x2000d590        0xc C:/ST/STM32CubeIDE_1.15.1/STM32CubeIDE/plugins/com.st.stm32cube.ide.mcu.externaltools.gnu-tools-for-stm32.12.3.rel1.win32_1.0.100.202403111256/tools/bin/../lib/gcc/arm-none-eabi/12.3.1/../../../../arm-none-eabi/lib/thumb/v7e-m+fp/hard\libc_nano.a(libc_a-mlock.o)
                0x2000d590                __malloc_lock
 .text.__malloc_unlock
                0x2000d59c        0xc C:/ST/STM32CubeIDE_1.15.1/STM32CubeIDE/plugins/com.st.stm32cube.ide.mcu.externaltools.gnu-tools-for-stm32.12.3.rel1.win32_1.0.100.202403111256/tools/bin/../lib/gcc/arm-none-eabi/12.3.1/../../../../arm-none-eabi/lib/thumb/v7e-m+fp/hard\libc_nano.a(libc_a-mlock.o)
                0x2000d59c                __malloc_unlock
 .text.memset   0x2000d5a8       0x10 C:/ST/STM32CubeIDE_1.15.1/STM32CubeIDE/plugins/com.st.stm32cube.ide.mcu.externaltools.gnu-tools-for-stm32.12.3.rel1.win32_1.0.100.202403111256/tools/bin/../lib/gcc/arm-none-eabi/12.3.1/../../../../arm-none-eabi/lib/thumb/v7e-m+fp/hard\libc_nano.a(libc_a-memset.o)
                0x2000d5a8                memset
 .text._sbrk_r  0x2000d5b8       0x20 C:/ST/STM32CubeIDE_1.15.1/STM32CubeIDE/plugins/com.st.stm32cube.ide.mcu.externaltools.gnu-tools-for-stm32.12.3.rel1.win32_1.0.100.202403111256/tools/bin/../lib/gcc/arm-none-eabi/12.3.1/../../../../arm-none-eabi/lib/thumb/v7e-m+fp/hard\libc_nano.a(libc_a-sbrkr.o)
                0x2000d5b8                _sbrk_r
 .text.__errno  0x2000d5d8        0xc C:/ST/STM32CubeIDE_1.15.1/STM32CubeIDE/plugins/com.st.stm32cube.ide.mcu.externaltools.gnu-tools-for-stm32.12.3.rel1.win32_1.0.100.202403111256/tools/bin/../lib/gcc/arm-none-eabi/12.3.1/../../../../arm-none-eabi/lib/thumb/v7e-m+fp/hard\libc_nano.a(libc_a-errno.o)
                0x2000d5d8                __errno
 .text.__libc_init_array
                0x2000d5e4       0x48 C:/ST/STM32CubeIDE_1.15.1/STM32CubeIDE/plugins/com.st.stm32cube.ide.mcu.externaltools.gnu-tools-for-stm32.12.3.rel1.win32_1.0.100.202403111256/tools/bin/../lib/gcc/arm-none-eabi/12.3.1/../../../../arm-none-eabi/lib/thumb/v7e-m+fp/hard\libc_nano.a(libc_a-init.o)
                0x2000d5e4                __libc_init_array
 .text.__retarget_lock_acquire_recursive
                0x2000d62c        0x2 C:/ST/STM32CubeIDE_1.15.1/STM32CubeIDE/plugins/com.st.stm32cube.ide.mcu.externaltools.gnu-tools-for-stm32.12.3.rel1.win32_1.0.100.202403111256/tools/bin/../lib/gcc/arm-none-eabi/12.3.1/../../../../arm-none-eabi/lib/thumb/v7e-m+fp/hard\libc_nano.a(libc_a-lock.o)
                0x2000d62c                __retarget_lock_acquire_recursive
 .text.__retarget_lock_release_recursive
                0x2000d62e        0x2 C:/ST/STM32CubeIDE_1.15.1/STM32CubeIDE/plugins/com.st.stm32cube.ide.mcu.externaltools.gnu-tools-for-stm32.12.3.rel1.win32_1.0.100.202403111256/tools/bin/../lib/gcc/arm-none-eabi/12.3.1/../../../../arm-none-eabi/lib/thumb/v7e-m+fp/hard\libc_nano.a(libc_a-lock.o)
                0x2000d62e                __retarget_lock_release_recursive
 .text.memcpy   0x2000d630       0x1c C:/ST/STM32CubeIDE_1.15.1/STM32CubeIDE/plugins/com.st.stm32cube.ide.mcu.externaltools.gnu-tools-for-stm32.12.3.rel1.win32_1.0.100.202403111256/tools/bin/../lib/gcc/arm-none-eabi/12.3.1/../../../../arm-none-eabi/lib/thumb/v7e-m+fp/hard\libc_nano.a(libc_a-memcpy-stub.o)
                0x2000d630                memcpy
 .text._free_r  0x2000d64c       0x94 C:/ST/STM32CubeIDE_1.15.1/STM32CubeIDE/plugins/com.st.stm32cube.ide.mcu.externaltools.gnu-tools-for-stm32.12.3.rel1.win32_1.0.100.202403111256/tools/bin/../lib/gcc/arm-none-eabi/12.3.1/../../../../arm-none-eabi/lib/thumb/v7e-m+fp/hard\libc_nano.a(libc_a-freer.o)
                0x2000d64c                _free_r
 *(.glue_7)
 .glue_7        0x2000d6e0        0x0 linker stubs
 *(.glue_7t)
 .glue_7t       0x2000d6e0        0x0 linker stubs
 *(.eh_frame)
 .eh_frame      0x2000d6e0        0x0 C:/ST/STM32CubeIDE_1.15.1/STM32CubeIDE/plugins/com.st.stm32cube.ide.mcu.externaltools.gnu-tools-for-stm32.12.3.rel1.win32_1.0.100.202403111256/tools/bin/../lib/gcc/arm-none-eabi/12.3.1/thumb/v7e-m+fp/hard/crtbegin.o
 *(.RamFunc)
 *(.RamFunc*)
 *(.init)
 .init          0x2000d6e0        0x4 C:/ST/STM32CubeIDE_1.15.1/STM32CubeIDE/plugins/com.st.stm32cube.ide.mcu.externaltools.gnu-tools-for-stm32.12.3.rel1.win32_1.0.100.202403111256/tools/bin/../lib/gcc/arm-none-eabi/12.3.1/thumb/v7e-m+fp/hard/crti.o
                0x2000d6e0                _init
 .init          0x2000d6e4        0x8 C:/ST/STM32CubeIDE_1.15.1/STM32CubeIDE/plugins/com.st.stm32cube.ide.mcu.externaltools.gnu-tools-for-stm32.12.3.rel1.win32_1.0.100.202403111256/tools/bin/../lib/gcc/arm-none-eabi/12.3.1/thumb/v7e-m+fp/hard/crtn.o
 *(.fini)
 .fini          0x2000d6ec        0x4 C:/ST/STM32CubeIDE_1.15.1/STM32CubeIDE/plugins/com.st.stm32cube.ide.mcu.externaltools.gnu-tools-for-stm32.12.3.rel1.win32_1.0.100.202403111256/tools/bin/../lib/gcc/arm-none-eabi/12.3.1/thumb/v7e-m+fp/hard/crti.o
                0x2000d6ec                _fini
 .fini          0x2000d6f0        0x8 C:/ST/STM32CubeIDE_1.15.1/STM32CubeIDE/plugins/com.st.stm32cube.ide.mcu.externaltools.gnu-tools-for-stm32.12.3.rel1.win32_1.0.100.202403111256/tools/bin/../lib/gcc/arm-none-eabi/12.3.1/thumb/v7e-m+fp/hard/crtn.o
                0x2000d6f8                        . = ALIGN (0x4)
                0x2000d6f8                        _etext = .

.vfp11_veneer   0x2000d6f8        0x0
 .vfp11_veneer  0x2000d6f8        0x0 linker stubs

.v4_bx          0x2000d6f8        0x0
 .v4_bx         0x2000d6f8        0x0 linker stubs

.iplt           0x2000d6f8        0x0
 .iplt          0x2000d6f8        0x0 C:/ST/STM32CubeIDE_1.15.1/STM32CubeIDE/plugins/com.st.stm32cube.ide.mcu.externaltools.gnu-tools-for-stm32.12.3.rel1.win32_1.0.100.202403111256/tools/bin/../lib/gcc/arm-none-eabi/12.3.1/thumb/v7e-m+fp/hard/crtbegin.o

.rodata         0x2000d6f8       0x60
                0x2000d6f8                        . = ALIGN (0x4)
 *(.rodata)
 .rodata        0x2000d6f8       0x3f ./USB_DEVICE/App/usbd_desc.o
 *(.rodata*)
 *fill*         0x2000d737        0x1 
 .rodata.DAP_FW_Ver
                0x2000d738        0x6 ./Core/Src/DAP.o
 *fill*         0x2000d73e        0x2 
 .rodata.AHBPrescTable
                0x2000d740       0x10 ./Core/Src/system_stm32f7xx.o
                0x2000d740                AHBPrescTable
 .rodata.APBPrescTable
                0x2000d750        0x8 ./Core/Src/system_stm32f7xx.o
                0x2000d750                APBPrescTable
                0x2000d758                        . = ALIGN (0x4)

.ARM.extab      0x2000d758        0x0
                0x2000d758                        . = ALIGN (0x4)
 *(.ARM.extab* .gnu.linkonce.armextab.*)
                0x2000d758                        . = ALIGN (0x4)

.ARM            0x2000d758        0x8
                0x2000d758                        . = ALIGN (0x4)
                0x2000d758                        __exidx_start = .
 *(.ARM.exidx*)
 .ARM.exidx     0x2000d758        0x8 C:/ST/STM32CubeIDE_1.15.1/STM32CubeIDE/plugins/com.st.stm32cube.ide.mcu.externaltools.gnu-tools-for-stm32.12.3.rel1.win32_1.0.100.202403111256/tools/bin/../lib/gcc/arm-none-eabi/12.3.1/thumb/v7e-m+fp/hard\libgcc.a(_udivmoddi4.o)
                0x2000d760                        __exidx_end = .
                0x2000d760                        . = ALIGN (0x4)

.preinit_array  0x2000d760        0x0
                0x2000d760                        . = ALIGN (0x4)
                0x2000d760                        PROVIDE (__preinit_array_start = .)
 *(.preinit_array*)
                0x2000d760                        PROVIDE (__preinit_array_end = .)
                0x2000d760                        . = ALIGN (0x4)

.init_array     0x2000d760        0x4
                0x2000d760                        . = ALIGN (0x4)
                0x2000d760                        PROVIDE (__init_array_start = .)
 *(SORT_BY_NAME(.init_array.*))
 *(.init_array*)
 .init_array    0x2000d760        0x4 C:/ST/STM32CubeIDE_1.15.1/STM32CubeIDE/plugins/com.st.stm32cube.ide.mcu.externaltools.gnu-tools-for-stm32.12.3.rel1.win32_1.0.100.202403111256/tools/bin/../lib/gcc/arm-none-eabi/12.3.1/thumb/v7e-m+fp/hard/crtbegin.o
                0x2000d764                        PROVIDE (__init_array_end = .)
                0x2000d764                        . = ALIGN (0x4)

.fini_array     0x2000d764        0x4
                0x2000d764                        . = ALIGN (0x4)
                [!provide]                        PROVIDE (__fini_array_start = .)
 *(SORT_BY_NAME(.fini_array.*))
 *(.fini_array*)
 .fini_array    0x2000d764        0x4 C:/ST/STM32CubeIDE_1.15.1/STM32CubeIDE/plugins/com.st.stm32cube.ide.mcu.externaltools.gnu-tools-for-stm32.12.3.rel1.win32_1.0.100.202403111256/tools/bin/../lib/gcc/arm-none-eabi/12.3.1/thumb/v7e-m+fp/hard/crtbegin.o
                [!provide]                        PROVIDE (__fini_array_end = .)
                0x2000d768                        . = ALIGN (0x4)
                0x2000d768                        _sidata = LOADADDR (.data)

.rel.dyn        0x2000d768        0x0
 .rel.iplt      0x2000d768        0x0 C:/ST/STM32CubeIDE_1.15.1/STM32CubeIDE/plugins/com.st.stm32cube.ide.mcu.externaltools.gnu-tools-for-stm32.12.3.rel1.win32_1.0.100.202403111256/tools/bin/../lib/gcc/arm-none-eabi/12.3.1/thumb/v7e-m+fp/hard/crtbegin.o

.data           0x2000d768      0x188
                0x2000d768                        . = ALIGN (0x4)
                0x2000d768                        _sdata = .
 *(.data)
 *(.data*)
 .data.SystemCoreClock
                0x2000d768        0x4 ./Core/Src/system_stm32f7xx.o
                0x2000d768                SystemCoreClock
 .data.uwTickPrio
                0x2000d76c        0x4 ./Drivers/STM32F7xx_HAL_Driver/Src/stm32f7xx_hal.o
                0x2000d76c                uwTickPrio
 .data.uwTickFreq
                0x2000d770        0x1 ./Drivers/STM32F7xx_HAL_Driver/Src/stm32f7xx_hal.o
                0x2000d770                uwTickFreq
 *fill*         0x2000d771        0x3 
 .data.USBD_CUSTOM_HID
                0x2000d774       0x38 ./Middlewares/ST/STM32_USB_Device_Library/Class/CustomHID/Src/usbd_customhid.o
                0x2000d774                USBD_CUSTOM_HID
 .data.USBD_CUSTOM_HID_CfgDesc
                0x2000d7ac       0x29 ./Middlewares/ST/STM32_USB_Device_Library/Class/CustomHID/Src/usbd_customhid.o
 *fill*         0x2000d7d5        0x3 
 .data.USBD_CUSTOM_HID_Desc
                0x2000d7d8        0x9 ./Middlewares/ST/STM32_USB_Device_Library/Class/CustomHID/Src/usbd_customhid.o
 *fill*         0x2000d7e1        0x3 
 .data.USBD_CUSTOM_HID_DeviceQualifierDesc
                0x2000d7e4        0xa ./Middlewares/ST/STM32_USB_Device_Library/Class/CustomHID/Src/usbd_customhid.o
 .data.CUSTOMHIDInEpAdd
                0x2000d7ee        0x1 ./Middlewares/ST/STM32_USB_Device_Library/Class/CustomHID/Src/usbd_customhid.o
 .data.CUSTOMHIDOutEpAdd
                0x2000d7ef        0x1 ./Middlewares/ST/STM32_USB_Device_Library/Class/CustomHID/Src/usbd_customhid.o
 .data.CUSTOM_HID_ReportDesc_FS
                0x2000d7f0       0x40 ./USB_DEVICE/App/usbd_custom_hid_if.o
 .data.USBD_CustomHID_fops_FS
                0x2000d830       0x10 ./USB_DEVICE/App/usbd_custom_hid_if.o
                0x2000d830                USBD_CustomHID_fops_FS
 .data.FS_Desc  0x2000d840       0x20 ./USB_DEVICE/App/usbd_desc.o
                0x2000d840                FS_Desc
 .data.USBD_FS_DeviceDesc
                0x2000d860       0x12 ./USB_DEVICE/App/usbd_desc.o
                0x2000d860                USBD_FS_DeviceDesc
 *fill*         0x2000d872        0x2 
 .data.USBD_FS_BOSDesc
                0x2000d874        0xc ./USB_DEVICE/App/usbd_desc.o
                0x2000d874                USBD_FS_BOSDesc
 .data.USBD_LangIDDesc
                0x2000d880        0x4 ./USB_DEVICE/App/usbd_desc.o
                0x2000d880                USBD_LangIDDesc
 .data.USBD_StringSerial
                0x2000d884       0x1a ./USB_DEVICE/App/usbd_desc.o
                0x2000d884                USBD_StringSerial
 *fill*         0x2000d89e        0x2 
 .data._impure_ptr
                0x2000d8a0        0x4 C:/ST/STM32CubeIDE_1.15.1/STM32CubeIDE/plugins/com.st.stm32cube.ide.mcu.externaltools.gnu-tools-for-stm32.12.3.rel1.win32_1.0.100.202403111256/tools/bin/../lib/gcc/arm-none-eabi/12.3.1/../../../../arm-none-eabi/lib/thumb/v7e-m+fp/hard\libc_nano.a(libc_a-impure.o)
                0x2000d8a0                _impure_ptr
 .data._impure_data
                0x2000d8a4       0x4c C:/ST/STM32CubeIDE_1.15.1/STM32CubeIDE/plugins/com.st.stm32cube.ide.mcu.externaltools.gnu-tools-for-stm32.12.3.rel1.win32_1.0.100.202403111256/tools/bin/../lib/gcc/arm-none-eabi/12.3.1/../../../../arm-none-eabi/lib/thumb/v7e-m+fp/hard\libc_nano.a(libc_a-impure.o)
                0x2000d8a4                _impure_data
                0x2000d8f0                        . = ALIGN (0x4)
                0x2000d8f0                        _edata = .

.igot.plt       0x2000d8f0        0x0
 .igot.plt      0x2000d8f0        0x0 C:/ST/STM32CubeIDE_1.15.1/STM32CubeIDE/plugins/com.st.stm32cube.ide.mcu.externaltools.gnu-tools-for-stm32.12.3.rel1.win32_1.0.100.202403111256/tools/bin/../lib/gcc/arm-none-eabi/12.3.1/thumb/v7e-m+fp/hard/crtbegin.o

.RxDecripSection
                0x2000d8f0       0xa0
 .RxDecripSection
                0x2000d8f0       0xa0 ./Core/Src/main.o
                0x2000d8f0                DMARxDscrTab

.TxDecripSection
                0x2000d990       0xa0
 .TxDecripSection
                0x2000d990       0xa0 ./Core/Src/main.o
                0x2000d990                DMATxDscrTab
                0x2000da30                        . = ALIGN (0x4)

.bss            0x2000da30     0x1ee0
                0x2000da30                        _sbss = .
                0x2000da30                        __bss_start__ = _sbss
 *(.bss)
 .bss           0x2000da30       0x1c C:/ST/STM32CubeIDE_1.15.1/STM32CubeIDE/plugins/com.st.stm32cube.ide.mcu.externaltools.gnu-tools-for-stm32.12.3.rel1.win32_1.0.100.202403111256/tools/bin/../lib/gcc/arm-none-eabi/12.3.1/thumb/v7e-m+fp/hard/crtbegin.o
 *(.bss*)
 .bss.DAP_Data  0x2000da4c       0x44 ./Core/Src/DAP.o
                0x2000da4c                DAP_Data
 .bss.DAP_TransferAbort
                0x2000da90        0x1 ./Core/Src/DAP.o
                0x2000da90                DAP_TransferAbort
 *fill*         0x2000da91        0x3 
 .bss.TMS_SEQ_ARR
                0x2000da94      0x400 ./Core/Src/JTAG_DP.o
                0x2000da94                TMS_SEQ_ARR
 .bss.TDI_SEQ_ARR
                0x2000de94      0x400 ./Core/Src/JTAG_DP.o
                0x2000de94                TDI_SEQ_ARR
 .bss.TDO_SEQ_ARR
                0x2000e294      0x400 ./Core/Src/JTAG_DP.o
                0x2000e294                TDO_SEQ_ARR
 .bss.TDO_PROCESSED_SEQ_ARR
                0x2000e694      0x400 ./Core/Src/JTAG_DP.o
                0x2000e694                TDO_PROCESSED_SEQ_ARR
 .bss.firstTime.4
                0x2000ea94        0x4 ./Core/Src/JTAG_DP.o
 .bss.cnt.3     0x2000ea98        0x4 ./Core/Src/JTAG_DP.o
 .bss.memcpy_first.2
                0x2000ea9c        0x4 ./Core/Src/JTAG_DP.o
 .bss.memcpy_elapsed_time.1
                0x2000eaa0        0x4 ./Core/Src/JTAG_DP.o
 .bss.elapsed_time.0
                0x2000eaa4        0x4 ./Core/Src/JTAG_DP.o
 .bss.TxConfig  0x2000eaa8       0x38 ./Core/Src/main.o
                0x2000eaa8                TxConfig
 .bss.heth      0x2000eae0       0xb0 ./Core/Src/main.o
                0x2000eae0                heth
 .bss.hspi1     0x2000eb90       0x64 ./Core/Src/main.o
                0x2000eb90                hspi1
 .bss.hspi4     0x2000ebf4       0x64 ./Core/Src/main.o
                0x2000ebf4                hspi4
 .bss.huart3    0x2000ec58       0x88 ./Core/Src/main.o
                0x2000ec58                huart3
 .bss.wrBuff    0x2000ece0       0x80 ./Core/Src/main.o
                0x2000ece0                wrBuff
 .bss.rdBuff    0x2000ed60       0x80 ./Core/Src/main.o
                0x2000ed60                rdBuff
 .bss.wrIdx     0x2000ede0        0x1 ./Core/Src/main.o
                0x2000ede0                wrIdx
 *fill*         0x2000ede1        0x3 
 .bss.msgAvailable
                0x2000ede4        0x4 ./Core/Src/main.o
                0x2000ede4                msgAvailable
 .bss.pupdr     0x2000ede8        0x4 ./Core/Src/main.o
                0x2000ede8                pupdr
 .bss.afr       0x2000edec        0x4 ./Core/Src/main.o
                0x2000edec                afr
 .bss.moder     0x2000edf0        0x4 ./Core/Src/main.o
                0x2000edf0                moder
 .bss.MACAddr.0
                0x2000edf4        0x6 ./Core/Src/main.o
 *fill*         0x2000edfa        0x2 
 .bss.cnt       0x2000edfc        0x4 ./Core/Src/stm32f7xx_it.o
                0x2000edfc                cnt
 .bss.__sbrk_heap_end
                0x2000ee00        0x4 ./Core/Src/sysmem.o
 .bss.uwTick    0x2000ee04        0x4 ./Drivers/STM32F7xx_HAL_Driver/Src/stm32f7xx_hal.o
                0x2000ee04                uwTick
 .bss.cfgidx.0  0x2000ee08        0x1 ./Middlewares/ST/STM32_USB_Device_Library/Core/Src/usbd_ctlreq.o
 *fill*         0x2000ee09        0x3 
 .bss.hUsbDeviceFS
                0x2000ee0c      0x2dc ./USB_DEVICE/App/usb_device.o
                0x2000ee0c                hUsbDeviceFS
 .bss.USBD_StrDesc
                0x2000f0e8      0x200 ./USB_DEVICE/App/usbd_desc.o
                0x2000f0e8                USBD_StrDesc
 .bss.hpcd_USB_OTG_FS
                0x2000f2e8      0x4e0 ./USB_DEVICE/Target/usbd_conf.o
                0x2000f2e8                hpcd_USB_OTG_FS
 .bss.__malloc_sbrk_start
                0x2000f7c8        0x4 C:/ST/STM32CubeIDE_1.15.1/STM32CubeIDE/plugins/com.st.stm32cube.ide.mcu.externaltools.gnu-tools-for-stm32.12.3.rel1.win32_1.0.100.202403111256/tools/bin/../lib/gcc/arm-none-eabi/12.3.1/../../../../arm-none-eabi/lib/thumb/v7e-m+fp/hard\libc_nano.a(libc_a-mallocr.o)
                0x2000f7c8                __malloc_sbrk_start
 .bss.__malloc_free_list
                0x2000f7cc        0x4 C:/ST/STM32CubeIDE_1.15.1/STM32CubeIDE/plugins/com.st.stm32cube.ide.mcu.externaltools.gnu-tools-for-stm32.12.3.rel1.win32_1.0.100.202403111256/tools/bin/../lib/gcc/arm-none-eabi/12.3.1/../../../../arm-none-eabi/lib/thumb/v7e-m+fp/hard\libc_nano.a(libc_a-mallocr.o)
                0x2000f7cc                __malloc_free_list
 .bss.__sf      0x2000f7d0      0x138 C:/ST/STM32CubeIDE_1.15.1/STM32CubeIDE/plugins/com.st.stm32cube.ide.mcu.externaltools.gnu-tools-for-stm32.12.3.rel1.win32_1.0.100.202403111256/tools/bin/../lib/gcc/arm-none-eabi/12.3.1/../../../../arm-none-eabi/lib/thumb/v7e-m+fp/hard\libc_nano.a(libc_a-findfp.o)
                0x2000f7d0                __sf
 .bss.errno     0x2000f908        0x4 C:/ST/STM32CubeIDE_1.15.1/STM32CubeIDE/plugins/com.st.stm32cube.ide.mcu.externaltools.gnu-tools-for-stm32.12.3.rel1.win32_1.0.100.202403111256/tools/bin/../lib/gcc/arm-none-eabi/12.3.1/../../../../arm-none-eabi/lib/thumb/v7e-m+fp/hard\libc_nano.a(libc_a-reent.o)
                0x2000f908                errno
 .bss.__lock___malloc_recursive_mutex
                0x2000f90c        0x1 C:/ST/STM32CubeIDE_1.15.1/STM32CubeIDE/plugins/com.st.stm32cube.ide.mcu.externaltools.gnu-tools-for-stm32.12.3.rel1.win32_1.0.100.202403111256/tools/bin/../lib/gcc/arm-none-eabi/12.3.1/../../../../arm-none-eabi/lib/thumb/v7e-m+fp/hard\libc_nano.a(libc_a-lock.o)
                0x2000f90c                __lock___malloc_recursive_mutex
 *(COMMON)
                0x2000f910                        . = ALIGN (0x4)
 *fill*         0x2000f90d        0x3 
                0x2000f910                        _ebss = .
                0x2000f910                        __bss_end__ = _ebss

._user_heap_stack
                0x2000f910      0x600
                0x2000f910                        . = ALIGN (0x8)
                [!provide]                        PROVIDE (end = .)
                0x2000f910                        PROVIDE (_end = .)
                0x2000fb10                        . = (. + _Min_Heap_Size)
 *fill*         0x2000f910      0x200 
                0x2000ff10                        . = (. + _Min_Stack_Size)
 *fill*         0x2000fb10      0x400 
                0x2000ff10                        . = ALIGN (0x8)

/DISCARD/
 libc.a(*)
 libm.a(*)
 libgcc.a(*)

.ARM.attributes
                0x00000000       0x30
 *(.ARM.attributes)
 .ARM.attributes
                0x00000000       0x22 C:/ST/STM32CubeIDE_1.15.1/STM32CubeIDE/plugins/com.st.stm32cube.ide.mcu.externaltools.gnu-tools-for-stm32.12.3.rel1.win32_1.0.100.202403111256/tools/bin/../lib/gcc/arm-none-eabi/12.3.1/thumb/v7e-m+fp/hard/crti.o
 .ARM.attributes
                0x00000022       0x34 C:/ST/STM32CubeIDE_1.15.1/STM32CubeIDE/plugins/com.st.stm32cube.ide.mcu.externaltools.gnu-tools-for-stm32.12.3.rel1.win32_1.0.100.202403111256/tools/bin/../lib/gcc/arm-none-eabi/12.3.1/thumb/v7e-m+fp/hard/crtbegin.o
 .ARM.attributes
                0x00000056       0x34 ./Core/Src/DAP.o
 .ARM.attributes
                0x0000008a       0x34 ./Core/Src/DAP_vendor.o
 .ARM.attributes
                0x000000be       0x34 ./Core/Src/JTAG_DP.o
 .ARM.attributes
                0x000000f2       0x34 ./Core/Src/SW_DP.o
 .ARM.attributes
                0x00000126       0x34 ./Core/Src/jtag.o
 .ARM.attributes
                0x0000015a       0x34 ./Core/Src/main.o
 .ARM.attributes
                0x0000018e       0x34 ./Core/Src/stm32f7xx_hal_msp.o
 .ARM.attributes
                0x000001c2       0x34 ./Core/Src/stm32f7xx_it.o
 .ARM.attributes
                0x000001f6       0x34 ./Core/Src/sysmem.o
 .ARM.attributes
                0x0000022a       0x34 ./Core/Src/system_stm32f7xx.o
 .ARM.attributes
                0x0000025e       0x21 ./Core/Startup/startup_stm32f746zgtx.o
 .ARM.attributes
                0x0000027f       0x34 ./Drivers/STM32F7xx_HAL_Driver/Src/stm32f7xx_hal.o
 .ARM.attributes
                0x000002b3       0x34 ./Drivers/STM32F7xx_HAL_Driver/Src/stm32f7xx_hal_cortex.o
 .ARM.attributes
                0x000002e7       0x34 ./Drivers/STM32F7xx_HAL_Driver/Src/stm32f7xx_hal_eth.o
 .ARM.attributes
                0x0000031b       0x34 ./Drivers/STM32F7xx_HAL_Driver/Src/stm32f7xx_hal_gpio.o
 .ARM.attributes
                0x0000034f       0x34 ./Drivers/STM32F7xx_HAL_Driver/Src/stm32f7xx_hal_pcd.o
 .ARM.attributes
                0x00000383       0x34 ./Drivers/STM32F7xx_HAL_Driver/Src/stm32f7xx_hal_pcd_ex.o
 .ARM.attributes
                0x000003b7       0x34 ./Drivers/STM32F7xx_HAL_Driver/Src/stm32f7xx_hal_pwr.o
 .ARM.attributes
                0x000003eb       0x34 ./Drivers/STM32F7xx_HAL_Driver/Src/stm32f7xx_hal_pwr_ex.o
 .ARM.attributes
                0x0000041f       0x34 ./Drivers/STM32F7xx_HAL_Driver/Src/stm32f7xx_hal_rcc.o
 .ARM.attributes
                0x00000453       0x34 ./Drivers/STM32F7xx_HAL_Driver/Src/stm32f7xx_hal_rcc_ex.o
 .ARM.attributes
                0x00000487       0x34 ./Drivers/STM32F7xx_HAL_Driver/Src/stm32f7xx_hal_spi.o
 .ARM.attributes
                0x000004bb       0x34 ./Drivers/STM32F7xx_HAL_Driver/Src/stm32f7xx_hal_uart.o
 .ARM.attributes
                0x000004ef       0x34 ./Drivers/STM32F7xx_HAL_Driver/Src/stm32f7xx_ll_usb.o
 .ARM.attributes
                0x00000523       0x34 ./Middlewares/ST/STM32_USB_Device_Library/Class/CustomHID/Src/usbd_customhid.o
 .ARM.attributes
                0x00000557       0x34 ./Middlewares/ST/STM32_USB_Device_Library/Core/Src/usbd_core.o
 .ARM.attributes
                0x0000058b       0x34 ./Middlewares/ST/STM32_USB_Device_Library/Core/Src/usbd_ctlreq.o
 .ARM.attributes
                0x000005bf       0x34 ./Middlewares/ST/STM32_USB_Device_Library/Core/Src/usbd_ioreq.o
 .ARM.attributes
                0x000005f3       0x34 ./USB_DEVICE/App/usb_device.o
 .ARM.attributes
                0x00000627       0x34 ./USB_DEVICE/App/usbd_custom_hid_if.o
 .ARM.attributes
                0x0000065b       0x34 ./USB_DEVICE/App/usbd_desc.o
 .ARM.attributes
                0x0000068f       0x34 ./USB_DEVICE/Target/usbd_conf.o
 .ARM.attributes
                0x000006c3       0x34 C:/ST/STM32CubeIDE_1.15.1/STM32CubeIDE/plugins/com.st.stm32cube.ide.mcu.externaltools.gnu-tools-for-stm32.12.3.rel1.win32_1.0.100.202403111256/tools/bin/../lib/gcc/arm-none-eabi/12.3.1/../../../../arm-none-eabi/lib/thumb/v7e-m+fp/hard\libc_nano.a(libc_a-malloc.o)
 .ARM.attributes
                0x000006f7       0x34 C:/ST/STM32CubeIDE_1.15.1/STM32CubeIDE/plugins/com.st.stm32cube.ide.mcu.externaltools.gnu-tools-for-stm32.12.3.rel1.win32_1.0.100.202403111256/tools/bin/../lib/gcc/arm-none-eabi/12.3.1/../../../../arm-none-eabi/lib/thumb/v7e-m+fp/hard\libc_nano.a(libc_a-mallocr.o)
 .ARM.attributes
                0x0000072b       0x34 C:/ST/STM32CubeIDE_1.15.1/STM32CubeIDE/plugins/com.st.stm32cube.ide.mcu.externaltools.gnu-tools-for-stm32.12.3.rel1.win32_1.0.100.202403111256/tools/bin/../lib/gcc/arm-none-eabi/12.3.1/../../../../arm-none-eabi/lib/thumb/v7e-m+fp/hard\libc_nano.a(libc_a-mlock.o)
 .ARM.attributes
                0x0000075f       0x34 C:/ST/STM32CubeIDE_1.15.1/STM32CubeIDE/plugins/com.st.stm32cube.ide.mcu.externaltools.gnu-tools-for-stm32.12.3.rel1.win32_1.0.100.202403111256/tools/bin/../lib/gcc/arm-none-eabi/12.3.1/../../../../arm-none-eabi/lib/thumb/v7e-m+fp/hard\libc_nano.a(libc_a-findfp.o)
 .ARM.attributes
                0x00000793       0x34 C:/ST/STM32CubeIDE_1.15.1/STM32CubeIDE/plugins/com.st.stm32cube.ide.mcu.externaltools.gnu-tools-for-stm32.12.3.rel1.win32_1.0.100.202403111256/tools/bin/../lib/gcc/arm-none-eabi/12.3.1/../../../../arm-none-eabi/lib/thumb/v7e-m+fp/hard\libc_nano.a(libc_a-memset.o)
 .ARM.attributes
                0x000007c7       0x34 C:/ST/STM32CubeIDE_1.15.1/STM32CubeIDE/plugins/com.st.stm32cube.ide.mcu.externaltools.gnu-tools-for-stm32.12.3.rel1.win32_1.0.100.202403111256/tools/bin/../lib/gcc/arm-none-eabi/12.3.1/../../../../arm-none-eabi/lib/thumb/v7e-m+fp/hard\libc_nano.a(libc_a-reent.o)
 .ARM.attributes
                0x000007fb       0x34 C:/ST/STM32CubeIDE_1.15.1/STM32CubeIDE/plugins/com.st.stm32cube.ide.mcu.externaltools.gnu-tools-for-stm32.12.3.rel1.win32_1.0.100.202403111256/tools/bin/../lib/gcc/arm-none-eabi/12.3.1/../../../../arm-none-eabi/lib/thumb/v7e-m+fp/hard\libc_nano.a(libc_a-impure.o)
 .ARM.attributes
                0x0000082f       0x34 C:/ST/STM32CubeIDE_1.15.1/STM32CubeIDE/plugins/com.st.stm32cube.ide.mcu.externaltools.gnu-tools-for-stm32.12.3.rel1.win32_1.0.100.202403111256/tools/bin/../lib/gcc/arm-none-eabi/12.3.1/../../../../arm-none-eabi/lib/thumb/v7e-m+fp/hard\libc_nano.a(libc_a-sbrkr.o)
 .ARM.attributes
                0x00000863       0x34 C:/ST/STM32CubeIDE_1.15.1/STM32CubeIDE/plugins/com.st.stm32cube.ide.mcu.externaltools.gnu-tools-for-stm32.12.3.rel1.win32_1.0.100.202403111256/tools/bin/../lib/gcc/arm-none-eabi/12.3.1/../../../../arm-none-eabi/lib/thumb/v7e-m+fp/hard\libc_nano.a(libc_a-errno.o)
 .ARM.attributes
                0x00000897       0x34 C:/ST/STM32CubeIDE_1.15.1/STM32CubeIDE/plugins/com.st.stm32cube.ide.mcu.externaltools.gnu-tools-for-stm32.12.3.rel1.win32_1.0.100.202403111256/tools/bin/../lib/gcc/arm-none-eabi/12.3.1/../../../../arm-none-eabi/lib/thumb/v7e-m+fp/hard\libc_nano.a(libc_a-init.o)
 .ARM.attributes
                0x000008cb       0x34 C:/ST/STM32CubeIDE_1.15.1/STM32CubeIDE/plugins/com.st.stm32cube.ide.mcu.externaltools.gnu-tools-for-stm32.12.3.rel1.win32_1.0.100.202403111256/tools/bin/../lib/gcc/arm-none-eabi/12.3.1/../../../../arm-none-eabi/lib/thumb/v7e-m+fp/hard\libc_nano.a(libc_a-lock.o)
 .ARM.attributes
                0x000008ff       0x34 C:/ST/STM32CubeIDE_1.15.1/STM32CubeIDE/plugins/com.st.stm32cube.ide.mcu.externaltools.gnu-tools-for-stm32.12.3.rel1.win32_1.0.100.202403111256/tools/bin/../lib/gcc/arm-none-eabi/12.3.1/../../../../arm-none-eabi/lib/thumb/v7e-m+fp/hard\libc_nano.a(libc_a-memcpy-stub.o)
 .ARM.attributes
                0x00000933       0x34 C:/ST/STM32CubeIDE_1.15.1/STM32CubeIDE/plugins/com.st.stm32cube.ide.mcu.externaltools.gnu-tools-for-stm32.12.3.rel1.win32_1.0.100.202403111256/tools/bin/../lib/gcc/arm-none-eabi/12.3.1/../../../../arm-none-eabi/lib/thumb/v7e-m+fp/hard\libc_nano.a(libc_a-freer.o)
 .ARM.attributes
                0x00000967       0x22 C:/ST/STM32CubeIDE_1.15.1/STM32CubeIDE/plugins/com.st.stm32cube.ide.mcu.externaltools.gnu-tools-for-stm32.12.3.rel1.win32_1.0.100.202403111256/tools/bin/../lib/gcc/arm-none-eabi/12.3.1/thumb/v7e-m+fp/hard\libgcc.a(_aeabi_uldivmod.o)
 .ARM.attributes
                0x00000989       0x34 C:/ST/STM32CubeIDE_1.15.1/STM32CubeIDE/plugins/com.st.stm32cube.ide.mcu.externaltools.gnu-tools-for-stm32.12.3.rel1.win32_1.0.100.202403111256/tools/bin/../lib/gcc/arm-none-eabi/12.3.1/thumb/v7e-m+fp/hard\libgcc.a(_udivmoddi4.o)
 .ARM.attributes
                0x000009bd       0x22 C:/ST/STM32CubeIDE_1.15.1/STM32CubeIDE/plugins/com.st.stm32cube.ide.mcu.externaltools.gnu-tools-for-stm32.12.3.rel1.win32_1.0.100.202403111256/tools/bin/../lib/gcc/arm-none-eabi/12.3.1/thumb/v7e-m+fp/hard\libgcc.a(_dvmd_tls.o)
 .ARM.attributes
                0x000009df       0x22 C:/ST/STM32CubeIDE_1.15.1/STM32CubeIDE/plugins/com.st.stm32cube.ide.mcu.externaltools.gnu-tools-for-stm32.12.3.rel1.win32_1.0.100.202403111256/tools/bin/../lib/gcc/arm-none-eabi/12.3.1/thumb/v7e-m+fp/hard/crtn.o
OUTPUT(MY_JTAG.elf elf32-littlearm)
LOAD linker stubs
LOAD C:/ST/STM32CubeIDE_1.15.1/STM32CubeIDE/plugins/com.st.stm32cube.ide.mcu.externaltools.gnu-tools-for-stm32.12.3.rel1.win32_1.0.100.202403111256/tools/bin/../lib/gcc/arm-none-eabi/12.3.1/../../../../arm-none-eabi/lib/thumb/v7e-m+fp/hard\libc.a
LOAD C:/ST/STM32CubeIDE_1.15.1/STM32CubeIDE/plugins/com.st.stm32cube.ide.mcu.externaltools.gnu-tools-for-stm32.12.3.rel1.win32_1.0.100.202403111256/tools/bin/../lib/gcc/arm-none-eabi/12.3.1/../../../../arm-none-eabi/lib/thumb/v7e-m+fp/hard\libm.a
LOAD C:/ST/STM32CubeIDE_1.15.1/STM32CubeIDE/plugins/com.st.stm32cube.ide.mcu.externaltools.gnu-tools-for-stm32.12.3.rel1.win32_1.0.100.202403111256/tools/bin/../lib/gcc/arm-none-eabi/12.3.1/thumb/v7e-m+fp/hard\libgcc.a

.debug_info     0x00000000    0x1ea09
 .debug_info    0x00000000     0x181b ./Core/Src/DAP.o
 .debug_info    0x0000181b      0x3a5 ./Core/Src/DAP_vendor.o
 .debug_info    0x00001bc0     0x2217 ./Core/Src/JTAG_DP.o
 .debug_info    0x00003dd7      0xc22 ./Core/Src/SW_DP.o
 .debug_info    0x000049f9      0x63c ./Core/Src/jtag.o
 .debug_info    0x00005035     0x2550 ./Core/Src/main.o
 .debug_info    0x00007585     0x1986 ./Core/Src/stm32f7xx_hal_msp.o
 .debug_info    0x00008f0b      0x68a ./Core/Src/stm32f7xx_it.o
 .debug_info    0x00009595      0x168 ./Core/Src/sysmem.o
 .debug_info    0x000096fd      0x6ed ./Core/Src/system_stm32f7xx.o
 .debug_info    0x00009dea       0x30 ./Core/Startup/startup_stm32f746zgtx.o
 .debug_info    0x00009e1a      0x9d8 ./Drivers/STM32F7xx_HAL_Driver/Src/stm32f7xx_hal.o
 .debug_info    0x0000a7f2      0xf7e ./Drivers/STM32F7xx_HAL_Driver/Src/stm32f7xx_hal_cortex.o
 .debug_info    0x0000b770     0x21aa ./Drivers/STM32F7xx_HAL_Driver/Src/stm32f7xx_hal_eth.o
 .debug_info    0x0000d91a      0x6e7 ./Drivers/STM32F7xx_HAL_Driver/Src/stm32f7xx_hal_gpio.o
 .debug_info    0x0000e001     0x1599 ./Drivers/STM32F7xx_HAL_Driver/Src/stm32f7xx_hal_pcd.o
 .debug_info    0x0000f59a      0x7a3 ./Drivers/STM32F7xx_HAL_Driver/Src/stm32f7xx_hal_pcd_ex.o
 .debug_info    0x0000fd3d      0x90e ./Drivers/STM32F7xx_HAL_Driver/Src/stm32f7xx_hal_pwr.o
 .debug_info    0x0001064b      0x8cd ./Drivers/STM32F7xx_HAL_Driver/Src/stm32f7xx_hal_pwr_ex.o
 .debug_info    0x00010f18      0x8f0 ./Drivers/STM32F7xx_HAL_Driver/Src/stm32f7xx_hal_rcc.o
 .debug_info    0x00011808      0x6bd ./Drivers/STM32F7xx_HAL_Driver/Src/stm32f7xx_hal_rcc_ex.o
 .debug_info    0x00011ec5     0x15c0 ./Drivers/STM32F7xx_HAL_Driver/Src/stm32f7xx_hal_spi.o
 .debug_info    0x00013485     0x3a11 ./Drivers/STM32F7xx_HAL_Driver/Src/stm32f7xx_hal_uart.o
 .debug_info    0x00016e96     0x19fc ./Drivers/STM32F7xx_HAL_Driver/Src/stm32f7xx_ll_usb.o
 .debug_info    0x00018892      0xcee ./Middlewares/ST/STM32_USB_Device_Library/Class/CustomHID/Src/usbd_customhid.o
 .debug_info    0x00019580      0xe1f ./Middlewares/ST/STM32_USB_Device_Library/Core/Src/usbd_core.o
 .debug_info    0x0001a39f      0xaf8 ./Middlewares/ST/STM32_USB_Device_Library/Core/Src/usbd_ctlreq.o
 .debug_info    0x0001ae97      0x76f ./Middlewares/ST/STM32_USB_Device_Library/Core/Src/usbd_ioreq.o
 .debug_info    0x0001b606      0x6de ./USB_DEVICE/App/usb_device.o
 .debug_info    0x0001bce4      0x6d0 ./USB_DEVICE/App/usbd_custom_hid_if.o
 .debug_info    0x0001c3b4      0x4ba ./USB_DEVICE/App/usbd_desc.o
 .debug_info    0x0001c86e     0x219b ./USB_DEVICE/Target/usbd_conf.o

.debug_abbrev   0x00000000     0x4ae3
 .debug_abbrev  0x00000000      0x477 ./Core/Src/DAP.o
 .debug_abbrev  0x00000477      0x1cc ./Core/Src/DAP_vendor.o
 .debug_abbrev  0x00000643      0x406 ./Core/Src/JTAG_DP.o
 .debug_abbrev  0x00000a49      0x39d ./Core/Src/SW_DP.o
 .debug_abbrev  0x00000de6      0x226 ./Core/Src/jtag.o
 .debug_abbrev  0x0000100c      0x413 ./Core/Src/main.o
 .debug_abbrev  0x0000141f      0x25a ./Core/Src/stm32f7xx_hal_msp.o
 .debug_abbrev  0x00001679      0x1b7 ./Core/Src/stm32f7xx_it.o
 .debug_abbrev  0x00001830       0xbc ./Core/Src/sysmem.o
 .debug_abbrev  0x000018ec      0x13b ./Core/Src/system_stm32f7xx.o
 .debug_abbrev  0x00001a27       0x24 ./Core/Startup/startup_stm32f746zgtx.o
 .debug_abbrev  0x00001a4b      0x213 ./Drivers/STM32F7xx_HAL_Driver/Src/stm32f7xx_hal.o
 .debug_abbrev  0x00001c5e      0x31e ./Drivers/STM32F7xx_HAL_Driver/Src/stm32f7xx_hal_cortex.o
 .debug_abbrev  0x00001f7c      0x35a ./Drivers/STM32F7xx_HAL_Driver/Src/stm32f7xx_hal_eth.o
 .debug_abbrev  0x000022d6      0x1d4 ./Drivers/STM32F7xx_HAL_Driver/Src/stm32f7xx_hal_gpio.o
 .debug_abbrev  0x000024aa      0x2ee ./Drivers/STM32F7xx_HAL_Driver/Src/stm32f7xx_hal_pcd.o
 .debug_abbrev  0x00002798      0x1ca ./Drivers/STM32F7xx_HAL_Driver/Src/stm32f7xx_hal_pcd_ex.o
 .debug_abbrev  0x00002962      0x1c5 ./Drivers/STM32F7xx_HAL_Driver/Src/stm32f7xx_hal_pwr.o
 .debug_abbrev  0x00002b27      0x1d5 ./Drivers/STM32F7xx_HAL_Driver/Src/stm32f7xx_hal_pwr_ex.o
 .debug_abbrev  0x00002cfc      0x288 ./Drivers/STM32F7xx_HAL_Driver/Src/stm32f7xx_hal_rcc.o
 .debug_abbrev  0x00002f84      0x1c9 ./Drivers/STM32F7xx_HAL_Driver/Src/stm32f7xx_hal_rcc_ex.o
 .debug_abbrev  0x0000314d      0x25f ./Drivers/STM32F7xx_HAL_Driver/Src/stm32f7xx_hal_spi.o
 .debug_abbrev  0x000033ac      0x2e6 ./Drivers/STM32F7xx_HAL_Driver/Src/stm32f7xx_hal_uart.o