Archive member included to satisfy reference by file (symbol)

C:/ST/STM32CubeIDE_1.15.1/STM32CubeIDE/plugins/com.st.stm32cube.ide.mcu.externaltools.gnu-tools-for-stm32.12.3.rel1.win32_1.0.100.202403111256/tools/bin/../lib/gcc/arm-none-eabi/12.3.1/../../../../arm-none-eabi/lib/thumb/v7e-m+fp/hard\libc_nano.a(libc_a-exit.o)
                              C:/ST/STM32CubeIDE_1.15.1/STM32CubeIDE/plugins/com.st.stm32cube.ide.mcu.externaltools.gnu-tools-for-stm32.12.3.rel1.win32_1.0.100.202403111256/tools/bin/../lib/gcc/arm-none-eabi/12.3.1/../../../../arm-none-eabi/lib/thumb/v7e-m+fp/hard/crt0.o (exit)
C:/ST/STM32CubeIDE_1.15.1/STM32CubeIDE/plugins/com.st.stm32cube.ide.mcu.externaltools.gnu-tools-for-stm32.12.3.rel1.win32_1.0.100.202403111256/tools/bin/../lib/gcc/arm-none-eabi/12.3.1/../../../../arm-none-eabi/lib/thumb/v7e-m+fp/hard\libc_nano.a(libc_a-findfp.o)
                              C:/ST/STM32CubeIDE_1.15.1/STM32CubeIDE/plugins/com.st.stm32cube.ide.mcu.externaltools.gnu-tools-for-stm32.12.3.rel1.win32_1.0.100.202403111256/tools/bin/../lib/gcc/arm-none-eabi/12.3.1/../../../../arm-none-eabi/lib/thumb/v7e-m+fp/hard\libc_nano.a(libc_a-exit.o) (__stdio_exit_handler)
C:/ST/STM32CubeIDE_1.15.1/STM32CubeIDE/plugins/com.st.stm32cube.ide.mcu.externaltools.gnu-tools-for-stm32.12.3.rel1.win32_1.0.100.202403111256/tools/bin/../lib/gcc/arm-none-eabi/12.3.1/../../../../arm-none-eabi/lib/thumb/v7e-m+fp/hard\libc_nano.a(libc_a-fwalk.o)
                              C:/ST/STM32CubeIDE_1.15.1/STM32CubeIDE/plugins/com.st.stm32cube.ide.mcu.externaltools.gnu-tools-for-stm32.12.3.rel1.win32_1.0.100.202403111256/tools/bin/../lib/gcc/arm-none-eabi/12.3.1/../../../../arm-none-eabi/lib/thumb/v7e-m+fp/hard\libc_nano.a(libc_a-findfp.o) (_fwalk_sglue)
C:/ST/STM32CubeIDE_1.15.1/STM32CubeIDE/plugins/com.st.stm32cube.ide.mcu.externaltools.gnu-tools-for-stm32.12.3.rel1.win32_1.0.100.202403111256/tools/bin/../lib/gcc/arm-none-eabi/12.3.1/../../../../arm-none-eabi/lib/thumb/v7e-m+fp/hard\libc_nano.a(libc_a-printf.o)
                              ./Core/Src/arm.o (printf)
C:/ST/STM32CubeIDE_1.15.1/STM32CubeIDE/plugins/com.st.stm32cube.ide.mcu.externaltools.gnu-tools-for-stm32.12.3.rel1.win32_1.0.100.202403111256/tools/bin/../lib/gcc/arm-none-eabi/12.3.1/../../../../arm-none-eabi/lib/thumb/v7e-m+fp/hard\libc_nano.a(libc_a-puts.o)
                              ./Core/Src/arm.o (puts)
C:/ST/STM32CubeIDE_1.15.1/STM32CubeIDE/plugins/com.st.stm32cube.ide.mcu.externaltools.gnu-tools-for-stm32.12.3.rel1.win32_1.0.100.202403111256/tools/bin/../lib/gcc/arm-none-eabi/12.3.1/../../../../arm-none-eabi/lib/thumb/v7e-m+fp/hard\libc_nano.a(libc_a-stdio.o)
                              C:/ST/STM32CubeIDE_1.15.1/STM32CubeIDE/plugins/com.st.stm32cube.ide.mcu.externaltools.gnu-tools-for-stm32.12.3.rel1.win32_1.0.100.202403111256/tools/bin/../lib/gcc/arm-none-eabi/12.3.1/../../../../arm-none-eabi/lib/thumb/v7e-m+fp/hard\libc_nano.a(libc_a-findfp.o) (__sread)
C:/ST/STM32CubeIDE_1.15.1/STM32CubeIDE/plugins/com.st.stm32cube.ide.mcu.externaltools.gnu-tools-for-stm32.12.3.rel1.win32_1.0.100.202403111256/tools/bin/../lib/gcc/arm-none-eabi/12.3.1/../../../../arm-none-eabi/lib/thumb/v7e-m+fp/hard\libc_nano.a(libc_a-wbuf.o)
                              C:/ST/STM32CubeIDE_1.15.1/STM32CubeIDE/plugins/com.st.stm32cube.ide.mcu.externaltools.gnu-tools-for-stm32.12.3.rel1.win32_1.0.100.202403111256/tools/bin/../lib/gcc/arm-none-eabi/12.3.1/../../../../arm-none-eabi/lib/thumb/v7e-m+fp/hard\libc_nano.a(libc_a-puts.o) (__swbuf_r)
C:/ST/STM32CubeIDE_1.15.1/STM32CubeIDE/plugins/com.st.stm32cube.ide.mcu.externaltools.gnu-tools-for-stm32.12.3.rel1.win32_1.0.100.202403111256/tools/bin/../lib/gcc/arm-none-eabi/12.3.1/../../../../arm-none-eabi/lib/thumb/v7e-m+fp/hard\libc_nano.a(libc_a-wsetup.o)
                              C:/ST/STM32CubeIDE_1.15.1/STM32CubeIDE/plugins/com.st.stm32cube.ide.mcu.externaltools.gnu-tools-for-stm32.12.3.rel1.win32_1.0.100.202403111256/tools/bin/../lib/gcc/arm-none-eabi/12.3.1/../../../../arm-none-eabi/lib/thumb/v7e-m+fp/hard\libc_nano.a(libc_a-puts.o) (__swsetup_r)
C:/ST/STM32CubeIDE_1.15.1/STM32CubeIDE/plugins/com.st.stm32cube.ide.mcu.externaltools.gnu-tools-for-stm32.12.3.rel1.win32_1.0.100.202403111256/tools/bin/../lib/gcc/arm-none-eabi/12.3.1/../../../../arm-none-eabi/lib/thumb/v7e-m+fp/hard\libc_nano.a(libc_a-memset.o)
                              C:/ST/STM32CubeIDE_1.15.1/STM32CubeIDE/plugins/com.st.stm32cube.ide.mcu.externaltools.gnu-tools-for-stm32.12.3.rel1.win32_1.0.100.202403111256/tools/bin/../lib/gcc/arm-none-eabi/12.3.1/../../../../arm-none-eabi/lib/thumb/v7e-m+fp/hard/crt0.o (memset)
C:/ST/STM32CubeIDE_1.15.1/STM32CubeIDE/plugins/com.st.stm32cube.ide.mcu.externaltools.gnu-tools-for-stm32.12.3.rel1.win32_1.0.100.202403111256/tools/bin/../lib/gcc/arm-none-eabi/12.3.1/../../../../arm-none-eabi/lib/thumb/v7e-m+fp/hard\libc_nano.a(libc_a-closer.o)
[...]
Memory Configuration

Name             Origin             Length             Attributes
RAM              0x20000000         0x00050000         xrw
FLASH            0x08000000         0x00100000         xr
*default*        0x00000000         0xffffffff

Linker script and memory map

LOAD C:/ST/STM32CubeIDE_1.15.1/STM32CubeIDE/plugins/com.st.stm32cube.ide.mcu.externaltools.gnu-tools-for-stm32.12.3.rel1.win32_1.0.100.202403111256/tools/bin/../lib/gcc/arm-none-eabi/12.3.1/thumb/v7e-m+fp/hard/crti.o
LOAD C:/ST/STM32CubeIDE_1.15.1/STM32CubeIDE/plugins/com.st.stm32cube.ide.mcu.externaltools.gnu-tools-for-stm32.12.3.rel1.win32_1.0.100.202403111256/tools/bin/../lib/gcc/arm-none-eabi/12.3.1/thumb/v7e-m+fp/hard/crtbegin.o
LOAD C:/ST/STM32CubeIDE_1.15.1/STM32CubeIDE/plugins/com.st.stm32cube.ide.mcu.externaltools.gnu-tools-for-stm32.12.3.rel1.win32_1.0.100.202403111256/tools/bin/../lib/gcc/arm-none-eabi/12.3.1/../../../../arm-none-eabi/lib/thumb/v7e-m+fp/hard/crt0.o
LOAD ./Core/Src/arm.o
LOAD ./Core/Src/dpacc.o
LOAD ./Core/Src/jtag.o
LOAD ./Core/Src/main.o
LOAD ./Core/Src/stm32f7xx_hal_msp.o
LOAD ./Core/Src/stm32f7xx_it.o
LOAD ./Core/Src/syscalls.o
LOAD ./Core/Src/sysmem.o
LOAD ./Core/Src/system_stm32f7xx.o
LOAD ./Core/Startup/startup_stm32f746zgtx.o
LOAD ./Drivers/STM32F7xx_HAL_Driver/Src/stm32f7xx_hal.o
LOAD ./Drivers/STM32F7xx_HAL_Driver/Src/stm32f7xx_hal_cortex.o
LOAD ./Drivers/STM32F7xx_HAL_Driver/Src/stm32f7xx_hal_dma.o
LOAD ./Drivers/STM32F7xx_HAL_Driver/Src/stm32f7xx_hal_dma_ex.o
LOAD ./Drivers/STM32F7xx_HAL_Driver/Src/stm32f7xx_hal_eth.o
LOAD ./Drivers/STM32F7xx_HAL_Driver/Src/stm32f7xx_hal_exti.o
LOAD ./Drivers/STM32F7xx_HAL_Driver/Src/stm32f7xx_hal_flash.o
LOAD ./Drivers/STM32F7xx_HAL_Driver/Src/stm32f7xx_hal_flash_ex.o
LOAD ./Drivers/STM32F7xx_HAL_Driver/Src/stm32f7xx_hal_gpio.o
LOAD ./Drivers/STM32F7xx_HAL_Driver/Src/stm32f7xx_hal_i2c.o
LOAD ./Drivers/STM32F7xx_HAL_Driver/Src/stm32f7xx_hal_i2c_ex.o
LOAD ./Drivers/STM32F7xx_HAL_Driver/Src/stm32f7xx_hal_pcd.o
LOAD ./Drivers/STM32F7xx_HAL_Driver/Src/stm32f7xx_hal_pcd_ex.o
LOAD ./Drivers/STM32F7xx_HAL_Driver/Src/stm32f7xx_hal_pwr.o
LOAD ./Drivers/STM32F7xx_HAL_Driver/Src/stm32f7xx_hal_pwr_ex.o
LOAD ./Drivers/STM32F7xx_HAL_Driver/Src/stm32f7xx_hal_rcc.o
LOAD ./Drivers/STM32F7xx_HAL_Driver/Src/stm32f7xx_hal_rcc_ex.o
LOAD ./Drivers/STM32F7xx_HAL_Driver/Src/stm32f7xx_hal_spi.o
LOAD ./Drivers/STM32F7xx_HAL_Driver/Src/stm32f7xx_hal_spi_ex.o
LOAD ./Drivers/STM32F7xx_HAL_Driver/Src/stm32f7xx_hal_tim.o
LOAD ./Drivers/STM32F7xx_HAL_Driver/Src/stm32f7xx_hal_tim_ex.o
LOAD ./Drivers/STM32F7xx_HAL_Driver/Src/stm32f7xx_hal_uart.o
LOAD ./Drivers/STM32F7xx_HAL_Driver/Src/stm32f7xx_hal_uart_ex.o
LOAD ./Drivers/STM32F7xx_HAL_Driver/Src/stm32f7xx_ll_usb.o
START GROUP
LOAD C:/ST/STM32CubeIDE_1.15.1/STM32CubeIDE/plugins/com.st.stm32cube.ide.mcu.externaltools.gnu-tools-for-stm32.12.3.rel1.win32_1.0.100.202403111256/tools/bin/../lib/gcc/arm-none-eabi/12.3.1/../../../../arm-none-eabi/lib/thumb/v7e-m+fp/hard\libc_nano.a
LOAD C:/ST/STM32CubeIDE_1.15.1/STM32CubeIDE/plugins/com.st.stm32cube.ide.mcu.externaltools.gnu-tools-for-stm32.12.3.rel1.win32_1.0.100.202403111256/tools/bin/../lib/gcc/arm-none-eabi/12.3.1/../../../../arm-none-eabi/lib/thumb/v7e-m+fp/hard\libm.a
END GROUP
START GROUP
LOAD C:/ST/STM32CubeIDE_1.15.1/STM32CubeIDE/plugins/com.st.stm32cube.ide.mcu.externaltools.gnu-tools-for-stm32.12.3.rel1.win32_1.0.100.202403111256/tools/bin/../lib/gcc/arm-none-eabi/12.3.1/thumb/v7e-m+fp/hard\libgcc.a
LOAD C:/ST/STM32CubeIDE_1.15.1/STM32CubeIDE/plugins/com.st.stm32cube.ide.mcu.externaltools.gnu-tools-for-stm32.12.3.rel1.win32_1.0.100.202403111256/tools/bin/../lib/gcc/arm-none-eabi/12.3.1/../../../../arm-none-eabi/lib/thumb/v7e-m+fp/hard\libc_nano.a
END GROUP
START GROUP
LOAD C:/ST/STM32CubeIDE_1.15.1/STM32CubeIDE/plugins/com.st.stm32cube.ide.mcu.externaltools.gnu-tools-for-stm32.12.3.rel1.win32_1.0.100.202403111256/tools/bin/../lib/gcc/arm-none-eabi/12.3.1/thumb/v7e-m+fp/hard\libgcc.a
LOAD C:/ST/STM32CubeIDE_1.15.1/STM32CubeIDE/plugins/com.st.stm32cube.ide.mcu.externaltools.gnu-tools-for-stm32.12.3.rel1.win32_1.0.100.202403111256/tools/bin/../lib/gcc/arm-none-eabi/12.3.1/../../../../arm-none-eabi/lib/thumb/v7e-m+fp/hard\libc_nano.a
LOAD C:/ST/STM32CubeIDE_1.15.1/STM32CubeIDE/plugins/com.st.stm32cube.ide.mcu.externaltools.gnu-tools-for-stm32.12.3.rel1.win32_1.0.100.202403111256/tools/bin/../lib/gcc/arm-none-eabi/12.3.1/../../../../arm-none-eabi/lib/thumb/v7e-m+fp/hard\libnosys.a
END GROUP
START GROUP
LOAD C:/ST/STM32CubeIDE_1.15.1/STM32CubeIDE/plugins/com.st.stm32cube.ide.mcu.externaltools.gnu-tools-for-stm32.12.3.rel1.win32_1.0.100.202403111256/tools/bin/../lib/gcc/arm-none-eabi/12.3.1/thumb/v7e-m+fp/hard\libgcc.a
LOAD C:/ST/STM32CubeIDE_1.15.1/STM32CubeIDE/plugins/com.st.stm32cube.ide.mcu.externaltools.gnu-tools-for-stm32.12.3.rel1.win32_1.0.100.202403111256/tools/bin/../lib/gcc/arm-none-eabi/12.3.1/../../../../arm-none-eabi/lib/thumb/v7e-m+fp/hard\libc_nano.a
LOAD C:/ST/STM32CubeIDE_1.15.1/STM32CubeIDE/plugins/com.st.stm32cube.ide.mcu.externaltools.gnu-tools-for-stm32.12.3.rel1.win32_1.0.100.202403111256/tools/bin/../lib/gcc/arm-none-eabi/12.3.1/../../../../arm-none-eabi/lib/thumb/v7e-m+fp/hard\libnosys.a
END GROUP
LOAD C:/ST/STM32CubeIDE_1.15.1/STM32CubeIDE/plugins/com.st.stm32cube.ide.mcu.externaltools.gnu-tools-for-stm32.12.3.rel1.win32_1.0.100.202403111256/tools/bin/../lib/gcc/arm-none-eabi/12.3.1/thumb/v7e-m+fp/hard/crtend.o
LOAD C:/ST/STM32CubeIDE_1.15.1/STM32CubeIDE/plugins/com.st.stm32cube.ide.mcu.externaltools.gnu-tools-for-stm32.12.3.rel1.win32_1.0.100.202403111256/tools/bin/../lib/gcc/arm-none-eabi/12.3.1/thumb/v7e-m+fp/hard/crtn.o
                0x20050000                        _estack = (ORIGIN (RAM) + LENGTH (RAM))
                0x00000200                        _Min_Heap_Size = 0x200
                0x00000400                        _Min_Stack_Size = 0x400

.isr_vector     0x20000000      0x1c8
                0x20000000                        . = ALIGN (0x4)
 *(.isr_vector)
 .isr_vector    0x20000000      0x1c8 ./Core/Startup/startup_stm32f746zgtx.o
                0x20000000                g_pfnVectors
                0x200001c8                        . = ALIGN (0x4)

.text           0x200001c8     0x4cc0
                0x200001c8                        . = ALIGN (0x4)
 *(.text)
 .text          0x200001c8       0x40 C:/ST/STM32CubeIDE_1.15.1/STM32CubeIDE/plugins/com.st.stm32cube.ide.mcu.externaltools.gnu-tools-for-stm32.12.3.rel1.win32_1.0.100.202403111256/tools/bin/../lib/gcc/arm-none-eabi/12.3.1/thumb/v7e-m+fp/hard/crtbegin.o
 .text          0x20000208       0x30 C:/ST/STM32CubeIDE_1.15.1/STM32CubeIDE/plugins/com.st.stm32cube.ide.mcu.externaltools.gnu-tools-for-stm32.12.3.rel1.win32_1.0.100.202403111256/tools/bin/../lib/gcc/arm-none-eabi/12.3.1/thumb/v7e-m+fp/hard\libgcc.a(_aeabi_uldivmod.o)
                0x20000208                __aeabi_uldivmod
 .text          0x20000238      0x2bc C:/ST/STM32CubeIDE_1.15.1/STM32CubeIDE/plugins/com.st.stm32cube.ide.mcu.externaltools.gnu-tools-for-stm32.12.3.rel1.win32_1.0.100.202403111256/tools/bin/../lib/gcc/arm-none-eabi/12.3.1/thumb/v7e-m+fp/hard\libgcc.a(_udivmoddi4.o)
                0x20000238                __udivmoddi4
 .text          0x200004f4        0x4 C:/ST/STM32CubeIDE_1.15.1/STM32CubeIDE/plugins/com.st.stm32cube.ide.mcu.externaltools.gnu-tools-for-stm32.12.3.rel1.win32_1.0.100.202403111256/tools/bin/../lib/gcc/arm-none-eabi/12.3.1/thumb/v7e-m+fp/hard\libgcc.a(_dvmd_tls.o)
                0x200004f4                __aeabi_idiv0
                0x200004f4                __aeabi_ldiv0
 *(.text*)
 .text.DPACC    0x200004f8      0x11c ./Core/Src/arm.o
                0x200004f8                DPACC
 .text.APACC    0x20000614      0x11c ./Core/Src/arm.o
                0x20000614                APACC
 .text.JTAG_GPIO_Write
                0x20000730       0x24 ./Core/Src/jtag.o
                0x20000730                JTAG_GPIO_Write
 .text.JTAG_Reset_Target
                0x20000754       0x28 ./Core/Src/jtag.o
                0x20000754                JTAG_Reset_Target
 .text.JTAG_Delay_ns
                0x2000077c       0x16 ./Core/Src/jtag.o
                0x2000077c                JTAG_Delay_ns
 .text.JTAG_Init
                0x20000792       0x2e ./Core/Src/jtag.o
                0x20000792                JTAG_Init
 .text.JTAG_Reset
                0x200007c0       0x30 ./Core/Src/jtag.o
                0x200007c0                JTAG_Reset
 .text.JTAG_ShiftIRSPI
                0x200007f0      0x258 ./Core/Src/jtag.o
                0x200007f0                JTAG_ShiftIRSPI
 .text.JTAG_ShiftDR_SPI
                0x20000a48      0x2cc ./Core/Src/jtag.o
                0x20000a48                JTAG_ShiftDR_SPI
 .text.JTAG_ReadIDCODE
                0x20000d14       0x48 ./Core/Src/jtag.o
                0x20000d14                JTAG_ReadIDCODE
 .text.JTAG_MeasureIRLength
                0x20000d5c       0x70 ./Core/Src/jtag.o
                0x20000d5c                JTAG_MeasureIRLength
 .text.main     0x20000dcc      0x224 ./Core/Src/main.o
                0x20000dcc                main
 .text.SystemClock_Config
                0x20000ff0       0xdc ./Core/Src/main.o
                0x20000ff0                SystemClock_Config
 .text.MX_ETH_Init
                0x200010cc       0x9c ./Core/Src/main.o
 .text.MX_SPI1_Init
                0x20001168       0x7c ./Core/Src/main.o
 .text.MX_SPI4_Init
                0x200011e4       0x74 ./Core/Src/main.o
 .text.MX_USART3_UART_Init
                0x20001258       0x60 ./Core/Src/main.o
 .text.MX_USB_OTG_FS_PCD_Init
                0x200012b8       0x5c ./Core/Src/main.o
 .text.MX_GPIO_Init
                0x20001314      0x210 ./Core/Src/main.o
 .text.Switch_SPI
                0x20001524       0x60 ./Core/Src/main.o
                0x20001524                Switch_SPI
 .text.WaitForStart
                0x20001584       0x24 ./Core/Src/main.o
 .text.WaitForComplete
                0x200015a8       0x24 ./Core/Src/main.o
 .text.xFer     0x200015cc       0x50 ./Core/Src/main.o
 .text.SPI_TMS_Transfer
                0x2000161c       0x54 ./Core/Src/main.o
                0x2000161c                SPI_TMS_Transfer
 .text.SPI_Transfer
                0x20001670       0x56 ./Core/Src/main.o
                0x20001670                SPI_Transfer
 .text.Error_Handler
                0x200016c6        0xc ./Core/Src/main.o
                0x200016c6                Error_Handler
 *fill*         0x200016d2        0x2 
 .text.HAL_MspInit
                0x200016d4       0x48 ./Core/Src/stm32f7xx_hal_msp.o
                0x200016d4                HAL_MspInit
 .text.HAL_ETH_MspInit
                0x2000171c      0x170 ./Core/Src/stm32f7xx_hal_msp.o
                0x2000171c                HAL_ETH_MspInit
 .text.HAL_SPI_MspInit
                0x2000188c      0x128 ./Core/Src/stm32f7xx_hal_msp.o
                0x2000188c                HAL_SPI_MspInit
 .text.HAL_UART_MspInit
                0x200019b4       0xc0 ./Core/Src/stm32f7xx_hal_msp.o
                0x200019b4                HAL_UART_MspInit
 .text.HAL_PCD_MspInit
                0x20001a74       0xf4 ./Core/Src/stm32f7xx_hal_msp.o
                0x20001a74                HAL_PCD_MspInit
 .text.NMI_Handler
                0x20001b68        0x8 ./Core/Src/stm32f7xx_it.o
                0x20001b68                NMI_Handler
 .text.HardFault_Handler
                0x20001b70        0x8 ./Core/Src/stm32f7xx_it.o
                0x20001b70                HardFault_Handler
 .text.MemManage_Handler
                0x20001b78        0x8 ./Core/Src/stm32f7xx_it.o
                0x20001b78                MemManage_Handler
 .text.BusFault_Handler
                0x20001b80        0x8 ./Core/Src/stm32f7xx_it.o
                0x20001b80                BusFault_Handler
 .text.UsageFault_Handler
                0x20001b88        0x8 ./Core/Src/stm32f7xx_it.o
                0x20001b88                UsageFault_Handler
 .text.SVC_Handler
                0x20001b90        0xe ./Core/Src/stm32f7xx_it.o
                0x20001b90                SVC_Handler
 .text.DebugMon_Handler
                0x20001b9e        0xe ./Core/Src/stm32f7xx_it.o
                0x20001b9e                DebugMon_Handler
 .text.PendSV_Handler
                0x20001bac        0xe ./Core/Src/stm32f7xx_it.o
                0x20001bac                PendSV_Handler
 .text.SysTick_Handler
                0x20001bba        0xc ./Core/Src/stm32f7xx_it.o
                0x20001bba                SysTick_Handler
 *fill*         0x20001bc6        0x2 
 .text.SystemInit
                0x20001bc8       0x24 ./Core/Src/system_stm32f7xx.o
                0x20001bc8                SystemInit
 .text.Reset_Handler
                0x20001bec       0x50 ./Core/Startup/startup_stm32f746zgtx.o
                0x20001bec                Reset_Handler
 .text.Default_Handler
                0x20001c3c        0x2 ./Core/Startup/startup_stm32f746zgtx.o
                0x20001c3c                RTC_Alarm_IRQHandler
                0x20001c3c                EXTI2_IRQHandler
                0x20001c3c                TIM8_CC_IRQHandler
                0x20001c3c                UART8_IRQHandler
                0x20001c3c                SPI4_IRQHandler
                0x20001c3c                TIM1_CC_IRQHandler
                0x20001c3c                DMA2_Stream5_IRQHandler
                0x20001c3c                DMA1_Stream5_IRQHandler
                0x20001c3c                PVD_IRQHandler
                0x20001c3c                TAMP_STAMP_IRQHandler
                0x20001c3c                CAN2_RX1_IRQHandler
                0x20001c3c                EXTI3_IRQHandler
                0x20001c3c                TIM8_TRG_COM_TIM14_IRQHandler
                0x20001c3c                TIM1_UP_TIM10_IRQHandler
                0x20001c3c                TIM8_UP_TIM13_IRQHandler
                0x20001c3c                I2C3_ER_IRQHandler
                0x20001c3c                EXTI0_IRQHandler
                0x20001c3c                I2C2_EV_IRQHandler
                0x20001c3c                DMA1_Stream2_IRQHandler
                0x20001c3c                CAN1_RX0_IRQHandler
                0x20001c3c                FPU_IRQHandler
                0x20001c3c                OTG_HS_WKUP_IRQHandler
                0x20001c3c                LTDC_ER_IRQHandler
                0x20001c3c                CAN2_SCE_IRQHandler
                0x20001c3c                DMA2_Stream2_IRQHandler
                0x20001c3c                SPI1_IRQHandler
                0x20001c3c                TIM6_DAC_IRQHandler
                0x20001c3c                TIM1_BRK_TIM9_IRQHandler
                0x20001c3c                DCMI_IRQHandler
                0x20001c3c                CAN2_RX0_IRQHandler
                0x20001c3c                DMA2_Stream3_IRQHandler
                0x20001c3c                SAI2_IRQHandler
                0x20001c3c                USART6_IRQHandler
                0x20001c3c                USART3_IRQHandler
                0x20001c3c                CAN1_RX1_IRQHandler
                0x20001c3c                UART5_IRQHandler
                0x20001c3c                DMA2_Stream0_IRQHandler
                0x20001c3c                TIM4_IRQHandler
                0x20001c3c                QUADSPI_IRQHandler
                0x20001c3c                I2C1_EV_IRQHandler
                0x20001c3c                DMA1_Stream6_IRQHandler
                0x20001c3c                DMA1_Stream1_IRQHandler
                0x20001c3c                UART4_IRQHandler
                0x20001c3c                TIM3_IRQHandler
                0x20001c3c                RCC_IRQHandler
                0x20001c3c                TIM8_BRK_TIM12_IRQHandler
                0x20001c3c                Default_Handler
                0x20001c3c                CEC_IRQHandler
                0x20001c3c                EXTI15_10_IRQHandler
                0x20001c3c                ADC_IRQHandler
                0x20001c3c                DMA1_Stream7_IRQHandler
                0x20001c3c                SPI5_IRQHandler
                0x20001c3c                TIM7_IRQHandler
                0x20001c3c                SDMMC1_IRQHandler
                0x20001c3c                CAN2_TX_IRQHandler
                0x20001c3c                TIM5_IRQHandler
                0x20001c3c                DMA2_Stream7_IRQHandler
                0x20001c3c                I2C3_EV_IRQHandler
                0x20001c3c                EXTI9_5_IRQHandler
                0x20001c3c                RTC_WKUP_IRQHandler
                0x20001c3c                LTDC_IRQHandler
                0x20001c3c                ETH_WKUP_IRQHandler
                0x20001c3c                SPDIF_RX_IRQHandler
                0x20001c3c                SPI2_IRQHandler
                0x20001c3c                OTG_HS_EP1_IN_IRQHandler
                0x20001c3c                DMA1_Stream0_IRQHandler
                0x20001c3c                CAN1_TX_IRQHandler
                0x20001c3c                EXTI4_IRQHandler
                0x20001c3c                RNG_IRQHandler
                0x20001c3c                ETH_IRQHandler
                0x20001c3c                OTG_HS_EP1_OUT_IRQHandler
                0x20001c3c                WWDG_IRQHandler
                0x20001c3c                SPI6_IRQHandler
                0x20001c3c                I2C4_EV_IRQHandler
                0x20001c3c                TIM2_IRQHandler
                0x20001c3c                OTG_FS_WKUP_IRQHandler
                0x20001c3c                TIM1_TRG_COM_TIM11_IRQHandler
                0x20001c3c                OTG_HS_IRQHandler
                0x20001c3c                DMA2D_IRQHandler
                0x20001c3c                EXTI1_IRQHandler
                0x20001c3c                UART7_IRQHandler
                0x20001c3c                USART2_IRQHandler
                0x20001c3c                I2C2_ER_IRQHandler
                0x20001c3c                DMA2_Stream1_IRQHandler
                0x20001c3c                CAN1_SCE_IRQHandler
                0x20001c3c                FLASH_IRQHandler
                0x20001c3c                DMA2_Stream4_IRQHandler
                0x20001c3c                USART1_IRQHandler
                0x20001c3c                OTG_FS_IRQHandler
                0x20001c3c                SPI3_IRQHandler
                0x20001c3c                DMA1_Stream4_IRQHandler
                0x20001c3c                I2C1_ER_IRQHandler
                0x20001c3c                FMC_IRQHandler
                0x20001c3c                LPTIM1_IRQHandler
                0x20001c3c                I2C4_ER_IRQHandler
                0x20001c3c                DMA2_Stream6_IRQHandler
                0x20001c3c                SAI1_IRQHandler
                0x20001c3c                DMA1_Stream3_IRQHandler
 .text.HAL_Init
                0x20001c3e       0x1a ./Drivers/STM32F7xx_HAL_Driver/Src/stm32f7xx_hal.o
                0x20001c3e                HAL_Init
 .text.HAL_InitTick
                0x20001c58       0x60 ./Drivers/STM32F7xx_HAL_Driver/Src/stm32f7xx_hal.o
                0x20001c58                HAL_InitTick
 .text.HAL_IncTick
                0x20001cb8       0x28 ./Drivers/STM32F7xx_HAL_Driver/Src/stm32f7xx_hal.o
                0x20001cb8                HAL_IncTick
 .text.HAL_GetTick
                0x20001ce0       0x18 ./Drivers/STM32F7xx_HAL_Driver/Src/stm32f7xx_hal.o
                0x20001ce0                HAL_GetTick
 .text.HAL_Delay
                0x20001cf8       0x48 ./Drivers/STM32F7xx_HAL_Driver/Src/stm32f7xx_hal.o
                0x20001cf8                HAL_Delay
 .text.__NVIC_SetPriorityGrouping
                0x20001d40       0x48 ./Drivers/STM32F7xx_HAL_Driver/Src/stm32f7xx_hal_cortex.o
 .text.__NVIC_GetPriorityGrouping
                0x20001d88       0x1c ./Drivers/STM32F7xx_HAL_Driver/Src/stm32f7xx_hal_cortex.o
 .text.__NVIC_SetPriority
                0x20001da4       0x54 ./Drivers/STM32F7xx_HAL_Driver/Src/stm32f7xx_hal_cortex.o
 .text.NVIC_EncodePriority
                0x20001df8       0x66 ./Drivers/STM32F7xx_HAL_Driver/Src/stm32f7xx_hal_cortex.o
 *fill*         0x20001e5e        0x2 
 .text.SysTick_Config
                0x20001e60       0x44 ./Drivers/STM32F7xx_HAL_Driver/Src/stm32f7xx_hal_cortex.o
 .text.HAL_NVIC_SetPriorityGrouping
                0x20001ea4       0x16 ./Drivers/STM32F7xx_HAL_Driver/Src/stm32f7xx_hal_cortex.o
                0x20001ea4                HAL_NVIC_SetPriorityGrouping
 .text.HAL_NVIC_SetPriority
                0x20001eba       0x38 ./Drivers/STM32F7xx_HAL_Driver/Src/stm32f7xx_hal_cortex.o
                0x20001eba                HAL_NVIC_SetPriority
 .text.HAL_SYSTICK_Config
                0x20001ef2       0x18 ./Drivers/STM32F7xx_HAL_Driver/Src/stm32f7xx_hal_cortex.o
                0x20001ef2                HAL_SYSTICK_Config
 *fill*         0x20001f0a        0x2 
 .text.HAL_ETH_Init
                0x20001f0c      0x134 ./Drivers/STM32F7xx_HAL_Driver/Src/stm32f7xx_hal_eth.o
                0x20001f0c                HAL_ETH_Init
 .text.ETH_SetMACConfig
                0x20002040      0x168 ./Drivers/STM32F7xx_HAL_Driver/Src/stm32f7xx_hal_eth.o
 .text.ETH_SetDMAConfig
                0x200021a8      0x114 ./Drivers/STM32F7xx_HAL_Driver/Src/stm32f7xx_hal_eth.o
 .text.ETH_MACDMAConfig
                0x200022bc       0xea ./Drivers/STM32F7xx_HAL_Driver/Src/stm32f7xx_hal_eth.o
 *fill*         0x200023a6        0x2 
 .text.ETH_MACAddressConfig
                0x200023a8       0x70 ./Drivers/STM32F7xx_HAL_Driver/Src/stm32f7xx_hal_eth.o
 .text.ETH_DMATxDescListInit
                0x20002418       0xb2 ./Drivers/STM32F7xx_HAL_Driver/Src/stm32f7xx_hal_eth.o
 .text.ETH_DMARxDescListInit
                0x200024ca       0xde ./Drivers/STM32F7xx_HAL_Driver/Src/stm32f7xx_hal_eth.o
 .text.HAL_GPIO_Init
                0x200025a8      0x358 ./Drivers/STM32F7xx_HAL_Driver/Src/stm32f7xx_hal_gpio.o
                0x200025a8                HAL_GPIO_Init
 .text.HAL_GPIO_WritePin
                0x20002900       0x32 ./Drivers/STM32F7xx_HAL_Driver/Src/stm32f7xx_hal_gpio.o
                0x20002900                HAL_GPIO_WritePin
 .text.HAL_PCD_Init
                0x20002932      0x22c ./Drivers/STM32F7xx_HAL_Driver/Src/stm32f7xx_hal_pcd.o
                0x20002932                HAL_PCD_Init
 *fill*         0x20002b5e        0x2 
 .text.HAL_PCDEx_ActivateLPM
                0x20002b60       0x48 ./Drivers/STM32F7xx_HAL_Driver/Src/stm32f7xx_hal_pcd_ex.o
                0x20002b60                HAL_PCDEx_ActivateLPM
 .text.HAL_PWR_EnableBkUpAccess
                0x20002ba8       0x20 ./Drivers/STM32F7xx_HAL_Driver/Src/stm32f7xx_hal_pwr.o
                0x20002ba8                HAL_PWR_EnableBkUpAccess
 .text.HAL_PWREx_EnableOverDrive
                0x20002bc8       0xa0 ./Drivers/STM32F7xx_HAL_Driver/Src/stm32f7xx_hal_pwr_ex.o
                0x20002bc8                HAL_PWREx_EnableOverDrive
 .text.HAL_RCC_OscConfig
                0x20002c68      0x548 ./Drivers/STM32F7xx_HAL_Driver/Src/stm32f7xx_hal_rcc.o
                0x20002c68                HAL_RCC_OscConfig
 .text.HAL_RCC_ClockConfig
                0x200031b0      0x1d8 ./Drivers/STM32F7xx_HAL_Driver/Src/stm32f7xx_hal_rcc.o
                0x200031b0                HAL_RCC_ClockConfig
 .text.HAL_RCC_GetSysClockFreq
                0x20003388      0x20c ./Drivers/STM32F7xx_HAL_Driver/Src/stm32f7xx_hal_rcc.o
                0x20003388                HAL_RCC_GetSysClockFreq
 .text.HAL_RCC_GetHCLKFreq
                0x20003594       0x18 ./Drivers/STM32F7xx_HAL_Driver/Src/stm32f7xx_hal_rcc.o
                0x20003594                HAL_RCC_GetHCLKFreq
 .text.HAL_RCC_GetPCLK1Freq
                0x200035ac       0x28 ./Drivers/STM32F7xx_HAL_Driver/Src/stm32f7xx_hal_rcc.o
                0x200035ac                HAL_RCC_GetPCLK1Freq
 .text.HAL_RCC_GetPCLK2Freq
                0x200035d4       0x28 ./Drivers/STM32F7xx_HAL_Driver/Src/stm32f7xx_hal_rcc.o
                0x200035d4                HAL_RCC_GetPCLK2Freq
 .text.HAL_RCCEx_PeriphCLKConfig
                0x200035fc      0x7e0 ./Drivers/STM32F7xx_HAL_Driver/Src/stm32f7xx_hal_rcc_ex.o
                0x200035fc                HAL_RCCEx_PeriphCLKConfig
 .text.HAL_SPI_Init
                0x20003ddc      0x156 ./Drivers/STM32F7xx_HAL_Driver/Src/stm32f7xx_hal_spi.o
                0x20003ddc                HAL_SPI_Init
 .text.HAL_UART_Init
                0x20003f32       0x9c ./Drivers/STM32F7xx_HAL_Driver/Src/stm32f7xx_hal_uart.o
                0x20003f32                HAL_UART_Init
 *fill*         0x20003fce        0x2 
 .text.UART_SetConfig
                0x20003fd0      0x4c8 ./Drivers/STM32F7xx_HAL_Driver/Src/stm32f7xx_hal_uart.o
                0x20003fd0                UART_SetConfig
 .text.UART_AdvFeatureConfig
                0x20004498      0x144 ./Drivers/STM32F7xx_HAL_Driver/Src/stm32f7xx_hal_uart.o
                0x20004498                UART_AdvFeatureConfig
 .text.UART_CheckIdleState
                0x200045dc       0xae ./Drivers/STM32F7xx_HAL_Driver/Src/stm32f7xx_hal_uart.o
                0x200045dc                UART_CheckIdleState
 .text.UART_WaitOnFlagUntilTimeout
                0x2000468a       0xda ./Drivers/STM32F7xx_HAL_Driver/Src/stm32f7xx_hal_uart.o
                0x2000468a                UART_WaitOnFlagUntilTimeout
 .text.UART_EndRxTransfer
                0x20004764       0xc8 ./Drivers/STM32F7xx_HAL_Driver/Src/stm32f7xx_hal_uart.o
 .text.USB_CoreInit
                0x2000482c       0xb4 ./Drivers/STM32F7xx_HAL_Driver/Src/stm32f7xx_ll_usb.o
                0x2000482c                USB_CoreInit
 .text.USB_DisableGlobalInt
                0x200048e0       0x22 ./Drivers/STM32F7xx_HAL_Driver/Src/stm32f7xx_ll_usb.o
                0x200048e0                USB_DisableGlobalInt
 .text.USB_SetCurrentMode
                0x20004902       0x98 ./Drivers/STM32F7xx_HAL_Driver/Src/stm32f7xx_ll_usb.o
                0x20004902                USB_SetCurrentMode
 *fill*         0x2000499a        0x2 
 .text.USB_DevInit
                0x2000499c      0x2bc ./Drivers/STM32F7xx_HAL_Driver/Src/stm32f7xx_ll_usb.o
                0x2000499c                USB_DevInit
 .text.USB_FlushTxFifo
                0x20004c58       0x64 ./Drivers/STM32F7xx_HAL_Driver/Src/stm32f7xx_ll_usb.o
                0x20004c58                USB_FlushTxFifo
 .text.USB_FlushRxFifo
                0x20004cbc       0x5c ./Drivers/STM32F7xx_HAL_Driver/Src/stm32f7xx_ll_usb.o
                0x20004cbc                USB_FlushRxFifo
 .text.USB_SetDevSpeed
                0x20004d18       0x32 ./Drivers/STM32F7xx_HAL_Driver/Src/stm32f7xx_ll_usb.o
                0x20004d18                USB_SetDevSpeed
 .text.USB_DevDisconnect
                0x20004d4a       0x42 ./Drivers/STM32F7xx_HAL_Driver/Src/stm32f7xx_ll_usb.o
                0x20004d4a                USB_DevDisconnect
 .text.USB_GetMode
                0x20004d8c       0x1c ./Drivers/STM32F7xx_HAL_Driver/Src/stm32f7xx_ll_usb.o
                0x20004d8c                USB_GetMode
 .text.USB_CoreReset
                0x20004da8       0x70 ./Drivers/STM32F7xx_HAL_Driver/Src/stm32f7xx_ll_usb.o
 .text.memset   0x20004e18       0x10 C:/ST/STM32CubeIDE_1.15.1/STM32CubeIDE/plugins/com.st.stm32cube.ide.mcu.externaltools.gnu-tools-for-stm32.12.3.rel1.win32_1.0.100.202403111256/tools/bin/../lib/gcc/arm-none-eabi/12.3.1/../../../../arm-none-eabi/lib/thumb/v7e-m+fp/hard\libc_nano.a(libc_a-memset.o)
                0x20004e18                memset
 .text.__libc_init_array
                0x20004e28       0x48 C:/ST/STM32CubeIDE_1.15.1/STM32CubeIDE/plugins/com.st.stm32cube.ide.mcu.externaltools.gnu-tools-for-stm32.12.3.rel1.win32_1.0.100.202403111256/tools/bin/../lib/gcc/arm-none-eabi/12.3.1/../../../../arm-none-eabi/lib/thumb/v7e-m+fp/hard\libc_nano.a(libc_a-init.o)
                0x20004e28                __libc_init_array
 *(.glue_7)
 .glue_7        0x20004e70        0x0 linker stubs
 *(.glue_7t)
 .glue_7t       0x20004e70        0x0 linker stubs
 *(.eh_frame)
 .eh_frame      0x20004e70        0x0 C:/ST/STM32CubeIDE_1.15.1/STM32CubeIDE/plugins/com.st.stm32cube.ide.mcu.externaltools.gnu-tools-for-stm32.12.3.rel1.win32_1.0.100.202403111256/tools/bin/../lib/gcc/arm-none-eabi/12.3.1/thumb/v7e-m+fp/hard/crtbegin.o
 *(.RamFunc)
 *(.RamFunc*)
 *(.init)
 .init          0x20004e70        0x4 C:/ST/STM32CubeIDE_1.15.1/STM32CubeIDE/plugins/com.st.stm32cube.ide.mcu.externaltools.gnu-tools-for-stm32.12.3.rel1.win32_1.0.100.202403111256/tools/bin/../lib/gcc/arm-none-eabi/12.3.1/thumb/v7e-m+fp/hard/crti.o
                0x20004e70                _init
 .init          0x20004e74        0x8 C:/ST/STM32CubeIDE_1.15.1/STM32CubeIDE/plugins/com.st.stm32cube.ide.mcu.externaltools.gnu-tools-for-stm32.12.3.rel1.win32_1.0.100.202403111256/tools/bin/../lib/gcc/arm-none-eabi/12.3.1/thumb/v7e-m+fp/hard/crtn.o
 *(.fini)
 .fini          0x20004e7c        0x4 C:/ST/STM32CubeIDE_1.15.1/STM32CubeIDE/plugins/com.st.stm32cube.ide.mcu.externaltools.gnu-tools-for-stm32.12.3.rel1.win32_1.0.100.202403111256/tools/bin/../lib/gcc/arm-none-eabi/12.3.1/thumb/v7e-m+fp/hard/crti.o
                0x20004e7c                _fini
 .fini          0x20004e80        0x8 C:/ST/STM32CubeIDE_1.15.1/STM32CubeIDE/plugins/com.st.stm32cube.ide.mcu.externaltools.gnu-tools-for-stm32.12.3.rel1.win32_1.0.100.202403111256/tools/bin/../lib/gcc/arm-none-eabi/12.3.1/thumb/v7e-m+fp/hard/crtn.o
                0x20004e88                        . = ALIGN (0x4)
                0x20004e88                        _etext = .

.vfp11_veneer   0x20004e88        0x0
 .vfp11_veneer  0x20004e88        0x0 linker stubs

.v4_bx          0x20004e88        0x0
 .v4_bx         0x20004e88        0x0 linker stubs

.iplt           0x20004e88        0x0
 .iplt          0x20004e88        0x0 C:/ST/STM32CubeIDE_1.15.1/STM32CubeIDE/plugins/com.st.stm32cube.ide.mcu.externaltools.gnu-tools-for-stm32.12.3.rel1.win32_1.0.100.202403111256/tools/bin/../lib/gcc/arm-none-eabi/12.3.1/thumb/v7e-m+fp/hard/crtbegin.o

.rodata         0x20004e88       0x18
                0x20004e88                        . = ALIGN (0x4)
 *(.rodata)
 *(.rodata*)
 .rodata.AHBPrescTable
                0x20004e88       0x10 ./Core/Src/system_stm32f7xx.o
                0x20004e88                AHBPrescTable
 .rodata.APBPrescTable
                0x20004e98        0x8 ./Core/Src/system_stm32f7xx.o
                0x20004e98                APBPrescTable
                0x20004ea0                        . = ALIGN (0x4)

.ARM.extab      0x20004ea0        0x0
                0x20004ea0                        . = ALIGN (0x4)
 *(.ARM.extab* .gnu.linkonce.armextab.*)
                0x20004ea0                        . = ALIGN (0x4)

.ARM            0x20004ea0        0x8
                0x20004ea0                        . = ALIGN (0x4)
                0x20004ea0                        __exidx_start = .
 *(.ARM.exidx*)
 .ARM.exidx     0x20004ea0        0x8 C:/ST/STM32CubeIDE_1.15.1/STM32CubeIDE/plugins/com.st.stm32cube.ide.mcu.externaltools.gnu-tools-for-stm32.12.3.rel1.win32_1.0.100.202403111256/tools/bin/../lib/gcc/arm-none-eabi/12.3.1/thumb/v7e-m+fp/hard\libgcc.a(_udivmoddi4.o)
                0x20004ea8                        __exidx_end = .
                0x20004ea8                        . = ALIGN (0x4)

.preinit_array  0x20004ea8        0x0
                0x20004ea8                        . = ALIGN (0x4)
                0x20004ea8                        PROVIDE (__preinit_array_start = .)
 *(.preinit_array*)
                0x20004ea8                        PROVIDE (__preinit_array_end = .)
                0x20004ea8                        . = ALIGN (0x4)

.init_array     0x20004ea8        0x4
                0x20004ea8                        . = ALIGN (0x4)
                0x20004ea8                        PROVIDE (__init_array_start = .)
 *(SORT_BY_NAME(.init_array.*))
 *(.init_array*)
 .init_array    0x20004ea8        0x4 C:/ST/STM32CubeIDE_1.15.1/STM32CubeIDE/plugins/com.st.stm32cube.ide.mcu.externaltools.gnu-tools-for-stm32.12.3.rel1.win32_1.0.100.202403111256/tools/bin/../lib/gcc/arm-none-eabi/12.3.1/thumb/v7e-m+fp/hard/crtbegin.o
                0x20004eac                        PROVIDE (__init_array_end = .)
                0x20004eac                        . = ALIGN (0x4)

.fini_array     0x20004eac        0x4
                0x20004eac                        . = ALIGN (0x4)
                [!provide]                        PROVIDE (__fini_array_start = .)
 *(SORT_BY_NAME(.fini_array.*))
 *(.fini_array*)
 .fini_array    0x20004eac        0x4 C:/ST/STM32CubeIDE_1.15.1/STM32CubeIDE/plugins/com.st.stm32cube.ide.mcu.externaltools.gnu-tools-for-stm32.12.3.rel1.win32_1.0.100.202403111256/tools/bin/../lib/gcc/arm-none-eabi/12.3.1/thumb/v7e-m+fp/hard/crtbegin.o
                [!provide]                        PROVIDE (__fini_array_end = .)
                0x20004eb0                        . = ALIGN (0x4)
                0x20004eb0                        _sidata = LOADADDR (.data)

.rel.dyn        0x20004eb0        0x0
 .rel.iplt      0x20004eb0        0x0 C:/ST/STM32CubeIDE_1.15.1/STM32CubeIDE/plugins/com.st.stm32cube.ide.mcu.externaltools.gnu-tools-for-stm32.12.3.rel1.win32_1.0.100.202403111256/tools/bin/../lib/gcc/arm-none-eabi/12.3.1/thumb/v7e-m+fp/hard/crtbegin.o

.data           0x20004eb0        0xc
                0x20004eb0                        . = ALIGN (0x4)
                0x20004eb0                        _sdata = .
 *(.data)
 *(.data*)
 .data.SystemCoreClock
                0x20004eb0        0x4 ./Core/Src/system_stm32f7xx.o
                0x20004eb0                SystemCoreClock
 .data.uwTickPrio
                0x20004eb4        0x4 ./Drivers/STM32F7xx_HAL_Driver/Src/stm32f7xx_hal.o
                0x20004eb4                uwTickPrio
 .data.uwTickFreq
                0x20004eb8        0x1 ./Drivers/STM32F7xx_HAL_Driver/Src/stm32f7xx_hal.o
                0x20004eb8                uwTickFreq
                0x20004ebc                        . = ALIGN (0x4)
 *fill*         0x20004eb9        0x3 
                0x20004ebc                        _edata = .

.igot.plt       0x20004ebc        0x0
 .igot.plt      0x20004ebc        0x0 C:/ST/STM32CubeIDE_1.15.1/STM32CubeIDE/plugins/com.st.stm32cube.ide.mcu.externaltools.gnu-tools-for-stm32.12.3.rel1.win32_1.0.100.202403111256/tools/bin/../lib/gcc/arm-none-eabi/12.3.1/thumb/v7e-m+fp/hard/crtbegin.o

.RxDecripSection
                0x20004ebc       0xa0
 .RxDecripSection
                0x20004ebc       0xa0 ./Core/Src/main.o
                0x20004ebc                DMARxDscrTab

.TxDecripSection
                0x20004f5c       0xa0
 .TxDecripSection
                0x20004f5c       0xa0 ./Core/Src/main.o
                0x20004f5c                DMATxDscrTab
                0x20004ffc                        . = ALIGN (0x4)

.bss            0x20004ffc      0x74c
                0x20004ffc                        _sbss = .
                0x20004ffc                        __bss_start__ = _sbss
 *(.bss)
 .bss           0x20004ffc       0x1c C:/ST/STM32CubeIDE_1.15.1/STM32CubeIDE/plugins/com.st.stm32cube.ide.mcu.externaltools.gnu-tools-for-stm32.12.3.rel1.win32_1.0.100.202403111256/tools/bin/../lib/gcc/arm-none-eabi/12.3.1/thumb/v7e-m+fp/hard/crtbegin.o
 *(.bss*)
 .bss.TxConfig  0x20005018       0x38 ./Core/Src/main.o
                0x20005018                TxConfig
 .bss.heth      0x20005050       0xb0 ./Core/Src/main.o
                0x20005050                heth
 .bss.hspi1     0x20005100       0x64 ./Core/Src/main.o
                0x20005100                hspi1
 .bss.hspi4     0x20005164       0x64 ./Core/Src/main.o
                0x20005164                hspi4
 .bss.huart3    0x200051c8       0x88 ./Core/Src/main.o
                0x200051c8                huart3
 .bss.hpcd_USB_OTG_FS
                0x20005250      0x4e0 ./Core/Src/main.o
                0x20005250                hpcd_USB_OTG_FS
 .bss.pupdr     0x20005730        0x4 ./Core/Src/main.o
                0x20005730                pupdr
 .bss.afr       0x20005734        0x4 ./Core/Src/main.o
                0x20005734                afr
 .bss.moder     0x20005738        0x4 ./Core/Src/main.o
                0x20005738                moder
 .bss.MACAddr.0
                0x2000573c        0x6 ./Core/Src/main.o
 *fill*         0x20005742        0x2 
 .bss.uwTick    0x20005744        0x4 ./Drivers/STM32F7xx_HAL_Driver/Src/stm32f7xx_hal.o
                0x20005744                uwTick
 *(COMMON)
                0x20005748                        . = ALIGN (0x4)
                0x20005748                        _ebss = .
                0x20005748                        __bss_end__ = _ebss

._user_heap_stack
                0x20005748      0x600
                0x20005748                        . = ALIGN (0x8)
                [!provide]                        PROVIDE (end = .)
                0x20005748                        PROVIDE (_end = .)
                0x20005948                        . = (. + _Min_Heap_Size)
 *fill*         0x20005748      0x200 
                0x20005d48                        . = (. + _Min_Stack_Size)
 *fill*         0x20005948      0x400 
                0x20005d48                        . = ALIGN (0x8)

/DISCARD/
 libc.a(*)
 libm.a(*)
 libgcc.a(*)

.ARM.attributes
                0x00000000       0x30
 *(.ARM.attributes)
 .ARM.attributes
                0x00000000       0x22 C:/ST/STM32CubeIDE_1.15.1/STM32CubeIDE/plugins/com.st.stm32cube.ide.mcu.externaltools.gnu-tools-for-stm32.12.3.rel1.win32_1.0.100.202403111256/tools/bin/../lib/gcc/arm-none-eabi/12.3.1/thumb/v7e-m+fp/hard/crti.o
 .ARM.attributes
                0x00000022       0x34 C:/ST/STM32CubeIDE_1.15.1/STM32CubeIDE/plugins/com.st.stm32cube.ide.mcu.externaltools.gnu-tools-for-stm32.12.3.rel1.win32_1.0.100.202403111256/tools/bin/../lib/gcc/arm-none-eabi/12.3.1/thumb/v7e-m+fp/hard/crtbegin.o
 .ARM.attributes
                0x00000056       0x34 ./Core/Src/arm.o
 .ARM.attributes
                0x0000008a       0x34 ./Core/Src/jtag.o
 .ARM.attributes
                0x000000be       0x34 ./Core/Src/main.o
 .ARM.attributes
                0x000000f2       0x34 ./Core/Src/stm32f7xx_hal_msp.o
 .ARM.attributes
                0x00000126       0x34 ./Core/Src/stm32f7xx_it.o
 .ARM.attributes
                0x0000015a       0x34 ./Core/Src/system_stm32f7xx.o
 .ARM.attributes
                0x0000018e       0x21 ./Core/Startup/startup_stm32f746zgtx.o
 .ARM.attributes
                0x000001af       0x34 ./Drivers/STM32F7xx_HAL_Driver/Src/stm32f7xx_hal.o
 .ARM.attributes
                0x000001e3       0x34 ./Drivers/STM32F7xx_HAL_Driver/Src/stm32f7xx_hal_cortex.o
 .ARM.attributes
                0x00000217       0x34 ./Drivers/STM32F7xx_HAL_Driver/Src/stm32f7xx_hal_eth.o
 .ARM.attributes
                0x0000024b       0x34 ./Drivers/STM32F7xx_HAL_Driver/Src/stm32f7xx_hal_gpio.o
 .ARM.attributes
                0x0000027f       0x34 ./Drivers/STM32F7xx_HAL_Driver/Src/stm32f7xx_hal_pcd.o
 .ARM.attributes
                0x000002b3       0x34 ./Drivers/STM32F7xx_HAL_Driver/Src/stm32f7xx_hal_pcd_ex.o
 .ARM.attributes
                0x000002e7       0x34 ./Drivers/STM32F7xx_HAL_Driver/Src/stm32f7xx_hal_pwr.o
 .ARM.attributes
                0x0000031b       0x34 ./Drivers/STM32F7xx_HAL_Driver/Src/stm32f7xx_hal_pwr_ex.o
 .ARM.attributes
                0x0000034f       0x34 ./Drivers/STM32F7xx_HAL_Driver/Src/stm32f7xx_hal_rcc.o
 .ARM.attributes
                0x00000383       0x34 ./Drivers/STM32F7xx_HAL_Driver/Src/stm32f7xx_hal_rcc_ex.o
 .ARM.attributes
                0x000003b7       0x34 ./Drivers/STM32F7xx_HAL_Driver/Src/stm32f7xx_hal_spi.o
 .ARM.attributes
                0x000003eb       0x34 ./Drivers/STM32F7xx_HAL_Driver/Src/stm32f7xx_hal_uart.o
 .ARM.attributes
                0x0000041f       0x34 ./Drivers/STM32F7xx_HAL_Driver/Src/stm32f7xx_ll_usb.o
 .ARM.attributes
                0x00000453       0x34 C:/ST/STM32CubeIDE_1.15.1/STM32CubeIDE/plugins/com.st.stm32cube.ide.mcu.externaltools.gnu-tools-for-stm32.12.3.rel1.win32_1.0.100.202403111256/tools/bin/../lib/gcc/arm-none-eabi/12.3.1/../../../../arm-none-eabi/lib/thumb/v7e-m+fp/hard\libc_nano.a(libc_a-memset.o)
 .ARM.attributes
                0x00000487       0x34 C:/ST/STM32CubeIDE_1.15.1/STM32CubeIDE/plugins/com.st.stm32cube.ide.mcu.externaltools.gnu-tools-for-stm32.12.3.rel1.win32_1.0.100.202403111256/tools/bin/../lib/gcc/arm-none-eabi/12.3.1/../../../../arm-none-eabi/lib/thumb/v7e-m+fp/hard\libc_nano.a(libc_a-init.o)
 .ARM.attributes
                0x000004bb       0x22 C:/ST/STM32CubeIDE_1.15.1/STM32CubeIDE/plugins/com.st.stm32cube.ide.mcu.externaltools.gnu-tools-for-stm32.12.3.rel1.win32_1.0.100.202403111256/tools/bin/../lib/gcc/arm-none-eabi/12.3.1/thumb/v7e-m+fp/hard\libgcc.a(_aeabi_uldivmod.o)
 .ARM.attributes
                0x000004dd       0x34 C:/ST/STM32CubeIDE_1.15.1/STM32CubeIDE/plugins/com.st.stm32cube.ide.mcu.externaltools.gnu-tools-for-stm32.12.3.rel1.win32_1.0.100.202403111256/tools/bin/../lib/gcc/arm-none-eabi/12.3.1/thumb/v7e-m+fp/hard\libgcc.a(_udivmoddi4.o)
 .ARM.attributes
                0x00000511       0x22 C:/ST/STM32CubeIDE_1.15.1/STM32CubeIDE/plugins/com.st.stm32cube.ide.mcu.externaltools.gnu-tools-for-stm32.12.3.rel1.win32_1.0.100.202403111256/tools/bin/../lib/gcc/arm-none-eabi/12.3.1/thumb/v7e-m+fp/hard\libgcc.a(_dvmd_tls.o)
 .ARM.attributes
                0x00000533       0x22 C:/ST/STM32CubeIDE_1.15.1/STM32CubeIDE/plugins/com.st.stm32cube.ide.mcu.externaltools.gnu-tools-for-stm32.12.3.rel1.win32_1.0.100.202403111256/tools/bin/../lib/gcc/arm-none-eabi/12.3.1/thumb/v7e-m+fp/hard/crtn.o
OUTPUT(MY_JTAG.elf elf32-littlearm)
LOAD linker stubs
LOAD C:/ST/STM32CubeIDE_1.15.1/STM32CubeIDE/plugins/com.st.stm32cube.ide.mcu.externaltools.gnu-tools-for-stm32.12.3.rel1.win32_1.0.100.202403111256/tools/bin/../lib/gcc/arm-none-eabi/12.3.1/../../../../arm-none-eabi/lib/thumb/v7e-m+fp/hard\libc.a
LOAD C:/ST/STM32CubeIDE_1.15.1/STM32CubeIDE/plugins/com.st.stm32cube.ide.mcu.externaltools.gnu-tools-for-stm32.12.3.rel1.win32_1.0.100.202403111256/tools/bin/../lib/gcc/arm-none-eabi/12.3.1/../../../../arm-none-eabi/lib/thumb/v7e-m+fp/hard\libm.a
LOAD C:/ST/STM32CubeIDE_1.15.1/STM32CubeIDE/plugins/com.st.stm32cube.ide.mcu.externaltools.gnu-tools-for-stm32.12.3.rel1.win32_1.0.100.202403111256/tools/bin/../lib/gcc/arm-none-eabi/12.3.1/thumb/v7e-m+fp/hard\libgcc.a

.debug_info     0x00000000    0x141b6
 .debug_info    0x00000000      0x47d ./Core/Src/arm.o
 .debug_info    0x0000047d      0x8aa ./Core/Src/jtag.o
 .debug_info    0x00000d27     0x22f2 ./Core/Src/main.o
 .debug_info    0x00003019     0x1ef6 ./Core/Src/stm32f7xx_hal_msp.o
 .debug_info    0x00004f0f      0x112 ./Core/Src/stm32f7xx_it.o
 .debug_info    0x00005021      0x6ed ./Core/Src/system_stm32f7xx.o
 .debug_info    0x0000570e       0x30 ./Core/Startup/startup_stm32f746zgtx.o
 .debug_info    0x0000573e      0x9d8 ./Drivers/STM32F7xx_HAL_Driver/Src/stm32f7xx_hal.o
 .debug_info    0x00006116      0xf7e ./Drivers/STM32F7xx_HAL_Driver/Src/stm32f7xx_hal_cortex.o
 .debug_info    0x00007094     0x21aa ./Drivers/STM32F7xx_HAL_Driver/Src/stm32f7xx_hal_eth.o
 .debug_info    0x0000923e      0x6e7 ./Drivers/STM32F7xx_HAL_Driver/Src/stm32f7xx_hal_gpio.o
 .debug_info    0x00009925     0x1599 ./Drivers/STM32F7xx_HAL_Driver/Src/stm32f7xx_hal_pcd.o
 .debug_info    0x0000aebe      0x7a3 ./Drivers/STM32F7xx_HAL_Driver/Src/stm32f7xx_hal_pcd_ex.o
 .debug_info    0x0000b661      0x90e ./Drivers/STM32F7xx_HAL_Driver/Src/stm32f7xx_hal_pwr.o
 .debug_info    0x0000bf6f      0x8cd ./Drivers/STM32F7xx_HAL_Driver/Src/stm32f7xx_hal_pwr_ex.o
 .debug_info    0x0000c83c      0x8f0 ./Drivers/STM32F7xx_HAL_Driver/Src/stm32f7xx_hal_rcc.o
 .debug_info    0x0000d12c      0x6bd ./Drivers/STM32F7xx_HAL_Driver/Src/stm32f7xx_hal_rcc_ex.o
 .debug_info    0x0000d7e9     0x15c0 ./Drivers/STM32F7xx_HAL_Driver/Src/stm32f7xx_hal_spi.o
 .debug_info    0x0000eda9     0x3a11 ./Drivers/STM32F7xx_HAL_Driver/Src/stm32f7xx_hal_uart.o
 .debug_info    0x000127ba     0x19fc ./Drivers/STM32F7xx_HAL_Driver/Src/stm32f7xx_ll_usb.o

.debug_abbrev   0x00000000     0x2ae1
 .debug_abbrev  0x00000000      0x198 ./Core/Src/arm.o
 .debug_abbrev  0x00000198      0x256 ./Core/Src/jtag.o
 .debug_abbrev  0x000003ee      0x3cb ./Core/Src/main.o
 .debug_abbrev  0x000007b9      0x27c ./Core/Src/stm32f7xx_hal_msp.o
 .debug_abbrev  0x00000a35       0x73 ./Core/Src/stm32f7xx_it.o
 .debug_abbrev  0x00000aa8      0x13b ./Core/Src/system_stm32f7xx.o
 .debug_abbrev  0x00000be3       0x24 ./Core/Startup/startup_stm32f746zgtx.o
 .debug_abbrev  0x00000c07      0x213 ./Drivers/STM32F7xx_HAL_Driver/Src/stm32f7xx_hal.o
 .debug_abbrev  0x00000e1a      0x31e ./Drivers/STM32F7xx_HAL_Driver/Src/stm32f7xx_hal_cortex.o
 .debug_abbrev  0x00001138      0x35a ./Drivers/STM32F7xx_HAL_Driver/Src/stm32f7xx_hal_eth.o
 .debug_abbrev  0x00001492      0x1d4 ./Drivers/STM32F7xx_HAL_Driver/Src/stm32f7xx_hal_gpio.o
 .debug_abbrev  0x00001666      0x2ee ./Drivers/STM32F7xx_HAL_Driver/Src/stm32f7xx_hal_pcd.o
 .debug_abbrev  0x00001954      0x1ca ./Drivers/STM32F7xx_HAL_Driver/Src/stm32f7xx_hal_pcd_ex.o
 .debug_abbrev  0x00001b1e      0x1c5 ./Drivers/STM32F7xx_HAL_Driver/Src/stm32f7xx_hal_pwr.o
 .debug_abbrev  0x00001ce3      0x1d5 ./Drivers/STM32F7xx_HAL_Driver/Src/stm32f7xx_hal_pwr_ex.o
 .debug_abbrev  0x00001eb8      0x288 ./Drivers/STM32F7xx_HAL_Driver/Src/stm32f7xx_hal_rcc.o
 .debug_abbrev  0x00002140      0x1c9 ./Drivers/STM32F7xx_HAL_Driver/Src/stm32f7xx_hal_rcc_ex.o
 .debug_abbrev  0x00002309      0x25f ./Drivers/STM32F7xx_HAL_Driver/Src/stm32f7xx_hal_spi.o
 .debug_abbrev  0x00002568      0x2e6 ./Drivers/STM32F7xx_HAL_Driver/Src/stm32f7xx_hal_uart.o
 .debug_abbrev  0x0000284e      0x293 ./Drivers/STM32F7xx_HAL_Driver/Src/stm32f7xx_ll_usb.o

.debug_aranges  0x00000000     0x1028
 .debug_aranges
                0x00000000       0x48 ./Core/Src/arm.o
 .debug_aranges
                0x00000048       0xa8 ./Core/Src/jtag.o
 .debug_aranges
                0x000000f0       0x98 ./Core/Src/main.o
 .debug_aranges
                0x00000188       0x60 ./Core/Src/stm32f7xx_hal_msp.o
 .debug_aranges
                0x000001e8       0x60 ./Core/Src/stm32f7xx_it.o
 .debug_aranges
                0x00000248       0x28 ./Core/Src/system_stm32f7xx.o
 .debug_aranges
                0x00000270       0x28 ./Core/Startup/startup_stm32f746zgtx.o
 .debug_aranges
                0x00000298      0x100 ./Drivers/STM32F7xx_HAL_Driver/Src/stm32f7xx_hal.o
 .debug_aranges
                0x00000398      0x128 ./Drivers/STM32F7xx_HAL_Driver/Src/stm32f7xx_hal_cortex.o
 .debug_aranges
                0x000004c0      0x1e8 ./Drivers/STM32F7xx_HAL_Driver/Src/stm32f7xx_hal_eth.o
 .debug_aranges
                0x000006a8       0x58 ./Drivers/STM32F7xx_HAL_Driver/Src/stm32f7xx_hal_gpio.o
 .debug_aranges
                0x00000700      0x148 ./Drivers/STM32F7xx_HAL_Driver/Src/stm32f7xx_hal_pcd.o
 .debug_aranges
                0x00000848       0x48 ./Drivers/STM32F7xx_HAL_Driver/Src/stm32f7xx_hal_pcd_ex.o
 .debug_aranges
                0x00000890       0xa0 ./Drivers/STM32F7xx_HAL_Driver/Src/stm32f7xx_hal_pwr.o
 .debug_aranges
                0x00000930       0x80 ./Drivers/STM32F7xx_HAL_Driver/Src/stm32f7xx_hal_pwr_ex.o
 .debug_aranges
                0x000009b0       0x88 ./Drivers/STM32F7xx_HAL_Driver/Src/stm32f7xx_hal_rcc.o
 .debug_aranges
                0x00000a38       0x50 ./Drivers/STM32F7xx_HAL_Driver/Src/stm32f7xx_hal_rcc_ex.o
 .debug_aranges
                0x00000a88      0x1d8 ./Drivers/STM32F7xx_HAL_Driver/Src/stm32f7xx_hal_spi.o
 .debug_aranges
                0x00000c60      0x228 ./Drivers/STM32F7xx_HAL_Driver/Src/stm32f7xx_hal_uart.o
 .debug_aranges
                0x00000e88      0x1a0 ./Drivers/STM32F7xx_HAL_Driver/Src/stm32f7xx_ll_usb.o

.debug_rnglists
                0x00000000      0xc7e
 .debug_rnglists
                0x00000000       0x40 ./Core/Src/arm.o
 .debug_rnglists
                0x00000040       0x7e ./Core/Src/jtag.o
 .debug_rnglists
                0x000000be       0x71 ./Core/Src/main.o
 .debug_rnglists
                0x0000012f       0x47 ./Core/Src/stm32f7xx_hal_msp.o
 .debug_rnglists
                0x00000176       0x43 ./Core/Src/stm32f7xx_it.o
 .debug_rnglists
                0x000001b9       0x1a ./Core/Src/system_stm32f7xx.o
 .debug_rnglists
                0x000001d3       0x19 ./Core/Startup/startup_stm32f746zgtx.o
 .debug_rnglists
                0x000001ec       0xbb ./Drivers/STM32F7xx_HAL_Driver/Src/stm32f7xx_hal.o
 .debug_rnglists
                0x000002a7       0xda ./Drivers/STM32F7xx_HAL_Driver/Src/stm32f7xx_hal_cortex.o
 .debug_rnglists
                0x00000381      0x183 ./Drivers/STM32F7xx_HAL_Driver/Src/stm32f7xx_hal_eth.o
 .debug_rnglists
                0x00000504       0x3f ./Drivers/STM32F7xx_HAL_Driver/Src/stm32f7xx_hal_gpio.o
 .debug_rnglists
                0x00000543       0xfa ./Drivers/STM32F7xx_HAL_Driver/Src/stm32f7xx_hal_pcd.o
 .debug_rnglists
                0x0000063d       0x32 ./Drivers/STM32F7xx_HAL_Driver/Src/stm32f7xx_hal_pcd_ex.o
 .debug_rnglists
                0x0000066f       0x74 ./Drivers/STM32F7xx_HAL_Driver/Src/stm32f7xx_hal_pwr.o
 .debug_rnglists
                0x000006e3       0x5f ./Drivers/STM32F7xx_HAL_Driver/Src/stm32f7xx_hal_pwr_ex.o
 .debug_rnglists
                0x00000742       0x67 ./Drivers/STM32F7xx_HAL_Driver/Src/stm32f7xx_hal_rcc.o
 .debug_rnglists
                0x000007a9       0x3c ./Drivers/STM32F7xx_HAL_Driver/Src/stm32f7xx_hal_rcc_ex.o
 .debug_rnglists
                0x000007e5      0x178 ./Drivers/STM32F7xx_HAL_Driver/Src/stm32f7xx_hal_spi.o
 .debug_rnglists
                0x0000095d      0x1da ./Drivers/STM32F7xx_HAL_Driver/Src/stm32f7xx_hal_uart.o
 .debug_rnglists
                0x00000b37      0x147 ./Drivers/STM32F7xx_HAL_Driver/Src/stm32f7xx_ll_usb.o

.debug_macro    0x00000000    0x27603
 .debug_macro   0x00000000      0x1d6 ./Core/Src/arm.o
 .debug_macro   0x000001d6      0xab4 ./Core/Src/arm.o
 .debug_macro   0x00000c8a       0x22 ./Core/Src/arm.o
 .debug_macro   0x00000cac       0x8e ./Core/Src/arm.o
 .debug_macro   0x00000d3a       0x51 ./Core/Src/arm.o
 .debug_macro   0x00000d8b      0x103 ./Core/Src/arm.o
 .debug_macro   0x00000e8e       0x6a ./Core/Src/arm.o
 .debug_macro   0x00000ef8      0x1df ./Core/Src/arm.o
 .debug_macro   0x000010d7       0x61 ./Core/Src/arm.o
 .debug_macro   0x00001138       0x2a ./Core/Src/arm.o
 .debug_macro   0x00001162       0x43 ./Core/Src/arm.o
 .debug_macro   0x000011a5       0x34 ./Core/Src/arm.o
 .debug_macro   0x000011d9       0x16 ./Core/Src/arm.o
 .debug_macro   0x000011ef       0x9e ./Core/Src/arm.o
 .debug_macro   0x0000128d      0x369 ./Core/Src/arm.o
 .debug_macro   0x000015f6      0x10b ./Core/Src/arm.o
 .debug_macro   0x00001701       0x10 ./Core/Src/arm.o
 .debug_macro   0x00001711       0x16 ./Core/Src/arm.o
 .debug_macro   0x00001727       0x43 ./Core/Src/arm.o
 .debug_macro   0x0000176a       0x34 ./Core/Src/arm.o
 .debug_macro   0x0000179e       0x10 ./Core/Src/arm.o
 .debug_macro   0x000017ae       0x58 ./Core/Src/arm.o
 .debug_macro   0x00001806       0x8e ./Core/Src/arm.o
 .debug_macro   0x00001894       0x1c ./Core/Src/arm.o
 .debug_macro   0x000018b0      0x177 ./Core/Src/arm.o
 .debug_macro   0x00001a27       0x16 ./Core/Src/arm.o
 .debug_macro   0x00001a3d       0x16 ./Core/Src/arm.o
 .debug_macro   0x00001a53      0x146 ./Core/Src/arm.o
 .debug_macro   0x00001b99      0x27a ./Core/Src/jtag.o
 .debug_macro   0x00001e13      0x29f ./Core/Src/jtag.o
 .debug_macro   0x000020b2       0x2e ./Core/Src/jtag.o
 .debug_macro   0x000020e0       0x3b ./Core/Src/jtag.o
 .debug_macro   0x0000211b       0x1c ./Core/Src/jtag.o
 .debug_macro   0x00002137       0x22 ./Core/Src/jtag.o
 .debug_macro   0x00002159       0xd9 ./Core/Src/jtag.o
 .debug_macro   0x00002232     0x12cd ./Core/Src/jtag.o
 .debug_macro   0x000034ff      0x11f ./Core/Src/jtag.o
 .debug_macro   0x0000361e       0x19 ./Core/Src/jtag.o
 .debug_macro   0x00003637    0x19222 ./Core/Src/jtag.o
 .debug_macro   0x0001c859       0x6d ./Core/Src/jtag.o
 .debug_macro   0x0001c8c6     0x375e ./Core/Src/jtag.o
 .debug_macro   0x00020024      0x189 ./Core/Src/jtag.o
 .debug_macro   0x000201ad       0x63 ./Core/Src/jtag.o
 .debug_macro   0x00020210     0x18ad ./Core/Src/jtag.o
 .debug_macro   0x00021abd      0x6c4 ./Core/Src/jtag.o
 .debug_macro   0x00022181      0x185 ./Core/Src/jtag.o
 .debug_macro   0x00022306      0x115 ./Core/Src/jtag.o
 .debug_macro   0x0002241b      0x1fd ./Core/Src/jtag.o
 .debug_macro   0x00022618       0xa5 ./Core/Src/jtag.o
 .debug_macro   0x000226bd      0x24f ./Core/Src/jtag.o
 .debug_macro   0x0002290c       0x41 ./Core/Src/jtag.o
 .debug_macro   0x0002294d       0x58 ./Core/Src/jtag.o
 .debug_macro   0x000229a5      0x236 ./Core/Src/jtag.o
 .debug_macro   0x00022bdb      0xb99 ./Core/Src/jtag.o
 .debug_macro   0x00023774      0x14e ./Core/Src/jtag.o
 .debug_macro   0x000238c2      0x25a ./Core/Src/jtag.o
 .debug_macro   0x00023b1c       0x12 ./Core/Src/jtag.o
 .debug_macro   0x00023b2e      0x22c ./Core/Src/jtag.o
 .debug_macro   0x00023d5a       0x61 ./Core/Src/jtag.o
 .debug_macro   0x00023dbb       0xa5 ./Core/Src/jtag.o
 .debug_macro   0x00023e60      0x12e ./Core/Src/jtag.o
 .debug_macro   0x00023f8e      0x108 ./Core/Src/jtag.o
 .debug_macro   0x00024096       0x35 ./Core/Src/jtag.o
 .debug_macro   0x000240cb      0x2fe ./Core/Src/jtag.o
 .debug_macro   0x000243c9      0x56d ./Core/Src/jtag.o
 .debug_macro   0x00024936       0x44 ./Core/Src/jtag.o
 .debug_macro   0x0002497a      0x2cb ./Core/Src/jtag.o
 .debug_macro   0x00024c45       0xba ./Core/Src/jtag.o
 .debug_macro   0x00024cff      0x14d ./Core/Src/jtag.o
 .debug_macro   0x00024e4c      0x184 ./Core/Src/jtag.o
 .debug_macro   0x00024fd0      0x300 ./Core/Src/main.o
 .debug_macro   0x000252d0       0x10 ./Core/Src/main.o
 .debug_macro   0x000252e0       0x35 ./Core/Src/main.o
 .debug_macro   0x00025315       0x20 ./Core/Src/main.o
 .debug_macro   0x00025335      0x220 ./Core/Src/stm32f7xx_hal_msp.o
 .debug_macro   0x00025555      0x22a ./Core/Src/stm32f7xx_it.o
 .debug_macro   0x0002577f      0x211 ./Core/Src/system_stm32f7xx.o
 .debug_macro   0x00025990      0x235 ./Drivers/STM32F7xx_HAL_Driver/Src/stm32f7xx_hal.o
 .debug_macro   0x00025bc5      0x211 ./Drivers/STM32F7xx_HAL_Driver/Src/stm32f7xx_hal_cortex.o
 .debug_macro   0x00025dd6      0x2eb ./Drivers/STM32F7xx_HAL_Driver/Src/stm32f7xx_hal_eth.o
 .debug_macro   0x000260c1      0x217 ./Drivers/STM32F7xx_HAL_Driver/Src/stm32f7xx_hal_gpio.o
 .debug_macro   0x000262d8      0x21d ./Drivers/STM32F7xx_HAL_Driver/Src/stm32f7xx_hal_pcd.o
 .debug_macro   0x000264f5      0x211 ./Drivers/STM32F7xx_HAL_Driver/Src/stm32f7xx_hal_pcd_ex.o
 .debug_macro   0x00026706      0x22f ./Drivers/STM32F7xx_HAL_Driver/Src/stm32f7xx_hal_pwr.o
 .debug_macro   0x00026935      0x229 ./Drivers/STM32F7xx_HAL_Driver/Src/stm32f7xx_hal_pwr_ex.o
 .debug_macro   0x00026b5e      0x235 ./Drivers/STM32F7xx_HAL_Driver/Src/stm32f7xx_hal_rcc.o
 .debug_macro   0x00026d93      0x211 ./Drivers/STM32F7xx_HAL_Driver/Src/stm32f7xx_hal_rcc_ex.o
 .debug_macro   0x00026fa4      0x220 ./Drivers/STM32F7xx_HAL_Driver/Src/stm32f7xx_hal_spi.o
 .debug_macro   0x000271c4      0x22e ./Drivers/STM32F7xx_HAL_Driver/Src/stm32f7xx_hal_uart.o
 .debug_macro   0x000273f2      0x211 ./Drivers/STM32F7xx_HAL_Driver/Src/stm32f7xx_ll_usb.o

.debug_line     0x00000000    0x13dee
 .debug_line    0x00000000      0x70b ./Core/Src/arm.o
 .debug_line    0x0000070b      0xc3c ./Core/Src/jtag.o
 .debug_line    0x00001347      0xd67 ./Core/Src/main.o
 .debug_line    0x000020ae      0x9bc ./Core/Src/stm32f7xx_hal_msp.o
 .debug_line    0x00002a6a      0x89a ./Core/Src/stm32f7xx_it.o
 .debug_line    0x00003304      0x84b ./Core/Src/system_stm32f7xx.o
 .debug_line    0x00003b4f       0x7a ./Core/Startup/startup_stm32f746zgtx.o
 .debug_line    0x00003bc9      0xafa ./Drivers/STM32F7xx_HAL_Driver/Src/stm32f7xx_hal.o
 .debug_line    0x000046c3      0xd9c ./Drivers/STM32F7xx_HAL_Driver/Src/stm32f7xx_hal_cortex.o
 .debug_line    0x0000545f     0x1ad2 ./Drivers/STM32F7xx_HAL_Driver/Src/stm32f7xx_hal_eth.o
 .debug_line    0x00006f31      0xc80 ./Drivers/STM32F7xx_HAL_Driver/Src/stm32f7xx_hal_gpio.o
 .debug_line    0x00007bb1     0x155b ./Drivers/STM32F7xx_HAL_Driver/Src/stm32f7xx_hal_pcd.o
 .debug_line    0x0000910c      0x8f9 ./Drivers/STM32F7xx_HAL_Driver/Src/stm32f7xx_hal_pcd_ex.o
 .debug_line    0x00009a05      0x9fe ./Drivers/STM32F7xx_HAL_Driver/Src/stm32f7xx_hal_pwr.o
 .debug_line    0x0000a403      0xa7e ./Drivers/STM32F7xx_HAL_Driver/Src/stm32f7xx_hal_pwr_ex.o
 .debug_line    0x0000ae81      0xf2b ./Drivers/STM32F7xx_HAL_Driver/Src/stm32f7xx_hal_rcc.o
 .debug_line    0x0000bdac      0xedf ./Drivers/STM32F7xx_HAL_Driver/Src/stm32f7xx_hal_rcc_ex.o
 .debug_line    0x0000cc8b     0x20ea ./Drivers/STM32F7xx_HAL_Driver/Src/stm32f7xx_hal_spi.o
 .debug_line    0x0000ed75     0x31ea ./Drivers/STM32F7xx_HAL_Driver/Src/stm32f7xx_hal_uart.o
 .debug_line    0x00011f5f     0x1e8f ./Drivers/STM32F7xx_HAL_Driver/Src/stm32f7xx_ll_usb.o

.debug_str      0x00000000    0xf10b3
 .debug_str     0x00000000     0x7b48 ./Core/Src/arm.o
                               0x7d60 (size before relaxing)
 .debug_str     0x00007b48    0xe375b ./Core/Src/jtag.o
                              0xe7d7a (size before relaxing)
 .debug_str     0x000eb2a3     0x141c ./Core/Src/main.o
                              0xebf8e (size before relaxing)
 .debug_str     0x000ec6bf      0x335 ./Core/Src/stm32f7xx_hal_msp.o
                              0xe8c3c (size before relaxing)
 .debug_str     0x000ec9f4       0xc9 ./Core/Src/stm32f7xx_it.o
                              0xe78b2 (size before relaxing)
 .debug_str     0x000ecabd      0x190 ./Core/Src/system_stm32f7xx.o
                              0xe74ad (size before relaxing)
 .debug_str     0x000ecc4d       0x44 ./Core/Startup/startup_stm32f746zgtx.o
                                 0x81 (size before relaxing)
 .debug_str     0x000ecc91      0x9a8 ./Drivers/STM32F7xx_HAL_Driver/Src/stm32f7xx_hal.o
                              0xe7e16 (size before relaxing)
 .debug_str     0x000ed639      0x376 ./Drivers/STM32F7xx_HAL_Driver/Src/stm32f7xx_hal_cortex.o
                              0xe7e33 (size before relaxing)
 .debug_str     0x000ed9af     0x123d ./Drivers/STM32F7xx_HAL_Driver/Src/stm32f7xx_hal_eth.o
                              0xe8ce9 (size before relaxing)
 .debug_str     0x000eebec       0xd7 ./Drivers/STM32F7xx_HAL_Driver/Src/stm32f7xx_hal_gpio.o
                              0xe756b (size before relaxing)
 .debug_str     0x000eecc3      0x81d ./Drivers/STM32F7xx_HAL_Driver/Src/stm32f7xx_hal_pcd.o
                              0xe7ee6 (size before relaxing)
 .debug_str     0x000ef4e0      0x12d ./Drivers/STM32F7xx_HAL_Driver/Src/stm32f7xx_hal_pcd_ex.o
                              0xe77e8 (size before relaxing)
 .debug_str     0x000ef60d      0x2ac ./Drivers/STM32F7xx_HAL_Driver/Src/stm32f7xx_hal_pwr.o
                              0xe774e (size before relaxing)
 .debug_str     0x000ef8b9      0x1bd ./Drivers/STM32F7xx_HAL_Driver/Src/stm32f7xx_hal_pwr_ex.o
                              0xe771c (size before relaxing)
 .debug_str     0x000efa76      0x233 ./Drivers/STM32F7xx_HAL_Driver/Src/stm32f7xx_hal_rcc.o
                              0xe780f (size before relaxing)
 .debug_str     0x000efca9      0x13f ./Drivers/STM32F7xx_HAL_Driver/Src/stm32f7xx_hal_rcc_ex.o
                              0xe7747 (size before relaxing)
 .debug_str     0x000efde8      0x5ce ./Drivers/STM32F7xx_HAL_Driver/Src/stm32f7xx_hal_spi.o
                              0xe7ce7 (size before relaxing)
 .debug_str     0x000f03b6      0x852 ./Drivers/STM32F7xx_HAL_Driver/Src/stm32f7xx_hal_uart.o
                              0xe815c (size before relaxing)
 .debug_str     0x000f0c08      0x4ab ./Drivers/STM32F7xx_HAL_Driver/Src/stm32f7xx_ll_usb.o
                              0xe7dc3 (size before relaxing)

.comment        0x00000000       0x43
 .comment       0x00000000       0x43 ./Core/Src/arm.o
                                 0x44 (size before relaxing)
 .comment       0x00000043       0x44 ./Core/Src/jtag.o
 .comment       0x00000043       0x44 ./Core/Src/main.o
 .comment       0x00000043       0x44 ./Core/Src/stm32f7xx_hal_msp.o
 .comment       0x00000043       0x44 ./Core/Src/stm32f7xx_it.o
 .comment       0x00000043       0x44 ./Core/Src/system_stm32f7xx.o
 .comment       0x00000043       0x44 ./Drivers/STM32F7xx_HAL_Driver/Src/stm32f7xx_hal.o
 .comment       0x00000043       0x44 ./Drivers/STM32F7xx_HAL_Driver/Src/stm32f7xx_hal_cortex.o
 .comment       0x00000043       0x44 ./Drivers/STM32F7xx_HAL_Driver/Src/stm32f7xx_hal_eth.o
 .comment       0x00000043       0x44 ./Drivers/STM32F7xx_HAL_Driver/Src/stm32f7xx_hal_gpio.o
 .comment       0x00000043       0x44 ./Drivers/STM32F7xx_HAL_Driver/Src/stm32f7xx_hal_pcd.o
 .comment       0x00000043       0x44 ./Drivers/STM32F7xx_HAL_Driver/Src/stm32f7xx_hal_pcd_ex.o
 .comment       0x00000043       0x44 ./Drivers/STM32F7xx_HAL_Driver/Src/stm32f7xx_hal_pwr.o
 .comment       0x00000043       0x44 ./Drivers/STM32F7xx_HAL_Driver/Src/stm32f7xx_hal_pwr_ex.o
 .comment       0x00000043       0x44 ./Drivers/STM32F7xx_HAL_Driver/Src/stm32f7xx_hal_rcc.o
 .comment       0x00000043       0x44 ./Drivers/STM32F7xx_HAL_Driver/Src/stm32f7xx_hal_rcc_ex.o
 .comment       0x00000043       0x44 ./Drivers/STM32F7xx_HAL_Driver/Src/stm32f7xx_hal_spi.o
 .comment       0x00000043       0x44 ./Drivers/STM32F7xx_HAL_Driver/Src/stm32f7xx_hal_uart.o
 .comment       0x00000043       0x44 ./Drivers/STM32F7xx_HAL_Driver/Src/stm32f7xx_ll_usb.o

.debug_frame    0x00000000     0x43d8
 .debug_frame   0x00000000      0x10c ./Core/Src/arm.o
 .debug_frame   0x0000010c      0x2c0 ./Core/Src/jtag.o
 .debug_frame   0x000003cc      0x210 ./Core/Src/main.o
 .debug_frame   0x000005dc      0x160 ./Core/Src/stm32f7xx_hal_msp.o
 .debug_frame   0x0000073c      0x104 ./Core/Src/stm32f7xx_it.o
 .debug_frame   0x00000840       0x58 ./Core/Src/system_stm32f7xx.o
 .debug_frame   0x00000898      0x3b4 ./Drivers/STM32F7xx_HAL_Driver/Src/stm32f7xx_hal.o
 .debug_frame   0x00000c4c      0x4e8 ./Drivers/STM32F7xx_HAL_Driver/Src/stm32f7xx_hal_cortex.o
 .debug_frame   0x00001134      0x8c0 ./Drivers/STM32F7xx_HAL_Driver/Src/stm32f7xx_hal_eth.o
 .debug_frame   0x000019f4      0x14c ./Drivers/STM32F7xx_HAL_Driver/Src/stm32f7xx_hal_gpio.o
 .debug_frame   0x00001b40      0x5b8 ./Drivers/STM32F7xx_HAL_Driver/Src/stm32f7xx_hal_pcd.o
 .debug_frame   0x000020f8      0x100 ./Drivers/STM32F7xx_HAL_Driver/Src/stm32f7xx_hal_pcd_ex.o
 .debug_frame   0x000021f8      0x254 ./Drivers/STM32F7xx_HAL_Driver/Src/stm32f7xx_hal_pwr.o
 .debug_frame   0x0000244c      0x1c8 ./Drivers/STM32F7xx_HAL_Driver/Src/stm32f7xx_hal_pwr_ex.o
 .debug_frame   0x00002614      0x1f8 ./Drivers/STM32F7xx_HAL_Driver/Src/stm32f7xx_hal_rcc.o
 .debug_frame   0x0000280c      0x118 ./Drivers/STM32F7xx_HAL_Driver/Src/stm32f7xx_hal_rcc_ex.o
 .debug_frame   0x00002924      0x860 ./Drivers/STM32F7xx_HAL_Driver/Src/stm32f7xx_hal_spi.o
 .debug_frame   0x00003184      0x9e8 ./Drivers/STM32F7xx_HAL_Driver/Src/stm32f7xx_hal_uart.o
 .debug_frame   0x00003b6c      0x7c0 ./Drivers/STM32F7xx_HAL_Driver/Src/stm32f7xx_ll_usb.o
 .debug_frame   0x0000432c       0x20 C:/ST/STM32CubeIDE_1.15.1/STM32CubeIDE/plugins/com.st.stm32cube.ide.mcu.externaltools.gnu-tools-for-stm32.12.3.rel1.win32_1.0.100.202403111256/tools/bin/../lib/gcc/arm-none-eabi/12.3.1/../../../../arm-none-eabi/lib/thumb/v7e-m+fp/hard\libc_nano.a(libc_a-memset.o)
 .debug_frame   0x0000434c       0x2c C:/ST/STM32CubeIDE_1.15.1/STM32CubeIDE/plugins/com.st.stm32cube.ide.mcu.externaltools.gnu-tools-for-stm32.12.3.rel1.win32_1.0.100.202403111256/tools/bin/../lib/gcc/arm-none-eabi/12.3.1/../../../../arm-none-eabi/lib/thumb/v7e-m+fp/hard\libc_nano.a(libc_a-init.o)
 .debug_frame   0x00004378       0x2c C:/ST/STM32CubeIDE_1.15.1/STM32CubeIDE/plugins/com.st.stm32cube.ide.mcu.externaltools.gnu-tools-for-stm32.12.3.rel1.win32_1.0.100.202403111256/tools/bin/../lib/gcc/arm-none-eabi/12.3.1/thumb/v7e-m+fp/hard\libgcc.a(_aeabi_uldivmod.o)
 .debug_frame   0x000043a4       0x34 C:/ST/STM32CubeIDE_1.15.1/STM32CubeIDE/plugins/com.st.stm32cube.ide.mcu.externaltools.gnu-tools-for-stm32.12.3.rel1.win32_1.0.100.202403111256/tools/bin/../lib/gcc/arm-none-eabi/12.3.1/thumb/v7e-m+fp/hard\libgcc.a(_udivmoddi4.o)

.debug_line_str
                0x00000000       0x65
 .debug_line_str
                0x00000000       0x65 ./Core/Startup/startup_stm32f746zgtx.o
