../Core/Inc/DAP_config.h:166:25:DAP_GetVendorString	16	static
../Core/Inc/DAP_config.h:175:25:DAP_GetProductString	16	static
../Core/Inc/DAP_config.h:184:25:DAP_GetSerNumString	16	static
../Core/Inc/DAP_config.h:193:25:DAP_GetTargetDeviceVendorString	16	static
../Core/Inc/DAP_config.h:210:25:DAP_GetTargetDeviceNameString	16	static
../Core/Inc/DAP_config.h:227:25:DAP_GetTargetBoardVendorString	16	static
../Core/Inc/DAP_config.h:244:25:DAP_GetTargetBoardNameString	16	static
../Core/Inc/DAP_config.h:261:25:DAP_GetProductFirmwareVersionString	16	static
../Core/Inc/DAP_config.h:329:22:PORT_OFF	4	static
../Core/Inc/DAP_config.h:339:17:PIN_SWCLK_TCK_IN	4	static
../Core/Inc/DAP_config.h:346:17:PIN_SWCLK_TCK_SET	4	static
../Core/Inc/DAP_config.h:353:17:PIN_SWCLK_TCK_CLR	4	static
../Core/Inc/DAP_config.h:363:17:PIN_SWDIO_TMS_IN	4	static
../Core/Inc/DAP_config.h:370:17:PIN_SWDIO_TMS_SET	4	static
../Core/Inc/DAP_config.h:377:17:PIN_SWDIO_TMS_CLR	4	static
../Core/Inc/DAP_config.h:384:17:PIN_SWDIO_IN	4	static
../Core/Inc/DAP_config.h:391:17:PIN_SWDIO_OUT	16	static
../Core/Inc/DAP_config.h:399:17:PIN_SWDIO_OUT_ENABLE	4	static
../Core/Inc/DAP_config.h:407:17:PIN_SWDIO_OUT_DISABLE	4	static
../Core/Inc/DAP_config.h:417:17:PIN_TDI_IN	4	static
../Core/Inc/DAP_config.h:424:17:PIN_TDI_OUT	16	static
../Core/Inc/DAP_config.h:434:17:PIN_TDO_IN	4	static
../Core/Inc/DAP_config.h:444:17:PIN_nTRST_IN	4	static
../Core/Inc/DAP_config.h:453:17:PIN_nTRST_OUT	16	static
../Core/Inc/DAP_config.h:465:17:PIN_nRESET_IN	8	static
../Core/Inc/DAP_config.h:476:17:PIN_nRESET_OUT	16	static
../Core/Inc/DAP_config.h:510:22:LED_CONNECTED_OUT	16	static
../Core/Inc/DAP_config.h:528:22:LED_RUNNING_OUT	16	static
../Core/Inc/DAP_config.h:559:26:TIMESTAMP_GET	4	static
../Core/Inc/DAP_config.h:583:22:DAP_SETUP	4	static
../Core/Inc/DAP_config.h:594:25:RESET_TARGET	4	static
../Core/Src/DAP.c:61:13:Set_Clock_Delay	24	static
../Core/Src/DAP.c:87:16:DAP_Info	24	static
../Core/Src/DAP.c:187:6:Delayms	24	static,ignoring_inline_asm
../Core/Src/DAP.c:198:17:DAP_Delay	24	static,ignoring_inline_asm
../Core/Src/DAP.c:217:17:DAP_HostStatus	16	static
../Core/Src/DAP.c:241:17:DAP_Connect	40	static
../Core/Src/DAP.c:319:17:DAP_Disconnect	16	static
../Core/Src/DAP.c:332:17:DAP_ResetTarget	24	static
../Core/Src/DAP.c:345:17:DAP_SWJ_Pins	40	static
../Core/Src/DAP.c:448:17:DAP_SWJ_Clock	24	static
../Core/Src/DAP.c:479:17:DAP_SWJ_Sequence	24	static
../Core/Src/DAP.c:505:17:DAP_SWD_Configure	24	static
../Core/Src/DAP.c:527:17:DAP_SWD_Sequence	40	static
../Core/Src/DAP.c:582:17:DAP_JTAG_Sequence	32	static
../Core/Src/DAP.c:611:17:DAP_JTAG_Configure	32	static
../Core/Src/DAP.c:648:17:DAP_JTAG_IDCode	24	static
../Core/Src/DAP.c:689:17:DAP_TransferConfigure	16	static
../Core/Src/DAP.c:708:17:DAP_SWD_Transfer	72	static
../Core/Src/DAP.c:979:17:DAP_JTAG_Transfer	72	static
../Core/Src/DAP.c:1255:17:DAP_Dummy_Transfer	32	static
../Core/Src/DAP.c:1294:17:DAP_Transfer	24	static
../Core/Src/DAP.c:1322:17:DAP_SWD_TransferBlock	48	static
../Core/Src/DAP.c:1421:17:DAP_JTAG_TransferBlock	48	static
../Core/Src/DAP.c:1534:17:DAP_TransferBlock	24	static
../Core/Src/DAP.c:1573:17:DAP_SWD_WriteAbort	24	static
../Core/Src/DAP.c:1596:17:DAP_JTAG_WriteAbort	24	static
../Core/Src/DAP.c:1629:17:DAP_WriteAbort	24	static
../Core/Src/DAP.c:1658:17:DAP_ProcessVendorCommand	16	static
../Core/Src/DAP.c:1670:10:DAP_ProcessCommand	24	static
../Core/Src/DAP.c:1801:10:DAP_ExecuteCommand	32	static
../Core/Src/DAP.c:1823:6:DAP_Setup	8	static
