../Core/Inc/DAP_config.h:339:17:PIN_SWCLK_TCK_IN	4	static
../Core/Inc/DAP_config.h:346:17:PIN_SWCLK_TCK_SET	4	static
../Core/Inc/DAP_config.h:353:17:PIN_SWCLK_TCK_CLR	4	static
../Core/Inc/DAP_config.h:363:17:PIN_SWDIO_TMS_IN	8	static
../Core/Inc/DAP_config.h:371:17:PIN_SWDIO_TMS_SET	8	static
../Core/Inc/DAP_config.h:378:17:PIN_SWDIO_TMS_CLR	8	static
../Core/Inc/DAP_config.h:385:17:PIN_SWDIO_IN	4	static
../Core/Inc/DAP_config.h:392:17:PIN_SWDIO_OUT	16	static
../Core/Inc/DAP_config.h:400:17:PIN_SWDIO_OUT_ENABLE	4	static
../Core/Inc/DAP_config.h:408:17:PIN_SWDIO_OUT_DISABLE	4	static
../Core/Inc/DAP_config.h:418:17:PIN_TDI_IN	4	static
../Core/Inc/DAP_config.h:425:17:PIN_TDI_OUT	16	static
../Core/Inc/DAP_config.h:435:17:PIN_TDO_IN	4	static
../Core/Inc/DAP_config.h:445:17:PIN_nTRST_IN	4	static
../Core/Inc/DAP_config.h:454:17:PIN_nTRST_OUT	16	static
../Core/Inc/DAP_config.h:463:17:PIN_nRESET_IN	4	static
../Core/Inc/DAP_config.h:472:17:PIN_nRESET_OUT	16	static
../Core/Inc/DAP_config.h:524:26:TIMESTAMP_GET	4	static
../Core/Src/JTAG_DP.c:42:6:copy_bits_lsb	48	static
../Core/Src/JTAG_DP.c:67:10:extract_nbits_lsb	40	static
../Core/Src/JTAG_DP.c:100:6:write_nbits_lsb	40	static
../Core/Src/JTAG_DP.c:121:6:fill_tms_buffer	24	static
../Core/Src/JTAG_DP.c:146:6:fill_tdi_buffer	24	static
../Core/Src/JTAG_DP.c:170:6:calculate_xfer_sizes	24	static
../Core/Src/JTAG_DP.c:197:6:apply_jtag_xfer	144	static,ignoring_inline_asm
../Core/Src/JTAG_DP.c:286:6:shift_right_bitstream_lsb	72	static
../Core/Src/JTAG_DP.c:364:10:JTAG_Sequence	80	static
../Core/Src/JTAG_DP.c:520:13:JTAG_IR_Benim	152	static
../Core/Src/JTAG_DP.c:679:1:JTAG_IR_Fast	24	static
../Core/Src/JTAG_DP.c:680:1:JTAG_TransferFast	32	static
../Core/Src/JTAG_DP.c:684:1:JTAG_IR_Slow	120	static,ignoring_inline_asm
../Core/Src/JTAG_DP.c:685:1:JTAG_TransferSlow	200	static,ignoring_inline_asm
../Core/Src/JTAG_DP.c:690:10:JTAG_ReadIDCode	88	static,ignoring_inline_asm
../Core/Src/JTAG_DP.c:726:6:JTAG_WriteAbort	136	static,ignoring_inline_asm
../Core/Src/JTAG_DP.c:771:6:JTAG_IR	16	static
../Core/Src/JTAG_DP.c:784:10:JTAG_Transfer	16	static
