../Core/Src/jtag.c:24:6:JTAG_GPIO_Write	16	static
../Core/Src/jtag.c:28:6:JTAG_Reset_Target	8	static
../Core/Src/jtag.c:41:6:JTAG_Delay_ns	16	static
../Core/Src/jtag.c:58:6:JTAG_Init	24	static
../Core/Src/jtag.c:73:6:JTAG_Reset	8	static
../Core/Src/jtag.c:87:5:JTAG_ShiftIRSPI_BypassOthers	144	static
../Core/Src/jtag.c:123:10:JTAG_ShiftIRSPI	192	static
../Core/Src/jtag.c:189:5:JTAG_ShiftDR_SPI_ByPassed	72	static
../Core/Src/jtag.c:225:6:JTAG_ShiftDR_SPI	192	static
../Core/Src/jtag.c:297:10:JTAG_ReadIDCODE	24	static
../Core/Src/jtag.c:334:9:JTAG_MeasureIRLength	32	static
