../Core/Src/jtag.c:24:6:JTAG_GPIO_Write	16	static
../Core/Src/jtag.c:28:6:JTAG_Reset_Target	8	static
../Core/Src/jtag.c:41:6:JTAG_Delay_ns	16	static
../Core/Src/jtag.c:60:6:JTAG_Init	24	static
../Core/Src/jtag.c:75:6:JTAG_Reset	8	static
../Core/Src/jtag.c:89:5:JTAG_ShiftIRSPI_BypassOthers	144	static
../Core/Src/jtag.c:125:10:JTAG_ShiftIRSPI	224	static
../Core/Src/jtag.c:191:5:JTAG_ShiftDR_SPI_ByPassed	72	static
../Core/Src/jtag.c:227:6:JTAG_ShiftDR_SPI	224	static
../Core/Src/jtag.c:299:10:JTAG_ReadIDCODE	24	static
../Core/Src/jtag.c:336:9:JTAG_MeasureIRLength	32	static
