../Core/Src/main.c:100:5:main	64	static
../Core/Src/main.c:280:6:SystemClock_Config	88	static
../Core/Src/main.c:337:13:MX_ETH_Init	8	static
../Core/Src/main.c:386:13:MX_SPI1_Init	8	static
../Core/Src/main.c:426:13:MX_SPI4_Init	8	static
../Core/Src/main.c:465:13:MX_USART3_UART_Init	8	static
../Core/Src/main.c:500:13:MX_USB_OTG_FS_PCD_Init	8	static
../Core/Src/main.c:535:13:MX_GPIO_Init	56	static
../Core/Src/main.c:632:6:Switch_SPI	4	static
../Core/Src/main.c:650:6:Switch_GPIO	4	static
../Core/Src/main.c:659:20:WaitForStart	4	static
../Core/Src/main.c:664:20:WaitForComplete	4	static
../Core/Src/main.c:669:20:xFer	24	static
../Core/Src/main.c:690:6:SPI_TMS_Transfer	24	static
../Core/Src/main.c:710:5:SPI_Transfer	48	static
../Core/Src/main.c:804:6:Error_Handler	4	static,ignoring_inline_asm
