../Core/Src/main.c:105:5:main	72	static
../Core/Src/main.c:261:6:SystemClock_Config	88	static
../Core/Src/main.c:318:13:MX_ETH_Init	8	static
../Core/Src/main.c:367:13:MX_SPI1_Init	8	static
../Core/Src/main.c:407:13:MX_SPI4_Init	8	static
../Core/Src/main.c:446:13:MX_USART3_UART_Init	8	static
../Core/Src/main.c:481:13:MX_GPIO_Init	56	static
../Core/Src/main.c:578:6:Switch_SPI	4	static
../Core/Src/main.c:596:6:Switch_GPIO	4	static
../Core/Src/main.c:605:20:WaitForStart	4	static
../Core/Src/main.c:610:20:WaitForComplete	4	static
../Core/Src/main.c:615:20:xFer	24	static
../Core/Src/main.c:636:6:SPI_TMS_Transfer	24	static
../Core/Src/main.c:656:5:SPI_Transfer	48	static
../Core/Src/main.c:750:6:Error_Handler	4	static,ignoring_inline_asm
