../Core/Inc/DAP_config.h:339:17:PIN_SWCLK_TCK_IN	4	static
../Core/Inc/DAP_config.h:346:17:PIN_SWCLK_TCK_SET	4	static
../Core/Inc/DAP_config.h:353:17:PIN_SWCLK_TCK_CLR	4	static
../Core/Inc/DAP_config.h:363:17:PIN_SWDIO_TMS_IN	4	static
../Core/Inc/DAP_config.h:370:17:PIN_SWDIO_TMS_SET	4	static
../Core/Inc/DAP_config.h:377:17:PIN_SWDIO_TMS_CLR	4	static
../Core/Inc/DAP_config.h:384:17:PIN_SWDIO_IN	4	static
../Core/Inc/DAP_config.h:391:17:PIN_SWDIO_OUT	16	static
../Core/Inc/DAP_config.h:399:17:PIN_SWDIO_OUT_ENABLE	4	static
../Core/Inc/DAP_config.h:407:17:PIN_SWDIO_OUT_DISABLE	4	static
../Core/Inc/DAP_config.h:417:17:PIN_TDI_IN	4	static
../Core/Inc/DAP_config.h:424:17:PIN_TDI_OUT	16	static
../Core/Inc/DAP_config.h:434:17:PIN_TDO_IN	4	static
../Core/Inc/DAP_config.h:444:17:PIN_nTRST_IN	4	static
../Core/Inc/DAP_config.h:453:17:PIN_nTRST_OUT	16	static
../Core/Inc/DAP_config.h:465:17:PIN_nRESET_IN	8	static
../Core/Inc/DAP_config.h:476:17:PIN_nRESET_OUT	16	static
../Core/Inc/DAP_config.h:559:26:TIMESTAMP_GET	4	static
../Core/Src/SW_DP.c:72:6:SWJ_Sequence	96	static,ignoring_inline_asm
../Core/Src/SW_DP.c:158:6:SWD_Sequence	56	static,ignoring_inline_asm
../Core/Src/SW_DP.c:201:9:generate_even_parity	24	static
../Core/Src/SW_DP.c:217:9:check_even_parity	24	static
../Core/Src/SW_DP.c:237:9:SWD_Transfer_LL	96	static,ignoring_inline_asm
../Core/Src/SW_DP.c:502:10:SWD_Transfer	16	static
